Archive member included to satisfy reference by file (symbol)

C:/Program Files/SEGGER/SEGGER Embedded Studio for ARM 4.22/lib/libc_v7em_fpv4_sp_d16_hard_t_le_eabi.a(libc_asm.o)
                              Output/spi_pca10056 Debug/Obj/bsp.o (__aeabi_uldivmod)
C:/Program Files/SEGGER/SEGGER Embedded Studio for ARM 4.22/lib/libc_v7em_fpv4_sp_d16_hard_t_le_eabi.a(libc2.o)
                              Output/spi_pca10056 Debug/Obj/nrf_log_str_formatter.o (isprint)
C:/Program Files/SEGGER/SEGGER Embedded Studio for ARM 4.22/lib/libc_v7em_fpv4_sp_d16_hard_t_le_eabi.a(libc2_asm.o)
                              Output/spi_pca10056 Debug/Obj/nrf_log_frontend.o (memcpy)
C:/Program Files/SEGGER/SEGGER Embedded Studio for ARM 4.22/lib/libc_v7em_fpv4_sp_d16_hard_t_le_eabi.a(libc.o)
                              C:/Program Files/SEGGER/SEGGER Embedded Studio for ARM 4.22/lib/libc_v7em_fpv4_sp_d16_hard_t_le_eabi.a(libc2.o) (__heap_lock)
C:/Program Files/SEGGER/SEGGER Embedded Studio for ARM 4.22/lib/libdebugio_v7em_fpv4_sp_d16_hard_t_le_eabi.a(libdebugio.o)
                              Output/spi_pca10056 Debug/Obj/thumb_crt0.o (debug_fopen)
C:/Program Files/SEGGER/SEGGER Embedded Studio for ARM 4.22/lib/libdebugio_mempoll_v7em_fpv4_sp_d16_hard_t_le_eabi.a(mempoll_debug_operations.o)
                              C:/Program Files/SEGGER/SEGGER Embedded Studio for ARM 4.22/lib/libdebugio_v7em_fpv4_sp_d16_hard_t_le_eabi.a(libdebugio.o) (__do_debug_operation)
C:/Program Files/SEGGER/SEGGER Embedded Studio for ARM 4.22/lib/libdebugio_mempoll_v7em_fpv4_sp_d16_hard_t_le_eabi.a(do_nv_debug_operation.o)
                              C:/Program Files/SEGGER/SEGGER Embedded Studio for ARM 4.22/lib/libdebugio_v7em_fpv4_sp_d16_hard_t_le_eabi.a(libdebugio.o) (__do_nvdebug_operation)
C:/Program Files/SEGGER/SEGGER Embedded Studio for ARM 4.22/lib/libm_v7em_fpv4_sp_d16_hard_t_le_eabi.a(libm_asm.o)
                              C:/Program Files/SEGGER/SEGGER Embedded Studio for ARM 4.22/lib/libc_v7em_fpv4_sp_d16_hard_t_le_eabi.a(libc2.o) (__aeabi_i2d)
C:/Program Files/SEGGER/SEGGER Embedded Studio for ARM 4.22/lib/libm_v7em_fpv4_sp_d16_hard_t_le_eabi.a(libm2.o)
                              C:/Program Files/SEGGER/SEGGER Embedded Studio for ARM 4.22/lib/libvfprintf_v7em_fpv4_sp_d16_hard_t_le_eabi.o (frexp)
C:/Program Files/SEGGER/SEGGER Embedded Studio for ARM 4.22/lib/libm_v7em_fpv4_sp_d16_hard_t_le_eabi.a(libm2_asm.o)
                              C:/Program Files/SEGGER/SEGGER Embedded Studio for ARM 4.22/lib/libm_v7em_fpv4_sp_d16_hard_t_le_eabi.a(libm2.o) (fabs)

Discarded input sections

 .text          0x0000000000000000        0x0 Output/spi_pca10056 Debug/Obj/thumb_crt0.o
 .data          0x0000000000000000        0x0 Output/spi_pca10056 Debug/Obj/thumb_crt0.o
 .bss           0x0000000000000000        0x0 Output/spi_pca10056 Debug/Obj/thumb_crt0.o
 .text.__aeabi_read_tp
                0x0000000000000000        0x8 Output/spi_pca10056 Debug/Obj/thumb_crt0.o
 .text.abort    0x0000000000000000        0x2 Output/spi_pca10056 Debug/Obj/thumb_crt0.o
 .text.__assert
                0x0000000000000000        0x2 Output/spi_pca10056 Debug/Obj/thumb_crt0.o
 .text.__aeabi_assert
                0x0000000000000000        0x2 Output/spi_pca10056 Debug/Obj/thumb_crt0.o
 .text.__sync_synchronize
                0x0000000000000000        0x2 Output/spi_pca10056 Debug/Obj/thumb_crt0.o
 .text.__getchar
                0x0000000000000000        0x4 Output/spi_pca10056 Debug/Obj/thumb_crt0.o
 .text.__putchar
                0x0000000000000000        0x4 Output/spi_pca10056 Debug/Obj/thumb_crt0.o
 .text.__open   0x0000000000000000        0x4 Output/spi_pca10056 Debug/Obj/thumb_crt0.o
 .text.__close  0x0000000000000000        0x4 Output/spi_pca10056 Debug/Obj/thumb_crt0.o
 .text.__write  0x0000000000000000        0xa Output/spi_pca10056 Debug/Obj/thumb_crt0.o
 .text.__read   0x0000000000000000        0xa Output/spi_pca10056 Debug/Obj/thumb_crt0.o
 .text.__seek   0x0000000000000000       0x1a Output/spi_pca10056 Debug/Obj/thumb_crt0.o
 .bss.__user_locale_name_buffer
                0x0000000000000000        0x4 Output/spi_pca10056 Debug/Obj/thumb_crt0.o
 .stack         0x0000000000000000        0x0 Output/spi_pca10056 Debug/Obj/thumb_crt0.o
 .stack_process
                0x0000000000000000        0x0 Output/spi_pca10056 Debug/Obj/thumb_crt0.o
 .heap          0x0000000000000000        0x0 Output/spi_pca10056 Debug/Obj/thumb_crt0.o
 .group         0x0000000000000000        0xc Output/spi_pca10056 Debug/Obj/nrf_log_backend_rtt.o
 .group         0x0000000000000000        0xc Output/spi_pca10056 Debug/Obj/nrf_log_backend_rtt.o
 .group         0x0000000000000000        0xc Output/spi_pca10056 Debug/Obj/nrf_log_backend_rtt.o
 .group         0x0000000000000000        0xc Output/spi_pca10056 Debug/Obj/nrf_log_backend_rtt.o
 .group         0x0000000000000000        0xc Output/spi_pca10056 Debug/Obj/nrf_log_backend_rtt.o
[...]
Memory Configuration

Name             Origin             Length             Attributes
UNPLACED_SECTIONS 0x0000000100000000 0x0000000000000000 xw
RAM              0x0000000020000000 0x0000000000040000 xw
FLASH            0x0000000000000000 0x0000000000100000 xw
*default*        0x0000000000000000 0xffffffffffffffff

Linker script and memory map

                0x0000000000000000                __vfprintf = __vfprintf_long
                0x0000000000000000                __vfscanf = __vfscanf_long
                0x0000000020000000                __RAM_segment_start__ = 0x20000000
                0x0000000020040000                __RAM_segment_end__ = 0x20040000
                0x0000000000040000                __RAM_segment_size__ = 0x40000
                0x0000000000000000                __FLASH_segment_start__ = 0x0
                0x0000000000100000                __FLASH_segment_end__ = 0x100000
                0x0000000000100000                __FLASH_segment_size__ = 0x100000
                0x0000000000002000                __HEAPSIZE__ = 0x2000
                0x0000000000000000                __STACKSIZE_PROCESS__ = 0x0
                0x0000000000002000                __STACKSIZE__ = 0x2000
                0x0000000020000000                __vectors_ram_load_start__ = 0x20000000

.vectors_ram    0x0000000020000000        0x0
                0x0000000020000000                __vectors_ram_start__ = .
                0x0000000020000000                __app_ram_start__ = __vectors_ram_start__
 *(.vectors_ram .vectors_ram.*)
                0x0000000020000000                __vectors_ram_end__ = (__vectors_ram_start__ + SIZEOF (.vectors_ram))
                0x0000000000000000                __vectors_ram_size__ = SIZEOF (.vectors_ram)
                0x0000000020000000                __vectors_ram_load_end__ = __vectors_ram_end__
                0x0000000000000001                . = ASSERT (((__vectors_ram_start__ == __vectors_ram_end__) || ((__vectors_ram_end__ - __RAM_segment_start__) <= __RAM_segment_size__)), error: .vectors_ram is too large to fit in RAM memory segment)
                0x0000000020000000                __nrf_sections_run_load_start__ = ALIGN (__vectors_ram_end__, 0x4)

.nrf_sections_run
                0x0000000020000000        0x0
                0x0000000020000000                __nrf_sections_run_start__ = .
                0x0000000020000000                __start_nrf_sections_run = __nrf_sections_run_start__
 *(.nrf_sections_run .nrf_sections_run.*)
                0x0000000020000000                __nrf_sections_run_end__ = (__nrf_sections_run_start__ + SIZEOF (.nrf_sections_run))
                0x0000000000000000                __nrf_sections_run_size__ = SIZEOF (.nrf_sections_run)
                0x0000000020000000                __nrf_sections_run_load_end__ = __nrf_sections_run_end__
                0x0000000000000001                . = ASSERT (((__nrf_sections_run_start__ == __nrf_sections_run_end__) || ((__nrf_sections_run_end__ - __RAM_segment_start__) <= __RAM_segment_size__)), error: .nrf_sections_run is too large to fit in RAM memory segment)
                0x0000000000000000                __vectors_load_start__ = 0x0

.vectors        0x0000000000000000      0x200
                0x0000000000000000                __vectors_start__ = .
 *(.vectors .vectors.*)
 .vectors       0x0000000000000000      0x200 Output/spi_pca10056 Debug/Obj/ses_startup_nrf52840.o
                0x0000000000000000                _vectors
                0x0000000000000200                __vectors_end__ = (__vectors_start__ + SIZEOF (.vectors))
                0x0000000000000200                __vectors_size__ = SIZEOF (.vectors)
                0x0000000000000200                __vectors_load_end__ = __vectors_end__
                0x0000000000000001                . = ASSERT (((__vectors_start__ == __vectors_end__) || ((__vectors_end__ - __FLASH_segment_start__) <= __FLASH_segment_size__)), error: .vectors is too large to fit in FLASH memory segment)
                0x0000000000000200                __init_load_start__ = ALIGN (__vectors_end__, 0x4)

.init           0x0000000000000200      0x1d0
                0x0000000000000200                __init_start__ = .
 *(.init .init.*)
 .init          0x0000000000000200      0x15c Output/spi_pca10056 Debug/Obj/thumb_crt0.o
                0x0000000000000200                _start
                0x00000000000002b4                exit
 .init          0x000000000000035c       0x18 Output/spi_pca10056 Debug/Obj/ses_startup_nrf52840.o
                0x000000000000035c                NMI_Handler
                0x000000000000035e                HardFault_Handler
                0x0000000000000360                MemoryManagement_Handler
                0x0000000000000362                BusFault_Handler
                0x0000000000000364                UsageFault_Handler
                0x0000000000000366                SVC_Handler
                0x0000000000000368                DebugMon_Handler
                0x000000000000036a                PendSV_Handler
                0x000000000000036c                SysTick_Handler
                0x000000000000036e                PWM1_IRQHandler
                0x000000000000036e                RTC0_IRQHandler
                0x000000000000036e                POWER_CLOCK_IRQHandler
                0x000000000000036e                RADIO_IRQHandler
                0x000000000000036e                PDM_IRQHandler
                0x000000000000036e                TEMP_IRQHandler
                0x000000000000036e                QDEC_IRQHandler
                0x000000000000036e                TIMER3_IRQHandler
                0x000000000000036e                PWM3_IRQHandler
                0x000000000000036e                FPU_IRQHandler
                0x000000000000036e                USBD_IRQHandler
                0x000000000000036e                QSPI_IRQHandler
                0x000000000000036e                TIMER4_IRQHandler
                0x000000000000036e                CRYPTOCELL_IRQHandler
                0x000000000000036e                SWI2_EGU2_IRQHandler
                0x000000000000036e                SWI4_EGU4_IRQHandler
                0x000000000000036e                TIMER0_IRQHandler
                0x000000000000036e                UARTE1_IRQHandler
                0x000000000000036e                Dummy_Handler
                0x000000000000036e                TIMER1_IRQHandler
                0x000000000000036e                SPIM3_IRQHandler
                0x000000000000036e                PWM2_IRQHandler
                0x000000000000036e                ECB_IRQHandler
                0x000000000000036e                SPIM1_SPIS1_TWIM1_TWIS1_SPI1_TWI1_IRQHandler
                0x000000000000036e                SAADC_IRQHandler
                0x000000000000036e                CCM_AAR_IRQHandler
                0x000000000000036e                WDT_IRQHandler
                0x000000000000036e                SWI0_EGU0_IRQHandler
                0x000000000000036e                SWI5_EGU5_IRQHandler
                0x000000000000036e                RNG_IRQHandler
                0x000000000000036e                RTC2_IRQHandler
                0x000000000000036e                PWM0_IRQHandler
                0x000000000000036e                SWI3_EGU3_IRQHandler
                0x000000000000036e                SWI1_EGU1_IRQHandler
                0x000000000000036e                SPIM2_SPIS2_SPI2_IRQHandler
                0x000000000000036e                NFCT_IRQHandler
                0x000000000000036e                I2S_IRQHandler
                0x000000000000036e                MWU_IRQHandler
                0x000000000000036e                TIMER2_IRQHandler
                0x000000000000036e                COMP_LPCOMP_IRQHandler
                0x0000000000000370                nRFInitialize
 .init          0x0000000000000374       0x5c Output/spi_pca10056 Debug/Obj/ses_startup_nrf_common.o
                0x0000000000000374                Reset_Handler
                0x0000000000000378                afterInitialize
                0x000000000000039c                InitializeUserMemorySections
                0x00000000000003d0                __init_end__ = (__init_start__ + SIZEOF (.init))
                0x00000000000001d0                __init_size__ = SIZEOF (.init)
                0x00000000000003d0                __init_load_end__ = __init_end__
                0x0000000000000001                . = ASSERT (((__init_start__ == __init_end__) || ((__init_end__ - __FLASH_segment_start__) <= __FLASH_segment_size__)), error: .init is too large to fit in FLASH memory segment)
                0x00000000000003d0                __init_rodata_load_start__ = ALIGN (__init_end__, 0x4)

.init_rodata    0x00000000000003d0        0x0
                0x00000000000003d0                __init_rodata_start__ = .
 *(.init_rodata .init_rodata.*)
                0x00000000000003d0                __init_rodata_end__ = (__init_rodata_start__ + SIZEOF (.init_rodata))
                0x0000000000000000                __init_rodata_size__ = SIZEOF (.init_rodata)
                0x00000000000003d0                __init_rodata_load_end__ = __init_rodata_end__
                0x0000000000000001                . = ASSERT (((__init_rodata_start__ == __init_rodata_end__) || ((__init_rodata_end__ - __FLASH_segment_start__) <= __FLASH_segment_size__)), error: .init_rodata is too large to fit in FLASH memory segment)
                0x00000000000003d0                __text_load_start__ = ALIGN (__init_rodata_end__, 0x4)

.text           0x00000000000003d0     0x5ba6
                0x00000000000003d0                __text_start__ = .
 *(.text .text.* .glue_7t .glue_7 .gnu.linkonce.t.* .gcc_except_table .ARM.extab* .gnu.linkonce.armextab.*)
 .glue_7        0x00000000000003d0        0x0 linker stubs
 .glue_7t       0x00000000000003d0        0x0 linker stubs
 .text.nrf_log_backend_serial_put
                0x00000000000003d0      0x124 Output/spi_pca10056 Debug/Obj/nrf_log_backend_serial.o
                0x00000000000003d0                nrf_log_backend_serial_put
 .text.nrf_drv_uart_uninit
                0x00000000000004f4       0x44 Output/spi_pca10056 Debug/Obj/nrf_log_backend_uart.o
 .text.nrf_drv_uart_tx
                0x0000000000000538       0x64 Output/spi_pca10056 Debug/Obj/nrf_log_backend_uart.o
 .text.uart_evt_handler
                0x000000000000059c       0x18 Output/spi_pca10056 Debug/Obj/nrf_log_backend_uart.o
 .text.uart_init
                0x00000000000005b4       0x88 Output/spi_pca10056 Debug/Obj/nrf_log_backend_uart.o
 .text.nrf_log_backend_uart_init
                0x000000000000063c       0x1c Output/spi_pca10056 Debug/Obj/nrf_log_backend_uart.o
                0x000000000000063c                nrf_log_backend_uart_init
 .text.serial_tx
                0x0000000000000658       0x6c Output/spi_pca10056 Debug/Obj/nrf_log_backend_uart.o
 .text.nrf_log_backend_uart_put
                0x00000000000006c4       0x28 Output/spi_pca10056 Debug/Obj/nrf_log_backend_uart.o
 .text.nrf_log_backend_uart_flush
                0x00000000000006ec        0xa Output/spi_pca10056 Debug/Obj/nrf_log_backend_uart.o
 *fill*         0x00000000000006f6        0x2 
 .text.nrf_log_backend_uart_panic_set
                0x00000000000006f8       0x20 Output/spi_pca10056 Debug/Obj/nrf_log_backend_uart.o
 .text.nrf_log_backend_enable
                0x0000000000000718       0x12 Output/spi_pca10056 Debug/Obj/nrf_log_default_backends.o
 *fill*         0x000000000000072a        0x2 
 .text.nrf_log_default_backends_init
                0x000000000000072c       0x3c Output/spi_pca10056 Debug/Obj/nrf_log_default_backends.o
                0x000000000000072c                nrf_log_default_backends_init
 .text.nrf_log_backend_put
                0x0000000000000768       0x1c Output/spi_pca10056 Debug/Obj/nrf_log_frontend.o
 .text.nrf_log_backend_panic_set
                0x0000000000000784       0x18 Output/spi_pca10056 Debug/Obj/nrf_log_frontend.o
 .text.nrf_log_backend_flush
                0x000000000000079c       0x18 Output/spi_pca10056 Debug/Obj/nrf_log_frontend.o
 .text.nrf_log_backend_id_set
                0x00000000000007b4       0x1a Output/spi_pca10056 Debug/Obj/nrf_log_frontend.o
 .text.nrf_log_backend_id_get
                0x00000000000007ce       0x10 Output/spi_pca10056 Debug/Obj/nrf_log_frontend.o
 .text.nrf_log_backend_enable
                0x00000000000007de       0x12 Output/spi_pca10056 Debug/Obj/nrf_log_frontend.o
 .text.nrf_log_backend_is_enabled
                0x00000000000007f0       0x10 Output/spi_pca10056 Debug/Obj/nrf_log_frontend.o
 .text.nrf_log_init
                0x0000000000000800       0x74 Output/spi_pca10056 Debug/Obj/nrf_log_frontend.o
                0x0000000000000800                nrf_log_init
 .text.nrf_log_module_cnt_get
                0x0000000000000874       0x14 Output/spi_pca10056 Debug/Obj/nrf_log_frontend.o
                0x0000000000000874                nrf_log_module_cnt_get
 .text.module_idx_get
                0x0000000000000888       0x64 Output/spi_pca10056 Debug/Obj/nrf_log_frontend.o
 .text.nrf_log_module_name_get
                0x00000000000008ec       0x40 Output/spi_pca10056 Debug/Obj/nrf_log_frontend.o
                0x00000000000008ec                nrf_log_module_name_get
 .text.nrf_log_color_id_get
                0x000000000000092c       0x70 Output/spi_pca10056 Debug/Obj/nrf_log_frontend.o
                0x000000000000092c                nrf_log_color_id_get
 .text.invalid_packets_omit
                0x000000000000099c       0x6e Output/spi_pca10056 Debug/Obj/nrf_log_frontend.o
 *fill*         0x0000000000000a0a        0x2 
 .text.log_skip
                0x0000000000000a0c      0x114 Output/spi_pca10056 Debug/Obj/nrf_log_frontend.o
 .text.dropped_sat16_get
                0x0000000000000b20       0x28 Output/spi_pca10056 Debug/Obj/nrf_log_frontend.o
 .text.std_header_set
                0x0000000000000b48       0xb4 Output/spi_pca10056 Debug/Obj/nrf_log_frontend.o
 .text.buf_prealloc
                0x0000000000000bfc      0x124 Output/spi_pca10056 Debug/Obj/nrf_log_frontend.o
 .text.std_n    0x0000000000000d20       0x90 Output/spi_pca10056 Debug/Obj/nrf_log_frontend.o
 .text.nrf_log_frontend_std_0
                0x0000000000000db0       0x1c Output/spi_pca10056 Debug/Obj/nrf_log_frontend.o
                0x0000000000000db0                nrf_log_frontend_std_0
 .text.nrf_log_frontend_std_1
                0x0000000000000dcc       0x22 Output/spi_pca10056 Debug/Obj/nrf_log_frontend.o
                0x0000000000000dcc                nrf_log_frontend_std_1
 .text.nrf_log_frontend_std_2
                0x0000000000000dee       0x28 Output/spi_pca10056 Debug/Obj/nrf_log_frontend.o
                0x0000000000000dee                nrf_log_frontend_std_2
 .text.nrf_log_frontend_std_5
                0x0000000000000e16       0x34 Output/spi_pca10056 Debug/Obj/nrf_log_frontend.o
                0x0000000000000e16                nrf_log_frontend_std_5
 *fill*         0x0000000000000e4a        0x2 
 .text.nrf_log_frontend_hexdump
                0x0000000000000e4c      0x144 Output/spi_pca10056 Debug/Obj/nrf_log_frontend.o
                0x0000000000000e4c                nrf_log_frontend_hexdump
 .text.buffer_is_empty
                0x0000000000000f90       0x1c Output/spi_pca10056 Debug/Obj/nrf_log_frontend.o
                0x0000000000000f90                buffer_is_empty
 .text.nrf_log_frontend_dequeue
                0x0000000000000fac      0x398 Output/spi_pca10056 Debug/Obj/nrf_log_frontend.o
                0x0000000000000fac                nrf_log_frontend_dequeue
 .text.backend_id_assign
                0x0000000000001344       0x68 Output/spi_pca10056 Debug/Obj/nrf_log_frontend.o
 .text.nrf_log_backend_add
                0x00000000000013ac       0x70 Output/spi_pca10056 Debug/Obj/nrf_log_frontend.o
                0x00000000000013ac                nrf_log_backend_add
 .text.nrf_log_panic
                0x000000000000141c       0x3c Output/spi_pca10056 Debug/Obj/nrf_log_frontend.o
                0x000000000000141c                nrf_log_panic
 .text.timestamp_print
                0x0000000000001458        0xc Output/spi_pca10056 Debug/Obj/nrf_log_str_formatter.o
 .text.prefix_process
                0x0000000000001464       0xb0 Output/spi_pca10056 Debug/Obj/nrf_log_str_formatter.o
 .text.postfix_process
                0x0000000000001514       0x60 Output/spi_pca10056 Debug/Obj/nrf_log_str_formatter.o
 .text.nrf_log_std_entry_process
                0x0000000000001574      0x144 Output/spi_pca10056 Debug/Obj/nrf_log_str_formatter.o
                0x0000000000001574                nrf_log_std_entry_process
 .text.nrf_log_hexdump_entry_process
                0x00000000000016b8       0xf0 Output/spi_pca10056 Debug/Obj/nrf_log_str_formatter.o
                0x00000000000016b8                nrf_log_hexdump_entry_process
 .text.nrf_gpio_pin_port_decode
                0x00000000000017a8       0x44 Output/spi_pca10056 Debug/Obj/boards.o
 .text.nrf_gpio_cfg
                0x00000000000017ec       0x62 Output/spi_pca10056 Debug/Obj/boards.o
 .text.nrf_gpio_cfg_output
                0x000000000000184e       0x22 Output/spi_pca10056 Debug/Obj/boards.o
 .text.nrf_gpio_cfg_input
                0x0000000000001870       0x2c Output/spi_pca10056 Debug/Obj/boards.o
 .text.nrf_gpio_pin_set
                0x000000000000189c       0x28 Output/spi_pca10056 Debug/Obj/boards.o
 .text.nrf_gpio_pin_clear
                0x00000000000018c4       0x28 Output/spi_pca10056 Debug/Obj/boards.o
 .text.nrf_gpio_pin_toggle
                0x00000000000018ec       0x44 Output/spi_pca10056 Debug/Obj/boards.o
 .text.nrf_gpio_pin_write
                0x0000000000001930       0x24 Output/spi_pca10056 Debug/Obj/boards.o
 .text.nrf_gpio_port_out_set
                0x0000000000001954       0x14 Output/spi_pca10056 Debug/Obj/boards.o
 .text.nrf_gpio_port_out_clear
                0x0000000000001968       0x14 Output/spi_pca10056 Debug/Obj/boards.o
 .text.bsp_board_led_off
                0x000000000000197c       0x34 Output/spi_pca10056 Debug/Obj/boards.o
                0x000000000000197c                bsp_board_led_off
 .text.bsp_board_leds_off
                0x00000000000019b0       0x24 Output/spi_pca10056 Debug/Obj/boards.o
                0x00000000000019b0                bsp_board_leds_off
 .text.bsp_board_led_invert
                0x00000000000019d4       0x34 Output/spi_pca10056 Debug/Obj/boards.o
                0x00000000000019d4                bsp_board_led_invert
 .text.bsp_board_leds_init
                0x0000000000001a08       0x34 Output/spi_pca10056 Debug/Obj/boards.o
 .text.bsp_board_buttons_init
                0x0000000000001a3c       0x34 Output/spi_pca10056 Debug/Obj/boards.o
 .text.bsp_board_init
                0x0000000000001a70       0x2a Output/spi_pca10056 Debug/Obj/boards.o
                0x0000000000001a70                bsp_board_init
 *fill*         0x0000000000001a9a        0x2 
 .text.app_error_save_and_stop
                0x0000000000001a9c       0x98 Output/spi_pca10056 Debug/Obj/app_error.o
                0x0000000000001a9c                app_error_save_and_stop
 .text.app_error_handler
                0x0000000000001b34       0x1c Output/spi_pca10056 Debug/Obj/app_error_handler_gcc.o
                0x0000000000001b34                app_error_handler
 .text.app_error_fault_handler
                0x0000000000001b50      0x104 Output/spi_pca10056 Debug/Obj/app_error_weak.o
                0x0000000000001b50                app_error_fault_handler
 .text.app_util_disable_irq
                0x0000000000001c54       0x14 Output/spi_pca10056 Debug/Obj/app_util_platform.o
                0x0000000000001c54                app_util_disable_irq
 .text.app_util_enable_irq
                0x0000000000001c68       0x1c Output/spi_pca10056 Debug/Obj/app_util_platform.o
                0x0000000000001c68                app_util_enable_irq
 .text.app_util_critical_region_enter
                0x0000000000001c84       0x28 Output/spi_pca10056 Debug/Obj/app_util_platform.o
                0x0000000000001c84                app_util_critical_region_enter
 .text.app_util_critical_region_exit
                0x0000000000001cac       0x2c Output/spi_pca10056 Debug/Obj/app_util_platform.o
                0x0000000000001cac                app_util_critical_region_exit
 .text.privilege_level_get
                0x0000000000001cd8       0x3a Output/spi_pca10056 Debug/Obj/app_util_platform.o
                0x0000000000001cd8                privilege_level_get
 *fill*         0x0000000000001d12        0x2 
 .text.RTC1_IRQHandler
                0x0000000000001d14       0x1c Output/spi_pca10056 Debug/Obj/drv_rtc.o
                0x0000000000001d14                RTC1_IRQHandler
 .text.assert_nrf_callback
                0x0000000000001d30       0x2e Output/spi_pca10056 Debug/Obj/nrf_assert.o
                0x0000000000001d30                assert_nrf_callback
 .text.nrf_atomic_u32_fetch_store
                0x0000000000001d5e       0x2e Output/spi_pca10056 Debug/Obj/nrf_atomic.o
                0x0000000000001d5e                nrf_atomic_u32_fetch_store
 .text.nrf_atomic_u32_or
                0x0000000000001d8c       0x30 Output/spi_pca10056 Debug/Obj/nrf_atomic.o
                0x0000000000001d8c                nrf_atomic_u32_or
 .text.nrf_atomic_u32_fetch_and
                0x0000000000001dbc       0x30 Output/spi_pca10056 Debug/Obj/nrf_atomic.o
                0x0000000000001dbc                nrf_atomic_u32_fetch_and
 .text.nrf_atomic_u32_add
                0x0000000000001dec       0x30 Output/spi_pca10056 Debug/Obj/nrf_atomic.o
                0x0000000000001dec                nrf_atomic_u32_add
 .text.nrf_atomic_u32_sub
                0x0000000000001e1c       0x30 Output/spi_pca10056 Debug/Obj/nrf_atomic.o
                0x0000000000001e1c                nrf_atomic_u32_sub
 .text.nrf_atomic_flag_set
                0x0000000000001e4c       0x18 Output/spi_pca10056 Debug/Obj/nrf_atomic.o
                0x0000000000001e4c                nrf_atomic_flag_set
 .text.nrf_atomic_flag_clear_fetch
                0x0000000000001e64       0x18 Output/spi_pca10056 Debug/Obj/nrf_atomic.o
                0x0000000000001e64                nrf_atomic_flag_clear_fetch
 .text.nrf_balloc_idx2block
                0x0000000000001e7c       0x38 Output/spi_pca10056 Debug/Obj/nrf_balloc.o
 .text.nrf_balloc_block2idx
                0x0000000000001eb4       0x34 Output/spi_pca10056 Debug/Obj/nrf_balloc.o
 .text.nrf_balloc_init
                0x0000000000001ee8       0xb8 Output/spi_pca10056 Debug/Obj/nrf_balloc.o
                0x0000000000001ee8                nrf_balloc_init
 .text.nrf_balloc_alloc
                0x0000000000001fa0       0x84 Output/spi_pca10056 Debug/Obj/nrf_balloc.o
                0x0000000000001fa0                nrf_balloc_alloc
 .text.nrf_balloc_free
                0x0000000000002024       0x58 Output/spi_pca10056 Debug/Obj/nrf_balloc.o
                0x0000000000002024                nrf_balloc_free
 .text.nrf_fprintf_buffer_flush
                0x000000000000207c       0x44 Output/spi_pca10056 Debug/Obj/nrf_fprintf.o
                0x000000000000207c                nrf_fprintf_buffer_flush
 .text.nrf_fprintf
                0x00000000000020c0       0x74 Output/spi_pca10056 Debug/Obj/nrf_fprintf.o
                0x00000000000020c0                nrf_fprintf
 .text.buffer_add
                0x0000000000002134       0x4c Output/spi_pca10056 Debug/Obj/nrf_fprintf_format.o
 .text.string_print
                0x0000000000002180       0xc2 Output/spi_pca10056 Debug/Obj/nrf_fprintf_format.o
 *fill*         0x0000000000002242        0x2 
 .text.unsigned_print
                0x0000000000002244      0x130 Output/spi_pca10056 Debug/Obj/nrf_fprintf_format.o
 .text.int_print
                0x0000000000002374      0x11c Output/spi_pca10056 Debug/Obj/nrf_fprintf_format.o
 .text.nrf_fprintf_fmt
                0x0000000000002490      0x43c Output/spi_pca10056 Debug/Obj/nrf_fprintf_format.o
                0x0000000000002490                nrf_fprintf_fmt
 .text.nrf_memobj_pool_init
                0x00000000000028cc       0x16 Output/spi_pca10056 Debug/Obj/nrf_memobj.o
                0x00000000000028cc                nrf_memobj_pool_init
 .text.nrf_memobj_alloc
                0x00000000000028e2       0xae Output/spi_pca10056 Debug/Obj/nrf_memobj.o
                0x00000000000028e2                nrf_memobj_alloc
 .text.nrf_memobj_free
                0x0000000000002990       0x72 Output/spi_pca10056 Debug/Obj/nrf_memobj.o
                0x0000000000002990                nrf_memobj_free
 .text.nrf_memobj_get
                0x0000000000002a02       0x1e Output/spi_pca10056 Debug/Obj/nrf_memobj.o
                0x0000000000002a02                nrf_memobj_get
 .text.nrf_memobj_put
                0x0000000000002a20       0x34 Output/spi_pca10056 Debug/Obj/nrf_memobj.o
                0x0000000000002a20                nrf_memobj_put
 .text.memobj_op
                0x0000000000002a54      0x124 Output/spi_pca10056 Debug/Obj/nrf_memobj.o
 .text.nrf_memobj_write
                0x0000000000002b78       0x3c Output/spi_pca10056 Debug/Obj/nrf_memobj.o
                0x0000000000002b78                nrf_memobj_write
 .text.nrf_memobj_read
                0x0000000000002bb4       0x40 Output/spi_pca10056 Debug/Obj/nrf_memobj.o
                0x0000000000002bb4                nrf_memobj_read
 .text.nrf_ringbuf_init
                0x0000000000002bf4       0x3a Output/spi_pca10056 Debug/Obj/nrf_ringbuf.o
                0x0000000000002bf4                nrf_ringbuf_init
 *fill*         0x0000000000002c2e        0x2 
 .text.nrf_strerror_get
                0x0000000000002c30       0x28 Output/spi_pca10056 Debug/Obj/nrf_strerror.o
                0x0000000000002c30                nrf_strerror_get
 .text.nrf_strerror_find
                0x0000000000002c58       0x68 Output/spi_pca10056 Debug/Obj/nrf_strerror.o
                0x0000000000002c58                nrf_strerror_find
 .text.spim_evt_handler
                0x0000000000002cc0       0x5c Output/spi_pca10056 Debug/Obj/nrf_drv_spi.o
 .text.nrf_drv_spi_init
                0x0000000000002d1c       0xac Output/spi_pca10056 Debug/Obj/nrf_drv_spi.o
                0x0000000000002d1c                nrf_drv_spi_init
 .text.uarte_evt_handler
                0x0000000000002dc8       0x50 Output/spi_pca10056 Debug/Obj/nrf_drv_uart.o
 .text.uart_evt_handler
                0x0000000000002e18       0x50 Output/spi_pca10056 Debug/Obj/nrf_drv_uart.o
 .text.nrf_drv_uart_init
                0x0000000000002e68       0xdc Output/spi_pca10056 Debug/Obj/nrf_drv_uart.o
                0x0000000000002e68                nrf_drv_uart_init
 .text.nrf_gpiote_event_is_set
                0x0000000000002f44       0x2a Output/spi_pca10056 Debug/Obj/nrfx_gpiote.o
 .text.nrf_gpiote_event_clear
                0x0000000000002f6e       0x36 Output/spi_pca10056 Debug/Obj/nrfx_gpiote.o
 .text.nrf_gpiote_event_addr_get
                0x0000000000002fa4       0x1a Output/spi_pca10056 Debug/Obj/nrfx_gpiote.o
 *fill*         0x0000000000002fbe        0x2 
 .text.nrf_gpiote_int_is_enabled
                0x0000000000002fc0       0x18 Output/spi_pca10056 Debug/Obj/nrfx_gpiote.o
 .text.nrf_gpiote_event_pin_get
                0x0000000000002fd8       0x20 Output/spi_pca10056 Debug/Obj/nrfx_gpiote.o
 .text.nrf_gpiote_event_polarity_get
                0x0000000000002ff8       0x24 Output/spi_pca10056 Debug/Obj/nrfx_gpiote.o
 .text.nrf_gpio_pin_port_decode
                0x000000000000301c       0x44 Output/spi_pca10056 Debug/Obj/nrfx_gpiote.o
 .text.nrf_gpio_cfg_sense_set
                0x0000000000003060       0x5c Output/spi_pca10056 Debug/Obj/nrfx_gpiote.o
 .text.nrf_gpio_pin_sense_get
                0x00000000000030bc       0x2c Output/spi_pca10056 Debug/Obj/nrfx_gpiote.o
 .text.nrf_gpio_port_in_read
                0x00000000000030e8       0x10 Output/spi_pca10056 Debug/Obj/nrfx_gpiote.o
 .text.nrf_gpio_ports_read
                0x00000000000030f8       0x70 Output/spi_pca10056 Debug/Obj/nrfx_gpiote.o
 .text.nrf_bitmask_bit_is_set
                0x0000000000003168       0x30 Output/spi_pca10056 Debug/Obj/nrfx_gpiote.o
 .text.nrf_bitmask_bit_set
                0x0000000000003198       0x40 Output/spi_pca10056 Debug/Obj/nrfx_gpiote.o
 .text.channel_port_get
                0x00000000000031d8       0x1c Output/spi_pca10056 Debug/Obj/nrfx_gpiote.o
 .text.channel_handler_get
                0x00000000000031f4       0x18 Output/spi_pca10056 Debug/Obj/nrfx_gpiote.o
 .text.GPIOTE_IRQHandler
                0x000000000000320c      0x2e8 Output/spi_pca10056 Debug/Obj/nrfx_gpiote.o
                0x000000000000320c                GPIOTE_IRQHandler
 .text.UARTE0_UART0_IRQHandler
                0x00000000000034f4       0x24 Output/spi_pca10056 Debug/Obj/nrfx_prs.o
                0x00000000000034f4                UARTE0_UART0_IRQHandler
 .text.prs_box_get
                0x0000000000003518       0x20 Output/spi_pca10056 Debug/Obj/nrfx_prs.o
 .text.nrfx_prs_acquire
                0x0000000000003538       0x74 Output/spi_pca10056 Debug/Obj/nrfx_prs.o
                0x0000000000003538                nrfx_prs_acquire
 .text.nrfx_prs_release
                0x00000000000035ac       0x3c Output/spi_pca10056 Debug/Obj/nrfx_prs.o
                0x00000000000035ac                nrfx_prs_release
 .text.NVIC_EnableIRQ
                0x00000000000035e8       0x2c Output/spi_pca10056 Debug/Obj/nrfx_spim.o
 .text.NVIC_SetPriority
                0x0000000000003614       0x50 Output/spi_pca10056 Debug/Obj/nrfx_spim.o
 .text.nrfx_is_in_ram
                0x0000000000003664       0x1c Output/spi_pca10056 Debug/Obj/nrfx_spim.o
 .text.nrfx_get_irq_number
                0x0000000000003680       0x10 Output/spi_pca10056 Debug/Obj/nrfx_spim.o
 .text._NRFX_IRQ_PRIORITY_SET
                0x0000000000003690       0x40 Output/spi_pca10056 Debug/Obj/nrfx_spim.o
 .text._NRFX_IRQ_ENABLE
                0x00000000000036d0       0x1c Output/spi_pca10056 Debug/Obj/nrfx_spim.o
 .text.nrf_spim_task_trigger
                0x00000000000036ec       0x1c Output/spi_pca10056 Debug/Obj/nrfx_spim.o
 .text.nrf_spim_event_clear
                0x0000000000003708       0x2a Output/spi_pca10056 Debug/Obj/nrfx_spim.o
 .text.nrf_spim_event_check
                0x0000000000003732       0x24 Output/spi_pca10056 Debug/Obj/nrfx_spim.o
 .text.nrf_spim_int_enable
                0x0000000000003756       0x14 Output/spi_pca10056 Debug/Obj/nrfx_spim.o
 .text.nrf_spim_int_disable
                0x000000000000376a       0x14 Output/spi_pca10056 Debug/Obj/nrfx_spim.o
 .text.nrf_spim_enable
                0x000000000000377e       0x12 Output/spi_pca10056 Debug/Obj/nrfx_spim.o
 .text.nrf_spim_pins_set
                0x0000000000003790       0x28 Output/spi_pca10056 Debug/Obj/nrfx_spim.o
 .text.nrf_spim_frequency_set
                0x00000000000037b8       0x14 Output/spi_pca10056 Debug/Obj/nrfx_spim.o
 .text.nrf_spim_tx_buffer_set
                0x00000000000037cc       0x1e Output/spi_pca10056 Debug/Obj/nrfx_spim.o
 .text.nrf_spim_rx_buffer_set
                0x00000000000037ea       0x1e Output/spi_pca10056 Debug/Obj/nrfx_spim.o
 .text.nrf_spim_configure
                0x0000000000003808       0x5e Output/spi_pca10056 Debug/Obj/nrfx_spim.o
 .text.nrf_spim_orc_set
                0x0000000000003866       0x1a Output/spi_pca10056 Debug/Obj/nrfx_spim.o
 .text.nrf_spim_tx_list_enable
                0x0000000000003880       0x12 Output/spi_pca10056 Debug/Obj/nrfx_spim.o
 .text.nrf_spim_tx_list_disable
                0x0000000000003892       0x12 Output/spi_pca10056 Debug/Obj/nrfx_spim.o
 .text.nrf_spim_rx_list_enable
                0x00000000000038a4       0x12 Output/spi_pca10056 Debug/Obj/nrfx_spim.o
 .text.nrf_spim_rx_list_disable
                0x00000000000038b6       0x12 Output/spi_pca10056 Debug/Obj/nrfx_spim.o
 .text.nrf_gpio_pin_port_decode
                0x00000000000038c8       0x44 Output/spi_pca10056 Debug/Obj/nrfx_spim.o
 .text.nrf_gpio_cfg
                0x000000000000390c       0x62 Output/spi_pca10056 Debug/Obj/nrfx_spim.o
 .text.nrf_gpio_cfg_output
                0x000000000000396e       0x22 Output/spi_pca10056 Debug/Obj/nrfx_spim.o
 .text.nrf_gpio_cfg_input
                0x0000000000003990       0x2c Output/spi_pca10056 Debug/Obj/nrfx_spim.o
 .text.nrf_gpio_pin_set
                0x00000000000039bc       0x28 Output/spi_pca10056 Debug/Obj/nrfx_spim.o
 .text.nrf_gpio_pin_clear
                0x00000000000039e4       0x28 Output/spi_pca10056 Debug/Obj/nrfx_spim.o
 .text.nrf_gpio_port_out_set
                0x0000000000003a0c       0x14 Output/spi_pca10056 Debug/Obj/nrfx_spim.o
 .text.nrf_gpio_port_out_clear
                0x0000000000003a20       0x14 Output/spi_pca10056 Debug/Obj/nrfx_spim.o
 .text.nrfx_spim_init
                0x0000000000003a34      0x1e0 Output/spi_pca10056 Debug/Obj/nrfx_spim.o
                0x0000000000003a34                nrfx_spim_init
 .text.finish_transfer
                0x0000000000003c14       0x52 Output/spi_pca10056 Debug/Obj/nrfx_spim.o
 .text.spim_int_enable
                0x0000000000003c66       0x34 Output/spi_pca10056 Debug/Obj/nrfx_spim.o
 .text.spim_list_enable_handle
                0x0000000000003c9a       0x40 Output/spi_pca10056 Debug/Obj/nrfx_spim.o
 .text.spim_xfer
                0x0000000000003cda      0x108 Output/spi_pca10056 Debug/Obj/nrfx_spim.o
 *fill*         0x0000000000003de2        0x2 
 .text.nrfx_spim_xfer
                0x0000000000003de4      0x10c Output/spi_pca10056 Debug/Obj/nrfx_spim.o
                0x0000000000003de4                nrfx_spim_xfer
 .text.irq_handler
                0x0000000000003ef0       0x48 Output/spi_pca10056 Debug/Obj/nrfx_spim.o
 .text.SPIM0_SPIS0_TWIM0_TWIS0_SPI0_TWI0_IRQHandler
                0x0000000000003f38       0x18 Output/spi_pca10056 Debug/Obj/nrfx_spim.o
                0x0000000000003f38                SPIM0_SPIS0_TWIM0_TWIS0_SPI0_TWI0_IRQHandler
 .text.NVIC_EnableIRQ
                0x0000000000003f50       0x2c Output/spi_pca10056 Debug/Obj/nrfx_uart.o
 .text.NVIC_DisableIRQ
                0x0000000000003f7c       0x30 Output/spi_pca10056 Debug/Obj/nrfx_uart.o
 .text.NVIC_SetPriority
                0x0000000000003fac       0x50 Output/spi_pca10056 Debug/Obj/nrfx_uart.o
 .text.nrfx_get_irq_number
                0x0000000000003ffc       0x10 Output/spi_pca10056 Debug/Obj/nrfx_uart.o
 .text._NRFX_IRQ_PRIORITY_SET
                0x000000000000400c       0x40 Output/spi_pca10056 Debug/Obj/nrfx_uart.o
 .text._NRFX_IRQ_ENABLE
                0x000000000000404c       0x1c Output/spi_pca10056 Debug/Obj/nrfx_uart.o
 .text._NRFX_IRQ_DISABLE
                0x0000000000004068       0x1c Output/spi_pca10056 Debug/Obj/nrfx_uart.o
 .text.nrf_uart_event_clear
                0x0000000000004084       0x2a Output/spi_pca10056 Debug/Obj/nrfx_uart.o
 .text.nrf_uart_event_check
                0x00000000000040ae       0x24 Output/spi_pca10056 Debug/Obj/nrfx_uart.o
 .text.nrf_uart_int_enable
                0x00000000000040d2       0x14 Output/spi_pca10056 Debug/Obj/nrfx_uart.o
 .text.nrf_uart_int_enable_check
                0x00000000000040e6       0x20 Output/spi_pca10056 Debug/Obj/nrfx_uart.o
 .text.nrf_uart_int_disable
                0x0000000000004106       0x14 Output/spi_pca10056 Debug/Obj/nrfx_uart.o
 .text.nrf_uart_errorsrc_get_and_clear
                0x000000000000411a       0x1c Output/spi_pca10056 Debug/Obj/nrfx_uart.o
 .text.nrf_uart_enable
                0x0000000000004136       0x12 Output/spi_pca10056 Debug/Obj/nrfx_uart.o
 .text.nrf_uart_disable
                0x0000000000004148       0x12 Output/spi_pca10056 Debug/Obj/nrfx_uart.o
 .text.nrf_uart_txrx_pins_set
                0x000000000000415a       0x1e Output/spi_pca10056 Debug/Obj/nrfx_uart.o
 .text.nrf_uart_txrx_pins_disconnect
                0x0000000000004178       0x1c Output/spi_pca10056 Debug/Obj/nrfx_uart.o
 .text.nrf_uart_tx_pin_get
                0x0000000000004194       0x10 Output/spi_pca10056 Debug/Obj/nrfx_uart.o
 .text.nrf_uart_rx_pin_get
                0x00000000000041a4       0x10 Output/spi_pca10056 Debug/Obj/nrfx_uart.o
 .text.nrf_uart_rts_pin_get
                0x00000000000041b4       0x10 Output/spi_pca10056 Debug/Obj/nrfx_uart.o
 .text.nrf_uart_cts_pin_get
                0x00000000000041c4       0x10 Output/spi_pca10056 Debug/Obj/nrfx_uart.o
 .text.nrf_uart_hwfc_pins_set
                0x00000000000041d4       0x1e Output/spi_pca10056 Debug/Obj/nrfx_uart.o
 .text.nrf_uart_hwfc_pins_disconnect
                0x00000000000041f2       0x1c Output/spi_pca10056 Debug/Obj/nrfx_uart.o
 .text.nrf_uart_rxd_get
                0x000000000000420e       0x12 Output/spi_pca10056 Debug/Obj/nrfx_uart.o
 .text.nrf_uart_txd_set
                0x0000000000004220       0x1a Output/spi_pca10056 Debug/Obj/nrfx_uart.o
 .text.nrf_uart_task_trigger
                0x000000000000423a       0x1c Output/spi_pca10056 Debug/Obj/nrfx_uart.o
 .text.nrf_uart_configure
                0x0000000000004256       0x2a Output/spi_pca10056 Debug/Obj/nrfx_uart.o
 .text.nrf_uart_baudrate_set
                0x0000000000004280       0x14 Output/spi_pca10056 Debug/Obj/nrfx_uart.o
 .text.nrf_gpio_pin_port_decode
                0x0000000000004294       0x44 Output/spi_pca10056 Debug/Obj/nrfx_uart.o
 .text.nrf_gpio_cfg
                0x00000000000042d8       0x62 Output/spi_pca10056 Debug/Obj/nrfx_uart.o
 .text.nrf_gpio_cfg_output
                0x000000000000433a       0x22 Output/spi_pca10056 Debug/Obj/nrfx_uart.o
 .text.nrf_gpio_cfg_input
                0x000000000000435c       0x2c Output/spi_pca10056 Debug/Obj/nrfx_uart.o
 .text.nrf_gpio_cfg_default
                0x0000000000004388       0x22 Output/spi_pca10056 Debug/Obj/nrfx_uart.o
 .text.nrf_gpio_pin_set
                0x00000000000043aa       0x28 Output/spi_pca10056 Debug/Obj/nrfx_uart.o
 .text.nrf_gpio_port_out_set
                0x00000000000043d2       0x14 Output/spi_pca10056 Debug/Obj/nrfx_uart.o
 .text.apply_config
                0x00000000000043e6       0xc6 Output/spi_pca10056 Debug/Obj/nrfx_uart.o
 .text.interrupts_enable
                0x00000000000044ac       0x6c Output/spi_pca10056 Debug/Obj/nrfx_uart.o
 .text.interrupts_disable
                0x0000000000004518       0x30 Output/spi_pca10056 Debug/Obj/nrfx_uart.o
 .text.pins_to_default
                0x0000000000004548       0x8a Output/spi_pca10056 Debug/Obj/nrfx_uart.o
 *fill*         0x00000000000045d2        0x2 
 .text.nrfx_uart_init
                0x00000000000045d4       0xd4 Output/spi_pca10056 Debug/Obj/nrfx_uart.o
                0x00000000000045d4                nrfx_uart_init
 .text.nrfx_uart_uninit
                0x00000000000046a8       0x5c Output/spi_pca10056 Debug/Obj/nrfx_uart.o
                0x00000000000046a8                nrfx_uart_uninit
 .text.tx_byte  0x0000000000004704       0x40 Output/spi_pca10056 Debug/Obj/nrfx_uart.o
 .text.tx_blocking
                0x0000000000004744       0x52 Output/spi_pca10056 Debug/Obj/nrfx_uart.o
 *fill*         0x0000000000004796        0x2 
 .text.nrfx_uart_tx
                0x0000000000004798      0x110 Output/spi_pca10056 Debug/Obj/nrfx_uart.o
                0x0000000000004798                nrfx_uart_tx
 .text.nrfx_uart_tx_in_progress
                0x00000000000048a8       0x2c Output/spi_pca10056 Debug/Obj/nrfx_uart.o
                0x00000000000048a8                nrfx_uart_tx_in_progress
 .text.rx_byte  0x00000000000048d4       0x4e Output/spi_pca10056 Debug/Obj/nrfx_uart.o
 .text.rx_done_event
                0x0000000000004922       0x2e Output/spi_pca10056 Debug/Obj/nrfx_uart.o
 .text.tx_done_event
                0x0000000000004950       0x34 Output/spi_pca10056 Debug/Obj/nrfx_uart.o
 .text.uart_irq_handler
                0x0000000000004984      0x1de Output/spi_pca10056 Debug/Obj/nrfx_uart.o
 *fill*         0x0000000000004b62        0x2 
 .text.nrfx_uart_0_irq_handler
                0x0000000000004b64       0x18 Output/spi_pca10056 Debug/Obj/nrfx_uart.o
                0x0000000000004b64                nrfx_uart_0_irq_handler
 .text.NVIC_EnableIRQ
                0x0000000000004b7c       0x2c Output/spi_pca10056 Debug/Obj/nrfx_uarte.o
 .text.NVIC_DisableIRQ
                0x0000000000004ba8       0x30 Output/spi_pca10056 Debug/Obj/nrfx_uarte.o
 .text.NVIC_SetPriority
                0x0000000000004bd8       0x50 Output/spi_pca10056 Debug/Obj/nrfx_uarte.o
 .text.nrfx_is_in_ram
                0x0000000000004c28       0x1c Output/spi_pca10056 Debug/Obj/nrfx_uarte.o
 .text.nrfx_get_irq_number
                0x0000000000004c44       0x10 Output/spi_pca10056 Debug/Obj/nrfx_uarte.o
 .text._NRFX_IRQ_PRIORITY_SET
                0x0000000000004c54       0x40 Output/spi_pca10056 Debug/Obj/nrfx_uarte.o
 .text._NRFX_IRQ_ENABLE
                0x0000000000004c94       0x1c Output/spi_pca10056 Debug/Obj/nrfx_uarte.o
 .text._NRFX_IRQ_DISABLE
                0x0000000000004cb0       0x1c Output/spi_pca10056 Debug/Obj/nrfx_uarte.o
 .text.nrf_uarte_event_clear
                0x0000000000004ccc       0x2a Output/spi_pca10056 Debug/Obj/nrfx_uarte.o
 .text.nrf_uarte_event_check
                0x0000000000004cf6       0x24 Output/spi_pca10056 Debug/Obj/nrfx_uarte.o
 .text.nrf_uarte_shorts_disable
                0x0000000000004d1a       0x1e Output/spi_pca10056 Debug/Obj/nrfx_uarte.o
 .text.nrf_uarte_int_enable
                0x0000000000004d38       0x14 Output/spi_pca10056 Debug/Obj/nrfx_uarte.o
 .text.nrf_uarte_int_disable
                0x0000000000004d4c       0x14 Output/spi_pca10056 Debug/Obj/nrfx_uarte.o
 .text.nrf_uarte_errorsrc_get_and_clear
                0x0000000000004d60       0x1c Output/spi_pca10056 Debug/Obj/nrfx_uarte.o
 .text.nrf_uarte_enable
                0x0000000000004d7c       0x12 Output/spi_pca10056 Debug/Obj/nrfx_uarte.o
 .text.nrf_uarte_disable
                0x0000000000004d8e       0x12 Output/spi_pca10056 Debug/Obj/nrfx_uarte.o
 .text.nrf_uarte_txrx_pins_set
                0x0000000000004da0       0x1e Output/spi_pca10056 Debug/Obj/nrfx_uarte.o
 .text.nrf_uarte_txrx_pins_disconnect
                0x0000000000004dbe       0x1c Output/spi_pca10056 Debug/Obj/nrfx_uarte.o
 .text.nrf_uarte_tx_pin_get
                0x0000000000004dda       0x10 Output/spi_pca10056 Debug/Obj/nrfx_uarte.o
 .text.nrf_uarte_rx_pin_get
                0x0000000000004dea       0x10 Output/spi_pca10056 Debug/Obj/nrfx_uarte.o
 .text.nrf_uarte_rts_pin_get
                0x0000000000004dfa       0x10 Output/spi_pca10056 Debug/Obj/nrfx_uarte.o
 .text.nrf_uarte_cts_pin_get
                0x0000000000004e0a       0x10 Output/spi_pca10056 Debug/Obj/nrfx_uarte.o
 .text.nrf_uarte_hwfc_pins_set
                0x0000000000004e1a       0x1e Output/spi_pca10056 Debug/Obj/nrfx_uarte.o
 .text.nrf_uarte_hwfc_pins_disconnect
                0x0000000000004e38       0x1c Output/spi_pca10056 Debug/Obj/nrfx_uarte.o
 .text.nrf_uarte_task_trigger
                0x0000000000004e54       0x1c Output/spi_pca10056 Debug/Obj/nrfx_uarte.o
 .text.nrf_uarte_configure
                0x0000000000004e70       0x2a Output/spi_pca10056 Debug/Obj/nrfx_uarte.o
 .text.nrf_uarte_baudrate_set
                0x0000000000004e9a       0x14 Output/spi_pca10056 Debug/Obj/nrfx_uarte.o
 .text.nrf_uarte_tx_buffer_set
                0x0000000000004eae       0x1e Output/spi_pca10056 Debug/Obj/nrfx_uarte.o
 .text.nrf_uarte_tx_amount_get
                0x0000000000004ecc       0x10 Output/spi_pca10056 Debug/Obj/nrfx_uarte.o
 .text.nrf_uarte_rx_amount_get
                0x0000000000004edc       0x10 Output/spi_pca10056 Debug/Obj/nrfx_uarte.o
 .text.nrf_gpio_pin_port_decode
                0x0000000000004eec       0x44 Output/spi_pca10056 Debug/Obj/nrfx_uarte.o
 .text.nrf_gpio_cfg
                0x0000000000004f30       0x62 Output/spi_pca10056 Debug/Obj/nrfx_uarte.o
 .text.nrf_gpio_cfg_output
                0x0000000000004f92       0x22 Output/spi_pca10056 Debug/Obj/nrfx_uarte.o
 .text.nrf_gpio_cfg_input
                0x0000000000004fb4       0x2c Output/spi_pca10056 Debug/Obj/nrfx_uarte.o
 .text.nrf_gpio_cfg_default
                0x0000000000004fe0       0x22 Output/spi_pca10056 Debug/Obj/nrfx_uarte.o
 .text.nrf_gpio_pin_set
                0x0000000000005002       0x28 Output/spi_pca10056 Debug/Obj/nrfx_uarte.o
 .text.nrf_gpio_port_out_set
                0x000000000000502a       0x14 Output/spi_pca10056 Debug/Obj/nrfx_uarte.o
 .text.apply_config
                0x000000000000503e       0xc6 Output/spi_pca10056 Debug/Obj/nrfx_uarte.o
 .text.interrupts_enable
                0x0000000000005104       0x98 Output/spi_pca10056 Debug/Obj/nrfx_uarte.o
 .text.interrupts_disable
                0x000000000000519c       0x30 Output/spi_pca10056 Debug/Obj/nrfx_uarte.o
 .text.pins_to_default
                0x00000000000051cc       0x8a Output/spi_pca10056 Debug/Obj/nrfx_uarte.o
 *fill*         0x0000000000005256        0x2 
 .text.nrfx_uarte_init
                0x0000000000005258       0xcc Output/spi_pca10056 Debug/Obj/nrfx_uarte.o
                0x0000000000005258                nrfx_uarte_init
 .text.nrfx_uarte_uninit
                0x0000000000005324       0xac Output/spi_pca10056 Debug/Obj/nrfx_uarte.o
                0x0000000000005324                nrfx_uarte_uninit
 .text.nrfx_uarte_tx
                0x00000000000053d0      0x180 Output/spi_pca10056 Debug/Obj/nrfx_uarte.o
                0x00000000000053d0                nrfx_uarte_tx
 .text.nrfx_uarte_tx_in_progress
                0x0000000000005550       0x30 Output/spi_pca10056 Debug/Obj/nrfx_uarte.o
                0x0000000000005550                nrfx_uarte_tx_in_progress
 .text.rx_done_event
                0x0000000000005580       0x2e Output/spi_pca10056 Debug/Obj/nrfx_uarte.o
 .text.tx_done_event
                0x00000000000055ae       0x34 Output/spi_pca10056 Debug/Obj/nrfx_uarte.o
 .text.uarte_irq_handler
                0x00000000000055e2      0x18c Output/spi_pca10056 Debug/Obj/nrfx_uarte.o
 *fill*         0x000000000000576e        0x2 
 .text.nrfx_uarte_0_irq_handler
                0x0000000000005770       0x18 Output/spi_pca10056 Debug/Obj/nrfx_uarte.o
                0x0000000000005770                nrfx_uarte_0_irq_handler
 .text.nrfx_coredep_delay_us
                0x0000000000005788       0x30 Output/spi_pca10056 Debug/Obj/main.o
 .text.nrf_drv_spi_transfer
                0x00000000000057b8       0x42 Output/spi_pca10056 Debug/Obj/main.o
 .text.nrf_delay_ms
                0x00000000000057fa       0x2a Output/spi_pca10056 Debug/Obj/main.o
 .text.spi_event_handler
                0x0000000000005824       0x84 Output/spi_pca10056 Debug/Obj/main.o
                0x0000000000005824                spi_event_handler
 .text.main     0x00000000000058a8      0x10c Output/spi_pca10056 Debug/Obj/main.o
                0x00000000000058a8                main
 .text.NVIC_SystemReset
                0x00000000000059b4       0x24 Output/spi_pca10056 Debug/Obj/system_nrf52840.o
 .text.SystemCoreClockUpdate
                0x00000000000059d8       0x14 Output/spi_pca10056 Debug/Obj/system_nrf52840.o
                0x00000000000059d8                SystemCoreClockUpdate
 .text.SystemInit
                0x00000000000059ec      0x250 Output/spi_pca10056 Debug/Obj/system_nrf52840.o
                0x00000000000059ec                SystemInit
 .text.errata_36
                0x0000000000005c3c       0x48 Output/spi_pca10056 Debug/Obj/system_nrf52840.o
 .text.errata_66
                0x0000000000005c84       0x48 Output/spi_pca10056 Debug/Obj/system_nrf52840.o
 .text.errata_98
                0x0000000000005ccc       0x24 Output/spi_pca10056 Debug/Obj/system_nrf52840.o
 .text.errata_103
                0x0000000000005cf0       0x24 Output/spi_pca10056 Debug/Obj/system_nrf52840.o
 .text.errata_115
                0x0000000000005d14       0x24 Output/spi_pca10056 Debug/Obj/system_nrf52840.o
 .text.errata_120
                0x0000000000005d38       0x24 Output/spi_pca10056 Debug/Obj/system_nrf52840.o
 .text.errata_136
                0x0000000000005d5c       0x48 Output/spi_pca10056 Debug/Obj/system_nrf52840.o
 .text.libc.__RAL_ascii_isctype
                0x0000000000005da4       0x1c C:/Program Files/SEGGER/SEGGER Embedded Studio for ARM 4.22/lib/libc_v7em_fpv4_sp_d16_hard_t_le_eabi.a(libc2.o)
 .text.libc.__RAL_ascii_toupper
                0x0000000000005dc0        0xc C:/Program Files/SEGGER/SEGGER Embedded Studio for ARM 4.22/lib/libc_v7em_fpv4_sp_d16_hard_t_le_eabi.a(libc2.o)
 .text.libc.__RAL_ascii_tolower
                0x0000000000005dcc        0xc C:/Program Files/SEGGER/SEGGER Embedded Studio for ARM 4.22/lib/libc_v7em_fpv4_sp_d16_hard_t_le_eabi.a(libc2.o)
 .text.libc.__RAL_ascii_iswctype
                0x0000000000005dd8       0x1c C:/Program Files/SEGGER/SEGGER Embedded Studio for ARM 4.22/lib/libc_v7em_fpv4_sp_d16_hard_t_le_eabi.a(libc2.o)
 .text.libc.__RAL_ascii_towupper
                0x0000000000005df4        0xc C:/Program Files/SEGGER/SEGGER Embedded Studio for ARM 4.22/lib/libc_v7em_fpv4_sp_d16_hard_t_le_eabi.a(libc2.o)
 .text.libc.__RAL_ascii_towlower
                0x0000000000005e00        0xc C:/Program Files/SEGGER/SEGGER Embedded Studio for ARM 4.22/lib/libc_v7em_fpv4_sp_d16_hard_t_le_eabi.a(libc2.o)
 .text.libc.__RAL_ascii_wctomb
                0x0000000000005e0c        0xe C:/Program Files/SEGGER/SEGGER Embedded Studio for ARM 4.22/lib/libc_v7em_fpv4_sp_d16_hard_t_le_eabi.a(libc2.o)
                0x0000000000005e0c                __RAL_ascii_wctomb
 .text.libc.__RAL_ascii_mbtowc
                0x0000000000005e1a       0x24 C:/Program Files/SEGGER/SEGGER Embedded Studio for ARM 4.22/lib/libc_v7em_fpv4_sp_d16_hard_t_le_eabi.a(libc2.o)
                0x0000000000005e1a                __RAL_ascii_mbtowc
 *fill*         0x0000000000005e3e        0x2 
 .text.libc.__RAL_isctype
                0x0000000000005e40       0x14 C:/Program Files/SEGGER/SEGGER Embedded Studio for ARM 4.22/lib/libc_v7em_fpv4_sp_d16_hard_t_le_eabi.a(libc2.o)
                0x0000000000005e40                __RAL_isctype
 .text.libc.isprint
                0x0000000000005e54        0xa C:/Program Files/SEGGER/SEGGER Embedded Studio for ARM 4.22/lib/libc_v7em_fpv4_sp_d16_hard_t_le_eabi.a(libc2.o)
                0x0000000000005e54                isprint
 .text.libc.memcpy
                0x0000000000005e5e       0x52 C:/Program Files/SEGGER/SEGGER Embedded Studio for ARM 4.22/lib/libc_v7em_fpv4_sp_d16_hard_t_le_eabi.a(libc2_asm.o)
                0x0000000000005e5e                __aeabi_memcpy
                0x0000000000005e5e                memcpy
                0x0000000000005e6a                __aeabi_memcpy8
                0x0000000000005e6a                __aeabi_memcpy4
 .text.libc.memset
                0x0000000000005eb0       0x66 C:/Program Files/SEGGER/SEGGER Embedded Studio for ARM 4.22/lib/libc_v7em_fpv4_sp_d16_hard_t_le_eabi.a(libc2_asm.o)
                0x0000000000005eb0                memset
 .text.libc.strlen
                0x0000000000005f16       0x60 C:/Program Files/SEGGER/SEGGER Embedded Studio for ARM 4.22/lib/libc_v7em_fpv4_sp_d16_hard_t_le_eabi.a(libc2_asm.o)
                0x0000000000005f16                strlen
                0x0000000000005f76                __text_end__ = (__text_start__ + SIZEOF (.text))
                0x0000000000005ba6                __text_size__ = SIZEOF (.text)
                0x0000000000005f76                __text_load_end__ = __text_end__

.vfp11_veneer   0x0000000100000000        0x0
 .vfp11_veneer  0x0000000100000000        0x0 linker stubs

.v4_bx          0x0000000100000000        0x0
 .v4_bx         0x0000000100000000        0x0 linker stubs

.iplt           0x0000000100000000        0x0
 .iplt          0x0000000100000000        0x0 Output/spi_pca10056 Debug/Obj/thumb_crt0.o
                0x0000000000000001                . = ASSERT (((__text_start__ == __text_end__) || ((__text_end__ - __FLASH_segment_start__) <= __FLASH_segment_size__)), error: .text is too large to fit in FLASH memory segment)
                0x0000000000005f78                __log_const_data_load_start__ = ALIGN (__text_end__, 0x4)

.log_const_data
                0x0000000000005f78       0x48
                0x0000000000005f78                __log_const_data_start__ = .
                0x0000000000005f78                __start_log_const_data = __log_const_data_start__
 *(SORT_BY_NAME(.log_const_data*))
 .log_const_data_GPIOTE
                0x0000000000005f78        0x8 Output/spi_pca10056 Debug/Obj/nrfx_gpiote.o
                0x0000000000005f78                m_nrf_log_GPIOTE_logs_data_const
 .log_const_data_PRS
                0x0000000000005f80        0x8 Output/spi_pca10056 Debug/Obj/nrfx_prs.o
                0x0000000000005f80                m_nrf_log_PRS_logs_data_const
 .log_const_data_SPIM
                0x0000000000005f88        0x8 Output/spi_pca10056 Debug/Obj/nrfx_spim.o
                0x0000000000005f88                m_nrf_log_SPIM_logs_data_const
 .log_const_data_UART
                0x0000000000005f90        0x8 Output/spi_pca10056 Debug/Obj/nrfx_uart.o
                0x0000000000005f90                m_nrf_log_UART_logs_data_const
 .log_const_data_UARTE
                0x0000000000005f98        0x8 Output/spi_pca10056 Debug/Obj/nrfx_uarte.o
                0x0000000000005f98                m_nrf_log_UARTE_logs_data_const
 .log_const_data_app
                0x0000000000005fa0        0x8 Output/spi_pca10056 Debug/Obj/nrf_log_frontend.o
                0x0000000000005fa0                m_nrf_log_app_logs_data_const
 .log_const_data_app_button
                0x0000000000005fa8        0x8 Output/spi_pca10056 Debug/Obj/app_button.o
                0x0000000000005fa8                m_nrf_log_app_button_logs_data_const
 .log_const_data_app_timer
                0x0000000000005fb0        0x8 Output/spi_pca10056 Debug/Obj/app_timer2.o
                0x0000000000005fb0                m_nrf_log_app_timer_logs_data_const
 .log_const_data_sortlist
                0x0000000000005fb8        0x8 Output/spi_pca10056 Debug/Obj/nrf_sortlist.o
                0x0000000000005fb8                m_nrf_log_sortlist_logs_data_const
                0x0000000000005fc0                __log_const_data_end__ = (__log_const_data_start__ + SIZEOF (.log_const_data))
                0x0000000000000048                __log_const_data_size__ = SIZEOF (.log_const_data)
                0x0000000000005fc0                __stop_log_const_data = __log_const_data_end__
                0x0000000000005fc0                __log_const_data_load_end__ = __log_const_data_end__
                0x0000000000000001                . = ASSERT (((__log_const_data_start__ == __log_const_data_end__) || ((__log_const_data_end__ - __FLASH_segment_start__) <= __FLASH_segment_size__)), error: .log_const_data is too large to fit in FLASH memory segment)
                0x0000000000005fc0                __log_backends_load_start__ = ALIGN (__log_const_data_end__, 0x4)

.log_backends   0x0000000000005fc0       0x10
                0x0000000000005fc0                __log_backends_start__ = .
                0x0000000000005fc0                __start_log_backends = __log_backends_start__
 *(SORT_BY_NAME(.log_backends*))
 .log_backends  0x0000000000005fc0       0x10 Output/spi_pca10056 Debug/Obj/nrf_log_default_backends.o
                0x0000000000005fd0                __log_backends_end__ = (__log_backends_start__ + SIZEOF (.log_backends))
                0x0000000000000010                __log_backends_size__ = SIZEOF (.log_backends)
                0x0000000000005fd0                __stop_log_backends = __log_backends_end__
                0x0000000000005fd0                __log_backends_load_end__ = __log_backends_end__
                0x0000000000000001                . = ASSERT (((__log_backends_start__ == __log_backends_end__) || ((__log_backends_end__ - __FLASH_segment_start__) <= __FLASH_segment_size__)), error: .log_backends is too large to fit in FLASH memory segment)
                0x0000000000005fd0                __nrf_balloc_load_start__ = ALIGN (__log_backends_end__, 0x4)

.nrf_balloc     0x0000000000005fd0       0x14
                0x0000000000005fd0                __nrf_balloc_start__ = .
                0x0000000000005fd0                __start_nrf_balloc = __nrf_balloc_start__
 *(.nrf_balloc*)
 .nrf_balloc    0x0000000000005fd0       0x14 Output/spi_pca10056 Debug/Obj/nrf_log_frontend.o
                0x0000000000005fd0                log_mempool
                0x0000000000005fe4                __nrf_balloc_end__ = (__nrf_balloc_start__ + SIZEOF (.nrf_balloc))
                0x0000000000000014                __nrf_balloc_size__ = SIZEOF (.nrf_balloc)
                0x0000000000005fe4                __stop_nrf_balloc = __nrf_balloc_end__
                0x0000000000005fe4                __nrf_balloc_load_end__ = __nrf_balloc_end__
                0x0000000000000001                . = ASSERT (((__nrf_balloc_start__ == __nrf_balloc_end__) || ((__nrf_balloc_end__ - __FLASH_segment_start__) <= __FLASH_segment_size__)), error: .nrf_balloc is too large to fit in FLASH memory segment)
                0x0000000000005fe4                __nrf_sections_load_start__ = ALIGN (__nrf_balloc_end__, 0x4)

.nrf_sections   0x0000000000005fe4        0x0
                0x0000000000005fe4                __nrf_sections_start__ = .
                0x0000000000005fe4                __start_nrf_sections = __nrf_sections_start__
 *(.nrf_sections .nrf_sections.*)
                0x0000000000005fe4                __nrf_sections_end__ = (__nrf_sections_start__ + SIZEOF (.nrf_sections))
                0x0000000000000000                __nrf_sections_size__ = SIZEOF (.nrf_sections)
                0x0000000000005fe4                __nrf_sections_load_end__ = __nrf_sections_end__
                0x0000000000000001                . = ASSERT (((__nrf_sections_start__ == __nrf_sections_end__) || ((__nrf_sections_end__ - __FLASH_segment_start__) <= __FLASH_segment_size__)), error: .nrf_sections is too large to fit in FLASH memory segment)
                0x0000000000005fe4                __log_dynamic_data_load_start__ = ALIGN (__nrf_sections_end__, 0x4)

.log_dynamic_data
                0x0000000020000000        0x0 load address 0x0000000000005fe4
                0x0000000020000000                __log_dynamic_data_start__ = .
 *(SORT_BY_NAME(.log_dynamic_data*))
                0x0000000020000000                __log_dynamic_data_end__ = (__log_dynamic_data_start__ + SIZEOF (.log_dynamic_data))
                0x0000000000000000                __log_dynamic_data_size__ = SIZEOF (.log_dynamic_data)
                0x0000000000005fe4                __log_dynamic_data_load_end__ = (__log_dynamic_data_load_start__ + SIZEOF (.log_dynamic_data))
                0x0000000000000001                . = ASSERT (((__log_dynamic_data_load_start__ == __log_dynamic_data_load_end__) || ((__log_dynamic_data_load_end__ - __FLASH_segment_start__) <= __FLASH_segment_size__)), error: .log_dynamic_data is too large to fit in FLASH memory segment)

.log_dynamic_data_run
                0x0000000020000000        0x0
                0x0000000020000000                __log_dynamic_data_run_start__ = .
                0x0000000020000000                __start_log_dynamic_data = __log_dynamic_data_run_start__
                0x0000000020000000                . = MAX ((__log_dynamic_data_run_start__ + SIZEOF (.log_dynamic_data)), .)
                0x0000000020000000                __log_dynamic_data_run_end__ = (__log_dynamic_data_run_start__ + SIZEOF (.log_dynamic_data_run))
                0x0000000000000000                __log_dynamic_data_run_size__ = SIZEOF (.log_dynamic_data_run)
                0x0000000020000000                __stop_log_dynamic_data = __log_dynamic_data_run_end__
                0x0000000020000000                __log_dynamic_data_run_load_end__ = __log_dynamic_data_run_end__
                0x0000000000000001                . = ASSERT (((__log_dynamic_data_run_start__ == __log_dynamic_data_run_end__) || ((__log_dynamic_data_run_end__ - __RAM_segment_start__) <= __RAM_segment_size__)), error: .log_dynamic_data_run is too large to fit in RAM memory segment)
                0x0000000000005fe4                __log_filter_data_load_start__ = ALIGN ((__log_dynamic_data_load_start__ + SIZEOF (.log_dynamic_data)), 0x4)

.log_filter_data
                0x0000000020000000        0x0 load address 0x0000000000005fe4
                0x0000000020000000                __log_filter_data_start__ = .
 *(SORT_BY_NAME(.log_filter_data*))
                0x0000000020000000                __log_filter_data_end__ = (__log_filter_data_start__ + SIZEOF (.log_filter_data))
                0x0000000000000000                __log_filter_data_size__ = SIZEOF (.log_filter_data)
                0x0000000000005fe4                __log_filter_data_load_end__ = (__log_filter_data_load_start__ + SIZEOF (.log_filter_data))
                0x0000000000000001                . = ASSERT (((__log_filter_data_load_start__ == __log_filter_data_load_end__) || ((__log_filter_data_load_end__ - __FLASH_segment_start__) <= __FLASH_segment_size__)), error: .log_filter_data is too large to fit in FLASH memory segment)

.log_filter_data_run
                0x0000000020000000        0x0
                0x0000000020000000                __log_filter_data_run_start__ = .
                0x0000000020000000                __start_log_filter_data = __log_filter_data_run_start__
                0x0000000020000000                . = MAX ((__log_filter_data_run_start__ + SIZEOF (.log_filter_data)), .)
                0x0000000020000000                __log_filter_data_run_end__ = (__log_filter_data_run_start__ + SIZEOF (.log_filter_data_run))
                0x0000000000000000                __log_filter_data_run_size__ = SIZEOF (.log_filter_data_run)
                0x0000000020000000                __stop_log_filter_data = __log_filter_data_run_end__
                0x0000000020000000                __log_filter_data_run_load_end__ = __log_filter_data_run_end__
                0x0000000000000001                . = ASSERT (((__log_filter_data_run_start__ == __log_filter_data_run_end__) || ((__log_filter_data_run_end__ - __RAM_segment_start__) <= __RAM_segment_size__)), error: .log_filter_data_run is too large to fit in RAM memory segment)
                0x0000000020000000                __nrf_sections_run_end_load_start__ = ALIGN (__log_filter_data_run_end__, 0x4)

.nrf_sections_run_end
                0x0000000020000000        0x0
                0x0000000020000000                __nrf_sections_run_end_start__ = .
                0x0000000020000000                __end_nrf_sections_run = __nrf_sections_run_end_start__
 *(.nrf_sections_run_end .nrf_sections_run_end.*)
                0x0000000020000000                __nrf_sections_run_end_end__ = (__nrf_sections_run_end_start__ + SIZEOF (.nrf_sections_run_end))
                0x0000000000000000                __nrf_sections_run_end_size__ = SIZEOF (.nrf_sections_run_end)
                0x0000000020000000                __nrf_sections_run_end_load_end__ = __nrf_sections_run_end_end__
                0x0000000000000001                . = ASSERT (((__nrf_sections_run_end_start__ == __nrf_sections_run_end_end__) || ((__nrf_sections_run_end_end__ - __RAM_segment_start__) <= __RAM_segment_size__)), error: .nrf_sections_run_end is too large to fit in RAM memory segment)
                0x0000000000005fe4                __dtors_load_start__ = ALIGN ((__log_filter_data_load_start__ + SIZEOF (.log_filter_data)), 0x4)

.dtors          0x0000000000005fe4        0x0
                0x0000000000005fe4                __dtors_start__ = .
 *(SORT_BY_NAME(.dtors.*))
 *(.dtors)
 *(.fini_array)
 *(SORT_BY_NAME(.fini_array.*))
                0x0000000000005fe4                __dtors_end__ = (__dtors_start__ + SIZEOF (.dtors))
                0x0000000000000000                __dtors_size__ = SIZEOF (.dtors)
                0x0000000000005fe4                __dtors_load_end__ = __dtors_end__
                0x0000000000000001                . = ASSERT (((__dtors_start__ == __dtors_end__) || ((__dtors_end__ - __FLASH_segment_start__) <= __FLASH_segment_size__)), error: .dtors is too large to fit in FLASH memory segment)
                0x0000000000005fe4                __ctors_load_start__ = ALIGN (__dtors_end__, 0x4)

.ctors          0x0000000000005fe4        0x0
                0x0000000000005fe4                __ctors_start__ = .
 *(SORT_BY_NAME(.ctors.*))
 *(.ctors)
 *(.init_array)
 *(SORT_BY_NAME(.init_array.*))
                0x0000000000005fe4                __ctors_end__ = (__ctors_start__ + SIZEOF (.ctors))
                0x0000000000000000                __ctors_size__ = SIZEOF (.ctors)
                0x0000000000005fe4                __ctors_load_end__ = __ctors_end__
                0x0000000000000001                . = ASSERT (((__ctors_start__ == __ctors_end__) || ((__ctors_end__ - __FLASH_segment_start__) <= __FLASH_segment_size__)), error: .ctors is too large to fit in FLASH memory segment)
                0x0000000000005fe4                __rodata_load_start__ = ALIGN (__ctors_end__, 0x4)

.rodata         0x0000000000005fe4     0x12f4
                0x0000000000005fe4                __rodata_start__ = .
 *(.rodata .rodata.* .gnu.linkonce.r.*)
 .rodata        0x0000000000005fe4       0x94 Output/spi_pca10056 Debug/Obj/nrf_log_backend_uart.o
 .rodata.nrf_log_backend_uart_api
                0x0000000000006078        0xc Output/spi_pca10056 Debug/Obj/nrf_log_backend_uart.o
                0x0000000000006078                nrf_log_backend_uart_api
 .rodata        0x0000000000006084       0x89 Output/spi_pca10056 Debug/Obj/nrf_log_default_backends.o
 *fill*         0x000000000000610d        0x3 
 .rodata.m_log_push_ringbuf
                0x0000000000006110        0xc Output/spi_pca10056 Debug/Obj/nrf_log_frontend.o
 .rodata        0x000000000000611c       0x85 Output/spi_pca10056 Debug/Obj/nrf_log_frontend.o
 *fill*         0x00000000000061a1        0x3 
 .rodata        0x00000000000061a4       0xaa Output/spi_pca10056 Debug/Obj/nrf_log_str_formatter.o
 *fill*         0x000000000000624e        0x2 
 .rodata        0x0000000000006250       0x88 Output/spi_pca10056 Debug/Obj/boards.o
 .rodata.m_board_led_list
                0x00000000000062d8        0x4 Output/spi_pca10056 Debug/Obj/boards.o
 .rodata.m_board_btn_list
                0x00000000000062dc        0x4 Output/spi_pca10056 Debug/Obj/boards.o
 .rodata        0x00000000000062e0       0x72 Output/spi_pca10056 Debug/Obj/app_button.o
 *fill*         0x0000000000006352        0x2 
 .rodata        0x0000000000006354       0x70 Output/spi_pca10056 Debug/Obj/app_error_weak.o
 .rodata        0x00000000000063c4       0x78 Output/spi_pca10056 Debug/Obj/app_timer2.o
 .rodata        0x000000000000643c       0x6b Output/spi_pca10056 Debug/Obj/app_util_platform.o
 *fill*         0x00000000000064a7        0x1 
 .rodata        0x00000000000064a8       0x66 Output/spi_pca10056 Debug/Obj/nrf_balloc.o
 *fill*         0x000000000000650e        0x2 
 .rodata        0x0000000000006510       0x5c Output/spi_pca10056 Debug/Obj/nrf_fprintf.o
 .rodata        0x000000000000656c       0x63 Output/spi_pca10056 Debug/Obj/nrf_fprintf_format.o
 *fill*         0x00000000000065cf        0x1 
 .rodata._aV2C.7754
                0x00000000000065d0       0x10 Output/spi_pca10056 Debug/Obj/nrf_fprintf_format.o
 .rodata        0x00000000000065e0       0x66 Output/spi_pca10056 Debug/Obj/nrf_memobj.o
 *fill*         0x0000000000006646        0x2 
 .rodata        0x0000000000006648       0x76 Output/spi_pca10056 Debug/Obj/nrf_sortlist.o
 *fill*         0x00000000000066be        0x2 
 .rodata.m_unknown_str
                0x00000000000066c0       0x13 Output/spi_pca10056 Debug/Obj/nrf_strerror.o
 *fill*         0x00000000000066d3        0x1 
 .rodata        0x00000000000066d4      0x3bd Output/spi_pca10056 Debug/Obj/nrf_strerror.o
 *fill*         0x0000000000006a91        0x3 
 .rodata.nrf_strerror_array
                0x0000000000006a94      0x118 Output/spi_pca10056 Debug/Obj/nrf_strerror.o
 .rodata        0x0000000000006bac       0x10 Output/spi_pca10056 Debug/Obj/nrf_drv_spi.o
 .rodata        0x0000000000006bbc       0x64 Output/spi_pca10056 Debug/Obj/nrf_drv_uart.o
 .rodata        0x0000000000006c20       0xd4 Output/spi_pca10056 Debug/Obj/nrfx_gpiote.o
 .rodata        0x0000000000006cf4       0x69 Output/spi_pca10056 Debug/Obj/nrfx_prs.o
 *fill*         0x0000000000006d5d        0x3 
 .rodata        0x0000000000006d60       0xca Output/spi_pca10056 Debug/Obj/nrfx_spim.o
 *fill*         0x0000000000006e2a        0x2 
 .rodata.irq_handlers.8787
                0x0000000000006e2c        0x4 Output/spi_pca10056 Debug/Obj/nrfx_spim.o
 .rodata        0x0000000000006e30       0xca Output/spi_pca10056 Debug/Obj/nrfx_uart.o
 *fill*         0x0000000000006efa        0x2 
 .rodata.irq_handlers.8771
                0x0000000000006efc        0x4 Output/spi_pca10056 Debug/Obj/nrfx_uart.o
 .rodata        0x0000000000006f00       0xcb Output/spi_pca10056 Debug/Obj/nrfx_uarte.o
 *fill*         0x0000000000006fcb        0x1 
 .rodata.irq_handlers.8813
                0x0000000000006fcc        0x4 Output/spi_pca10056 Debug/Obj/nrfx_uarte.o
 .rodata.spi    0x0000000000006fd0       0x10 Output/spi_pca10056 Debug/Obj/main.o
 .rodata        0x0000000000006fe0       0xa4 Output/spi_pca10056 Debug/Obj/main.o
 *fill*         0x0000000000007084        0xc 
 .rodata.delay_machine_code.7826
                0x0000000000007090        0x6 Output/spi_pca10056 Debug/Obj/main.o
 *fill*         0x0000000000007096        0x2 
 .rodata.libc.__RAL_ascii_ctype_map
                0x0000000000007098       0x80 C:/Program Files/SEGGER/SEGGER Embedded Studio for ARM 4.22/lib/libc_v7em_fpv4_sp_d16_hard_t_le_eabi.a(libc2.o)
                0x0000000000007098                __RAL_ascii_ctype_map
 .rodata.libc.__RAL_ascii_ctype_mask
                0x0000000000007118        0xd C:/Program Files/SEGGER/SEGGER Embedded Studio for ARM 4.22/lib/libc_v7em_fpv4_sp_d16_hard_t_le_eabi.a(libc2.o)
 *fill*         0x0000000000007125        0x3 
 .rodata.libc.__RAL_c_locale
                0x0000000000007128        0xc C:/Program Files/SEGGER/SEGGER Embedded Studio for ARM 4.22/lib/libc_v7em_fpv4_sp_d16_hard_t_le_eabi.a(libc2.o)
                0x0000000000007128                __RAL_c_locale
 .rodata.libc.__RAL_c_locale_abbrev_day_names
                0x0000000000007134       0x1d C:/Program Files/SEGGER/SEGGER Embedded Studio for ARM 4.22/lib/libc_v7em_fpv4_sp_d16_hard_t_le_eabi.a(libc2.o)
                0x0000000000007134                __RAL_c_locale_abbrev_day_names
 *fill*         0x0000000000007151        0x3 
 .rodata.libc.__RAL_c_locale_abbrev_month_names
                0x0000000000007154       0x31 C:/Program Files/SEGGER/SEGGER Embedded Studio for ARM 4.22/lib/libc_v7em_fpv4_sp_d16_hard_t_le_eabi.a(libc2.o)
                0x0000000000007154                __RAL_c_locale_abbrev_month_names
 *fill*         0x0000000000007185        0x3 
 .rodata.libc.__RAL_c_locale_am_pm_indicator
                0x0000000000007188        0x7 C:/Program Files/SEGGER/SEGGER Embedded Studio for ARM 4.22/lib/libc_v7em_fpv4_sp_d16_hard_t_le_eabi.a(libc2.o)
                0x0000000000007188                __RAL_c_locale_am_pm_indicator
 *fill*         0x000000000000718f        0x1 
 .rodata.libc.__RAL_c_locale_data
                0x0000000000007190       0x58 C:/Program Files/SEGGER/SEGGER Embedded Studio for ARM 4.22/lib/libc_v7em_fpv4_sp_d16_hard_t_le_eabi.a(libc2.o)
                0x0000000000007190                __RAL_c_locale_data
 .rodata.libc.__RAL_c_locale_date_format
                0x00000000000071e8        0x9 C:/Program Files/SEGGER/SEGGER Embedded Studio for ARM 4.22/lib/libc_v7em_fpv4_sp_d16_hard_t_le_eabi.a(libc2.o)
                0x00000000000071e8                __RAL_c_locale_date_format
 *fill*         0x00000000000071f1        0x3 
 .rodata.libc.__RAL_c_locale_date_time_format
                0x00000000000071f4        0xf C:/Program Files/SEGGER/SEGGER Embedded Studio for ARM 4.22/lib/libc_v7em_fpv4_sp_d16_hard_t_le_eabi.a(libc2.o)
                0x00000000000071f4                __RAL_c_locale_date_time_format
 *fill*         0x0000000000007203        0x1 
 .rodata.libc.__RAL_c_locale_day_names
                0x0000000000007204       0x3a C:/Program Files/SEGGER/SEGGER Embedded Studio for ARM 4.22/lib/libc_v7em_fpv4_sp_d16_hard_t_le_eabi.a(libc2.o)
                0x0000000000007204                __RAL_c_locale_day_names
 *fill*         0x000000000000723e        0x2 
 .rodata.libc.__RAL_c_locale_month_names
                0x0000000000007240       0x57 C:/Program Files/SEGGER/SEGGER Embedded Studio for ARM 4.22/lib/libc_v7em_fpv4_sp_d16_hard_t_le_eabi.a(libc2.o)
                0x0000000000007240                __RAL_c_locale_month_names
 *fill*         0x0000000000007297        0x1 
 .rodata.libc.__RAL_c_locale_time_format
                0x0000000000007298        0x9 C:/Program Files/SEGGER/SEGGER Embedded Studio for ARM 4.22/lib/libc_v7em_fpv4_sp_d16_hard_t_le_eabi.a(libc2.o)
                0x0000000000007298                __RAL_c_locale_time_format
 *fill*         0x00000000000072a1        0x3 
 .rodata.libc.__RAL_codeset_ascii
                0x00000000000072a4       0x20 C:/Program Files/SEGGER/SEGGER Embedded Studio for ARM 4.22/lib/libc_v7em_fpv4_sp_d16_hard_t_le_eabi.a(libc2.o)
                0x00000000000072a4                __RAL_codeset_ascii
 .rodata.libc.__RAL_data_empty_string
                0x00000000000072c4        0x1 C:/Program Files/SEGGER/SEGGER Embedded Studio for ARM 4.22/lib/libc_v7em_fpv4_sp_d16_hard_t_le_eabi.a(libc2.o)
                0x00000000000072c4                __RAL_data_empty_string
 *fill*         0x00000000000072c5        0x3 
 .rodata.libc.__RAL_data_utf8_period
                0x00000000000072c8        0x2 C:/Program Files/SEGGER/SEGGER Embedded Studio for ARM 4.22/lib/libc_v7em_fpv4_sp_d16_hard_t_le_eabi.a(libc2.o)
                0x00000000000072c8                __RAL_data_utf8_period
 *fill*         0x00000000000072ca        0x2 
 .rodata.libc.__RAL_find_locale.str1.4
                0x00000000000072cc        0xc C:/Program Files/SEGGER/SEGGER Embedded Studio for ARM 4.22/lib/libc_v7em_fpv4_sp_d16_hard_t_le_eabi.a(libc2.o)
                                          0xa (size before relaxing)
                0x00000000000072d8                __rodata_end__ = (__rodata_start__ + SIZEOF (.rodata))
                0x00000000000012f4                __rodata_size__ = SIZEOF (.rodata)
                0x00000000000072d8                __rodata_load_end__ = __rodata_end__

.rel.dyn        0x00000000000072d8        0x0
 .rel.iplt      0x00000000000072d8        0x0 Output/spi_pca10056 Debug/Obj/thumb_crt0.o
                0x0000000000000001                . = ASSERT (((__rodata_start__ == __rodata_end__) || ((__rodata_end__ - __FLASH_segment_start__) <= __FLASH_segment_size__)), error: .rodata is too large to fit in FLASH memory segment)
                0x00000000000072d8                __ARM.exidx_load_start__ = ALIGN (__rodata_end__, 0x4)

.ARM.exidx      0x00000000000072d8        0x0
                0x00000000000072d8                __ARM.exidx_start__ = .
                0x00000000000072d8                __exidx_start = __ARM.exidx_start__
 *(.ARM.exidx .ARM.exidx.*)
                0x00000000000072d8                __ARM.exidx_end__ = (__ARM.exidx_start__ + SIZEOF (.ARM.exidx))
                0x0000000000000000                __ARM.exidx_size__ = SIZEOF (.ARM.exidx)
                0x00000000000072d8                __exidx_end = __ARM.exidx_end__
                0x00000000000072d8                __ARM.exidx_load_end__ = __ARM.exidx_end__
                0x0000000000000001                . = ASSERT (((__ARM.exidx_start__ == __ARM.exidx_end__) || ((__ARM.exidx_end__ - __FLASH_segment_start__) <= __FLASH_segment_size__)), error: .ARM.exidx is too large to fit in FLASH memory segment)
                0x00000000000072d8                __fast_load_start__ = ALIGN (__ARM.exidx_end__, 0x4)

.fast           0x0000000020000000        0x0 load address 0x00000000000072d8
                0x0000000020000000                __fast_start__ = .
 *(.fast .fast.*)
                0x0000000020000000                __fast_end__ = (__fast_start__ + SIZEOF (.fast))
                0x0000000000000000                __fast_size__ = SIZEOF (.fast)
                0x00000000000072d8                __fast_load_end__ = (__fast_load_start__ + SIZEOF (.fast))
                0x0000000000000001                . = ASSERT (((__fast_load_start__ == __fast_load_end__) || ((__fast_load_end__ - __FLASH_segment_start__) <= __FLASH_segment_size__)), error: .fast is too large to fit in FLASH memory segment)

.fast_run       0x0000000020000000        0x0
                0x0000000020000000                __fast_run_start__ = .
                0x0000000020000000                . = MAX ((__fast_run_start__ + SIZEOF (.fast)), .)
                0x0000000020000000                __fast_run_end__ = (__fast_run_start__ + SIZEOF (.fast_run))
                0x0000000000000000                __fast_run_size__ = SIZEOF (.fast_run)
                0x0000000020000000                __fast_run_load_end__ = __fast_run_end__
                0x0000000000000001                . = ASSERT (((__fast_run_start__ == __fast_run_end__) || ((__fast_run_end__ - __RAM_segment_start__) <= __RAM_segment_size__)), error: .fast_run is too large to fit in RAM memory segment)
                0x00000000000072d8                __data_load_start__ = ALIGN ((__fast_load_start__ + SIZEOF (.fast)), 0x4)

.data           0x0000000020000000       0x74 load address 0x00000000000072d8
                0x0000000020000000                __data_start__ = .
 *(.data .data.* .gnu.linkonce.d.*)
 .data.m_uart   0x0000000020000000       0x14 Output/spi_pca10056 Debug/Obj/nrf_log_backend_uart.o
                0x0000000020000000                m_uart
 .data.log_backend_cb_uart_log_backend
                0x0000000020000014        0x8 Output/spi_pca10056 Debug/Obj/nrf_log_default_backends.o
 .data.severity_names
                0x000000002000001c       0x14 Output/spi_pca10056 Debug/Obj/nrf_log_str_formatter.o
 .data.m_colors
                0x0000000020000030       0x24 Output/spi_pca10056 Debug/Obj/nrf_log_str_formatter.o
 .data.m_tx_buf
                0x0000000020000054        0x7 Output/spi_pca10056 Debug/Obj/main.o
 *fill*         0x000000002000005b        0x1 
 .data.SystemCoreClock
                0x000000002000005c        0x4 Output/spi_pca10056 Debug/Obj/system_nrf52840.o
                0x000000002000005c                SystemCoreClock
 .data.libc.__RAL_global_locale
                0x0000000020000060       0x14 C:/Program Files/SEGGER/SEGGER Embedded Studio for ARM 4.22/lib/libc_v7em_fpv4_sp_d16_hard_t_le_eabi.a(libc2.o)
                0x0000000020000060                __RAL_global_locale
                0x0000000020000074                __data_end__ = (__data_start__ + SIZEOF (.data))
                0x0000000000000074                __data_size__ = SIZEOF (.data)
                0x000000000000734c                __data_load_end__ = (__data_load_start__ + SIZEOF (.data))

.igot.plt       0x0000000100000000        0x0
 .igot.plt      0x0000000100000000        0x0 Output/spi_pca10056 Debug/Obj/thumb_crt0.o
                0x0000000000000001                . = ASSERT (((__data_load_start__ == __data_load_end__) || ((__data_load_end__ - __FLASH_segment_start__) <= __FLASH_segment_size__)), error: .data is too large to fit in FLASH memory segment)

.data_run       0x0000000020000000       0x74 load address 0x00000000000072d8
                0x0000000020000000                __data_run_start__ = .
                0x0000000020000074                . = MAX ((__data_run_start__ + SIZEOF (.data)), .)
 *fill*         0x0000000020000000       0x74 
                0x0000000020000074                __data_run_end__ = (__data_run_start__ + SIZEOF (.data_run))
                0x0000000000000074                __data_run_size__ = SIZEOF (.data_run)
                0x0000000020000074                __data_run_load_end__ = __data_run_end__
                0x0000000000000001                . = ASSERT (((__data_run_start__ == __data_run_end__) || ((__data_run_end__ - __RAM_segment_start__) <= __RAM_segment_size__)), error: .data_run is too large to fit in RAM memory segment)
                0x000000000000734c                __tdata_load_start__ = ALIGN ((__data_load_start__ + SIZEOF (.data)), 0x4)

.tdata          0x0000000020000074        0x0 load address 0x000000000000734c
                0x0000000020000074                __tdata_start__ = .
 *(.tdata .tdata.*)
                0x0000000020000074                __tdata_end__ = (__tdata_start__ + SIZEOF (.tdata))
                0x0000000000000000                __tdata_size__ = SIZEOF (.tdata)
                0x000000000000734c                __tdata_load_end__ = (__tdata_load_start__ + SIZEOF (.tdata))
                0x000000000000734c                __FLASH_segment_used_end__ = (ALIGN ((__data_load_start__ + SIZEOF (.data)), 0x4) + SIZEOF (.tdata))
                0x000000000000734c                __FLASH_segment_used_size__ = (__FLASH_segment_used_end__ - __FLASH_segment_start__)
                0x0000000000000001                . = ASSERT (((__tdata_load_start__ == __tdata_load_end__) || ((__tdata_load_end__ - __FLASH_segment_start__) <= __FLASH_segment_size__)), error: .tdata is too large to fit in FLASH memory segment)

.tdata_run      0x0000000020000074        0x0
                0x0000000020000074                __tdata_run_start__ = .
                0x0000000020000074                . = MAX ((__tdata_run_start__ + SIZEOF (.tdata)), .)
                0x0000000020000074                __tdata_run_end__ = (__tdata_run_start__ + SIZEOF (.tdata_run))
                0x0000000000000000                __tdata_run_size__ = SIZEOF (.tdata_run)
                0x0000000020000074                __tdata_run_load_end__ = __tdata_run_end__
                0x0000000000000001                . = ASSERT (((__tdata_run_start__ == __tdata_run_end__) || ((__tdata_run_end__ - __RAM_segment_start__) <= __RAM_segment_size__)), error: .tdata_run is too large to fit in RAM memory segment)
                0x0000000020000074                __bss_load_start__ = ALIGN (__tdata_run_end__, 0x4)

.bss            0x0000000020000074      0x728
                0x0000000020000074                __bss_start__ = .
 *(.bss .bss.* .gnu.linkonce.b.*)
 .bss.m_string_buff
                0x0000000020000074       0x40 Output/spi_pca10056 Debug/Obj/nrf_log_backend_uart.o
 .bss.m_xfer_done
                0x00000000200000b4        0x1 Output/spi_pca10056 Debug/Obj/nrf_log_backend_uart.o
 .bss.m_async_mode
                0x00000000200000b5        0x1 Output/spi_pca10056 Debug/Obj/nrf_log_backend_uart.o
 *fill*         0x00000000200000b6        0x2 
 .bss.log_mempool_nrf_balloc_pool_stack
                0x00000000200000b8        0x8 Output/spi_pca10056 Debug/Obj/nrf_log_frontend.o
 .bss.log_mempool_nrf_balloc_pool_mem
                0x00000000200000c0       0xc0 Output/spi_pca10056 Debug/Obj/nrf_log_frontend.o
 .bss.log_mempool_nrf_balloc_cb
                0x0000000020000180        0x8 Output/spi_pca10056 Debug/Obj/nrf_log_frontend.o
 .bss.m_log_push_ringbuf_buf
                0x0000000020000188       0x80 Output/spi_pca10056 Debug/Obj/nrf_log_frontend.o
 .bss.m_log_push_ringbuf_cb
                0x0000000020000208       0x18 Output/spi_pca10056 Debug/Obj/nrf_log_frontend.o
 .bss.m_log_data
                0x0000000020000220      0x424 Output/spi_pca10056 Debug/Obj/nrf_log_frontend.o
 .bss.m_error_data.7679
                0x0000000020000644       0x20 Output/spi_pca10056 Debug/Obj/app_error.o
 .bss.m_in_critical_region
                0x0000000020000664        0x4 Output/spi_pca10056 Debug/Obj/app_util_platform.o
 .bss.m_handlers
                0x0000000020000668        0x4 Output/spi_pca10056 Debug/Obj/drv_rtc.o
 .bss.m_cb      0x000000002000066c        0x8 Output/spi_pca10056 Debug/Obj/drv_rtc.o
 .bss.m_handlers
                0x0000000020000674       0x10 Output/spi_pca10056 Debug/Obj/nrf_drv_spi.o
 .bss.m_contexts
                0x0000000020000684       0x10 Output/spi_pca10056 Debug/Obj/nrf_drv_spi.o
 .bss.m_handlers
                0x0000000020000694        0x8 Output/spi_pca10056 Debug/Obj/nrf_drv_uart.o
 .bss.m_contexts
                0x000000002000069c        0x8 Output/spi_pca10056 Debug/Obj/nrf_drv_uart.o
 .bss.nrf_drv_uart_use_easy_dma
                0x00000000200006a4        0x2 Output/spi_pca10056 Debug/Obj/nrf_drv_uart.o
                0x00000000200006a4                nrf_drv_uart_use_easy_dma
 *fill*         0x00000000200006a6        0x2 
 .bss.m_cb      0x00000000200006a8       0x6c Output/spi_pca10056 Debug/Obj/nrfx_gpiote.o
 .bss.m_prs_box_4
                0x0000000020000714        0x8 Output/spi_pca10056 Debug/Obj/nrfx_prs.o
 .bss.m_cb      0x000000002000071c       0x24 Output/spi_pca10056 Debug/Obj/nrfx_spim.o
 .bss.m_cb      0x0000000020000740       0x2c Output/spi_pca10056 Debug/Obj/nrfx_uart.o
 .bss.m_cb      0x000000002000076c       0x24 Output/spi_pca10056 Debug/Obj/nrfx_uarte.o
 .bss.spi_xfer_done
                0x0000000020000790        0x1 Output/spi_pca10056 Debug/Obj/main.o
 *fill*         0x0000000020000791        0x3 
 .bss.m_rx_buf  0x0000000020000794        0x8 Output/spi_pca10056 Debug/Obj/main.o
 *(COMMON)
                0x000000002000079c                __bss_end__ = (__bss_start__ + SIZEOF (.bss))
                0x0000000000000728                __bss_size__ = SIZEOF (.bss)
                0x000000002000079c                __bss_load_end__ = __bss_end__
                0x0000000000000001                . = ASSERT (((__bss_start__ == __bss_end__) || ((__bss_end__ - __RAM_segment_start__) <= __RAM_segment_size__)), error: .bss is too large to fit in RAM memory segment)
                0x000000002000079c                __tbss_load_start__ = ALIGN (__bss_end__, 0x4)

.tbss           0x000000002000079c        0x0
                0x000000002000079c                __tbss_start__ = .
 *(.tbss .tbss.*)
                0x000000002000079c                __tbss_end__ = (__tbss_start__ + SIZEOF (.tbss))
                0x0000000000000000                __tbss_size__ = SIZEOF (.tbss)
                0x000000002000079c                __tbss_load_end__ = __tbss_end__
                0x0000000000000001                . = ASSERT (((__tbss_start__ == __tbss_end__) || ((__tbss_end__ - __RAM_segment_start__) <= __RAM_segment_size__)), error: .tbss is too large to fit in RAM memory segment)
                0x000000002000079c                __non_init_load_start__ = ALIGN (__tbss_end__, 0x4)

.non_init       0x000000002000079c        0x0
                0x000000002000079c                __non_init_start__ = .
 *(.non_init .non_init.*)
                0x000000002000079c                __non_init_end__ = (__non_init_start__ + SIZEOF (.non_init))
                0x0000000000000000                __non_init_size__ = SIZEOF (.non_init)
                0x000000002000079c                __non_init_load_end__ = __non_init_end__
                0x0000000000000001                . = ASSERT (((__non_init_start__ == __non_init_end__) || ((__non_init_end__ - __RAM_segment_start__) <= __RAM_segment_size__)), error: .non_init is too large to fit in RAM memory segment)
                0x000000002000079c                __heap_load_start__ = ALIGN (__non_init_end__, 0x4)

.heap           0x000000002000079c     0x2000
                0x000000002000079c                __heap_start__ = .
 *(.heap .heap.*)
                0x000000002000279c                . = ALIGN (MAX ((__heap_start__ + __HEAPSIZE__), .), 0x4)
 *fill*         0x000000002000079c     0x2000 
                0x000000002000279c                __heap_end__ = (__heap_start__ + SIZEOF (.heap))
                0x0000000000002000                __heap_size__ = SIZEOF (.heap)
                0x000000002000279c                __heap_load_end__ = __heap_end__
                0x0000000000000001                . = ASSERT (((__heap_start__ == __heap_end__) || ((__heap_end__ - __RAM_segment_start__) <= __RAM_segment_size__)), error: .heap is too large to fit in RAM memory segment)
                0x000000002003e000                __stack_load_start__ = (__RAM_segment_start__ + (__RAM_segment_size__ - 0x2000))

.stack          0x000000002003e000     0x2000
                0x000000002003e000                __stack_start__ = .
                0x000000002003e000                __StackLimit = __stack_start__
 *(.stack .stack.*)
                0x0000000020040000                . = ALIGN (MAX ((__stack_start__ + __STACKSIZE__), .), 0x8)
 *fill*         0x000000002003e000     0x2000 
                0x0000000020040000                __stack_end__ = (__stack_start__ + SIZEOF (.stack))
                0x0000000000002000                __stack_size__ = SIZEOF (.stack)
                0x0000000020040000                __StackTop = __stack_end__
                0x0000000020040000                __stack_load_end__ = __stack_end__
                0x0000000000000001                . = ASSERT (((__stack_start__ == __stack_end__) || ((__stack_end__ - __RAM_segment_start__) <= __RAM_segment_size__)), error: .stack is too large to fit in RAM memory segment)
                0x0000000000000001                . = ASSERT ((__heap_end__ <= __stack_start__), error: section .heap overlaps absolute placed section .stack)
                0x0000000020040000                __stack_process_load_start__ = ALIGN (__stack_end__, 0x8)

.stack_process  0x0000000020040000        0x0
                0x0000000020040000                __stack_process_start__ = .
 *(.stack_process .stack_process.*)
                0x0000000020040000                . = ALIGN (MAX ((__stack_process_start__ + __STACKSIZE_PROCESS__), .), 0x8)
                0x0000000020040000                __stack_process_end__ = (__stack_process_start__ + SIZEOF (.stack_process))
                0x0000000000000000                __stack_process_size__ = SIZEOF (.stack_process)
                0x0000000020040000                __stack_process_load_end__ = __stack_process_end__
                0x0000000020040000                __RAM_segment_used_end__ = (ALIGN (__stack_end__, 0x8) + SIZEOF (.stack_process))
                0x0000000000040000                __RAM_segment_used_size__ = (__RAM_segment_used_end__ - __RAM_segment_start__)
                0x0000000000000001                . = ASSERT (((__stack_process_start__ == __stack_process_end__) || ((__stack_process_end__ - __RAM_segment_start__) <= __RAM_segment_size__)), error: .stack_process is too large to fit in RAM memory segment)
START GROUP
LOAD Output/spi_pca10056 Debug/Obj/thumb_crt0.o
LOAD Output/spi_pca10056 Debug/Obj/nrf_log_backend_rtt.o
LOAD Output/spi_pca10056 Debug/Obj/nrf_log_backend_serial.o
LOAD Output/spi_pca10056 Debug/Obj/nrf_log_backend_uart.o
LOAD Output/spi_pca10056 Debug/Obj/nrf_log_default_backends.o
LOAD Output/spi_pca10056 Debug/Obj/nrf_log_frontend.o
LOAD Output/spi_pca10056 Debug/Obj/nrf_log_str_formatter.o
LOAD Output/spi_pca10056 Debug/Obj/boards.o
LOAD Output/spi_pca10056 Debug/Obj/app_button.o
LOAD Output/spi_pca10056 Debug/Obj/app_error.o
LOAD Output/spi_pca10056 Debug/Obj/app_error_handler_gcc.o
LOAD Output/spi_pca10056 Debug/Obj/app_error_weak.o
LOAD Output/spi_pca10056 Debug/Obj/app_scheduler.o
LOAD Output/spi_pca10056 Debug/Obj/app_timer2.o
LOAD Output/spi_pca10056 Debug/Obj/app_util_platform.o
LOAD Output/spi_pca10056 Debug/Obj/drv_rtc.o
LOAD Output/spi_pca10056 Debug/Obj/nrf_assert.o
LOAD Output/spi_pca10056 Debug/Obj/nrf_atfifo.o
LOAD Output/spi_pca10056 Debug/Obj/nrf_atomic.o
LOAD Output/spi_pca10056 Debug/Obj/nrf_balloc.o
LOAD Output/spi_pca10056 Debug/Obj/nrf_fprintf.o
LOAD Output/spi_pca10056 Debug/Obj/nrf_fprintf_format.o
LOAD Output/spi_pca10056 Debug/Obj/nrf_memobj.o
LOAD Output/spi_pca10056 Debug/Obj/nrf_ringbuf.o
LOAD Output/spi_pca10056 Debug/Obj/nrf_sortlist.o
LOAD Output/spi_pca10056 Debug/Obj/nrf_strerror.o
LOAD Output/spi_pca10056 Debug/Obj/nrf_drv_spi.o
LOAD Output/spi_pca10056 Debug/Obj/nrf_drv_uart.o
LOAD Output/spi_pca10056 Debug/Obj/nrfx_atomic.o
LOAD Output/spi_pca10056 Debug/Obj/nrfx_gpiote.o
LOAD Output/spi_pca10056 Debug/Obj/nrfx_prs.o
LOAD Output/spi_pca10056 Debug/Obj/nrfx_spi.o
LOAD Output/spi_pca10056 Debug/Obj/nrfx_spim.o
LOAD Output/spi_pca10056 Debug/Obj/nrfx_uart.o
LOAD Output/spi_pca10056 Debug/Obj/nrfx_uarte.o
LOAD Output/spi_pca10056 Debug/Obj/bsp.o
LOAD Output/spi_pca10056 Debug/Obj/main.o
LOAD Output/spi_pca10056 Debug/Obj/SEGGER_RTT.o
LOAD Output/spi_pca10056 Debug/Obj/SEGGER_RTT_Syscalls_SES.o
LOAD Output/spi_pca10056 Debug/Obj/SEGGER_RTT_printf.o
LOAD Output/spi_pca10056 Debug/Obj/ses_startup_nrf52840.o
LOAD Output/spi_pca10056 Debug/Obj/ses_startup_nrf_common.o
LOAD Output/spi_pca10056 Debug/Obj/system_nrf52840.o
LOAD C:/Program Files/SEGGER/SEGGER Embedded Studio for ARM 4.22/lib/libdebugio_mempoll_v7em_fpv4_sp_d16_hard_t_le_eabi.a
LOAD C:/Program Files/SEGGER/SEGGER Embedded Studio for ARM 4.22/lib/libm_v7em_fpv4_sp_d16_hard_t_le_eabi.a
LOAD C:/Program Files/SEGGER/SEGGER Embedded Studio for ARM 4.22/lib/libc_v7em_fpv4_sp_d16_hard_t_le_eabi.a
LOAD C:/Program Files/SEGGER/SEGGER Embedded Studio for ARM 4.22/lib/libcpp_v7em_fpv4_sp_d16_hard_t_le_eabi.a
LOAD C:/Program Files/SEGGER/SEGGER Embedded Studio for ARM 4.22/lib/libdebugio_v7em_fpv4_sp_d16_hard_t_le_eabi.a
LOAD C:/Program Files/SEGGER/SEGGER Embedded Studio for ARM 4.22/lib/libvfprintf_v7em_fpv4_sp_d16_hard_t_le_eabi.o
LOAD C:/Program Files/SEGGER/SEGGER Embedded Studio for ARM 4.22/lib/libvfscanf_v7em_fpv4_sp_d16_hard_t_le_eabi.o
END GROUP
OUTPUT(Output/Debug/Exe/spi_pca10056.elf elf32-littlearm)

.ARM.attributes
                0x0000000000000000       0x35
 .ARM.attributes
                0x0000000000000000       0x25 Output/spi_pca10056 Debug/Obj/thumb_crt0.o
 .ARM.attributes