Archive member included to satisfy reference by file (symbol)

C:/Program Files/SEGGER/SEGGER Embedded Studio for ARM 4.22/lib/libc_v7em_fpv4_sp_d16_hard_t_le_eabi.a(libc_asm.o)
                              Output/spi_pca10056 Release/Obj/bsp.o (__aeabi_uldivmod)
C:/Program Files/SEGGER/SEGGER Embedded Studio for ARM 4.22/lib/libc_v7em_fpv4_sp_d16_hard_t_le_eabi.a(libc2.o)
                              Output/spi_pca10056 Release/Obj/nrf_log_str_formatter.o (isprint)
C:/Program Files/SEGGER/SEGGER Embedded Studio for ARM 4.22/lib/libc_v7em_fpv4_sp_d16_hard_t_le_eabi.a(libc2_asm.o)
                              Output/spi_pca10056 Release/Obj/nrf_log_frontend.o (memcpy)
C:/Program Files/SEGGER/SEGGER Embedded Studio for ARM 4.22/lib/libc_v7em_fpv4_sp_d16_hard_t_le_eabi.a(libc.o)
                              C:/Program Files/SEGGER/SEGGER Embedded Studio for ARM 4.22/lib/libc_v7em_fpv4_sp_d16_hard_t_le_eabi.a(libc2.o) (__heap_lock)
C:/Program Files/SEGGER/SEGGER Embedded Studio for ARM 4.22/lib/libdebugio_v7em_fpv4_sp_d16_hard_t_le_eabi.a(libdebugio.o)
                              Output/spi_pca10056 Release/Obj/thumb_crt0.o (debug_fopen)
C:/Program Files/SEGGER/SEGGER Embedded Studio for ARM 4.22/lib/libdebugio_mempoll_v7em_fpv4_sp_d16_hard_t_le_eabi.a(mempoll_debug_operations.o)
                              C:/Program Files/SEGGER/SEGGER Embedded Studio for ARM 4.22/lib/libdebugio_v7em_fpv4_sp_d16_hard_t_le_eabi.a(libdebugio.o) (__do_debug_operation)
C:/Program Files/SEGGER/SEGGER Embedded Studio for ARM 4.22/lib/libdebugio_mempoll_v7em_fpv4_sp_d16_hard_t_le_eabi.a(do_nv_debug_operation.o)
                              C:/Program Files/SEGGER/SEGGER Embedded Studio for ARM 4.22/lib/libdebugio_v7em_fpv4_sp_d16_hard_t_le_eabi.a(libdebugio.o) (__do_nvdebug_operation)
C:/Program Files/SEGGER/SEGGER Embedded Studio for ARM 4.22/lib/libm_v7em_fpv4_sp_d16_hard_t_le_eabi.a(libm_asm.o)
                              C:/Program Files/SEGGER/SEGGER Embedded Studio for ARM 4.22/lib/libc_v7em_fpv4_sp_d16_hard_t_le_eabi.a(libc2.o) (__aeabi_i2d)
C:/Program Files/SEGGER/SEGGER Embedded Studio for ARM 4.22/lib/libm_v7em_fpv4_sp_d16_hard_t_le_eabi.a(libm2.o)
                              C:/Program Files/SEGGER/SEGGER Embedded Studio for ARM 4.22/lib/libvfprintf_v7em_fpv4_sp_d16_hard_t_le_eabi.o (frexp)
C:/Program Files/SEGGER/SEGGER Embedded Studio for ARM 4.22/lib/libm_v7em_fpv4_sp_d16_hard_t_le_eabi.a(libm2_asm.o)
                              C:/Program Files/SEGGER/SEGGER Embedded Studio for ARM 4.22/lib/libm_v7em_fpv4_sp_d16_hard_t_le_eabi.a(libm2.o) (fabs)

Discarded input sections

 .text          0x0000000000000000        0x0 Output/spi_pca10056 Release/Obj/thumb_crt0.o
 .data          0x0000000000000000        0x0 Output/spi_pca10056 Release/Obj/thumb_crt0.o
 .bss           0x0000000000000000        0x0 Output/spi_pca10056 Release/Obj/thumb_crt0.o
 .text.__aeabi_read_tp
                0x0000000000000000        0x8 Output/spi_pca10056 Release/Obj/thumb_crt0.o
 .text.abort    0x0000000000000000        0x2 Output/spi_pca10056 Release/Obj/thumb_crt0.o
 .text.__assert
                0x0000000000000000        0x2 Output/spi_pca10056 Release/Obj/thumb_crt0.o
 .text.__aeabi_assert
                0x0000000000000000        0x2 Output/spi_pca10056 Release/Obj/thumb_crt0.o
 .text.__sync_synchronize
                0x0000000000000000        0x2 Output/spi_pca10056 Release/Obj/thumb_crt0.o
 .text.__getchar
                0x0000000000000000        0x4 Output/spi_pca10056 Release/Obj/thumb_crt0.o
 .text.__putchar
                0x0000000000000000        0x4 Output/spi_pca10056 Release/Obj/thumb_crt0.o
 .text.__open   0x0000000000000000        0x4 Output/spi_pca10056 Release/Obj/thumb_crt0.o
 .text.__close  0x0000000000000000        0x4 Output/spi_pca10056 Release/Obj/thumb_crt0.o
 .text.__write  0x0000000000000000        0xa Output/spi_pca10056 Release/Obj/thumb_crt0.o
 .text.__read   0x0000000000000000        0xa Output/spi_pca10056 Release/Obj/thumb_crt0.o
 .text.__seek   0x0000000000000000       0x1a Output/spi_pca10056 Release/Obj/thumb_crt0.o
 .bss.__user_locale_name_buffer
                0x0000000000000000        0x4 Output/spi_pca10056 Release/Obj/thumb_crt0.o
 .stack         0x0000000000000000        0x0 Output/spi_pca10056 Release/Obj/thumb_crt0.o
 .stack_process
                0x0000000000000000        0x0 Output/spi_pca10056 Release/Obj/thumb_crt0.o
 .heap          0x0000000000000000        0x0 Output/spi_pca10056 Release/Obj/thumb_crt0.o
 .group         0x0000000000000000        0xc Output/spi_pca10056 Release/Obj/nrf_log_backend_rtt.o
 .group         0x0000000000000000        0xc Output/spi_pca10056 Release/Obj/nrf_log_backend_rtt.o
 .group         0x0000000000000000        0xc Output/spi_pca10056 Release/Obj/nrf_log_backend_rtt.o
 .group         0x0000000000000000        0xc Output/spi_pca10056 Release/Obj/nrf_log_backend_rtt.o
[...]
Memory Configuration

Name             Origin             Length             Attributes
UNPLACED_SECTIONS 0x0000000100000000 0x0000000000000000 xw
RAM              0x0000000020000000 0x0000000000040000 xw
FLASH            0x0000000000000000 0x0000000000100000 xw
*default*        0x0000000000000000 0xffffffffffffffff

Linker script and memory map

                0x0000000000000000                __vfprintf = __vfprintf_long
                0x0000000000000000                __vfscanf = __vfscanf_long
                0x0000000020000000                __RAM_segment_start__ = 0x20000000
                0x0000000020040000                __RAM_segment_end__ = 0x20040000
                0x0000000000040000                __RAM_segment_size__ = 0x40000
                0x0000000000000000                __FLASH_segment_start__ = 0x0
                0x0000000000100000                __FLASH_segment_end__ = 0x100000
                0x0000000000100000                __FLASH_segment_size__ = 0x100000
                0x0000000000002000                __HEAPSIZE__ = 0x2000
                0x0000000000000000                __STACKSIZE_PROCESS__ = 0x0
                0x0000000000002000                __STACKSIZE__ = 0x2000
                0x0000000020000000                __vectors_ram_load_start__ = 0x20000000

.vectors_ram    0x0000000020000000        0x0
                0x0000000020000000                __vectors_ram_start__ = .
                0x0000000020000000                __app_ram_start__ = __vectors_ram_start__
 *(.vectors_ram .vectors_ram.*)
                0x0000000020000000                __vectors_ram_end__ = (__vectors_ram_start__ + SIZEOF (.vectors_ram))
                0x0000000000000000                __vectors_ram_size__ = SIZEOF (.vectors_ram)
                0x0000000020000000                __vectors_ram_load_end__ = __vectors_ram_end__
                0x0000000000000001                . = ASSERT (((__vectors_ram_start__ == __vectors_ram_end__) || ((__vectors_ram_end__ - __RAM_segment_start__) <= __RAM_segment_size__)), error: .vectors_ram is too large to fit in RAM memory segment)
                0x0000000020000000                __nrf_sections_run_load_start__ = ALIGN (__vectors_ram_end__, 0x4)

.nrf_sections_run
                0x0000000020000000        0x0
                0x0000000020000000                __nrf_sections_run_start__ = .
                0x0000000020000000                __start_nrf_sections_run = __nrf_sections_run_start__
 *(.nrf_sections_run .nrf_sections_run.*)
                0x0000000020000000                __nrf_sections_run_end__ = (__nrf_sections_run_start__ + SIZEOF (.nrf_sections_run))
                0x0000000000000000                __nrf_sections_run_size__ = SIZEOF (.nrf_sections_run)
                0x0000000020000000                __nrf_sections_run_load_end__ = __nrf_sections_run_end__
                0x0000000000000001                . = ASSERT (((__nrf_sections_run_start__ == __nrf_sections_run_end__) || ((__nrf_sections_run_end__ - __RAM_segment_start__) <= __RAM_segment_size__)), error: .nrf_sections_run is too large to fit in RAM memory segment)
                0x0000000000000000                __vectors_load_start__ = 0x0

.vectors        0x0000000000000000      0x200
                0x0000000000000000                __vectors_start__ = .
 *(.vectors .vectors.*)
 .vectors       0x0000000000000000      0x200 Output/spi_pca10056 Release/Obj/ses_startup_nrf52840.o
                0x0000000000000000                _vectors
                0x0000000000000200                __vectors_end__ = (__vectors_start__ + SIZEOF (.vectors))
                0x0000000000000200                __vectors_size__ = SIZEOF (.vectors)
                0x0000000000000200                __vectors_load_end__ = __vectors_end__
                0x0000000000000001                . = ASSERT (((__vectors_start__ == __vectors_end__) || ((__vectors_end__ - __FLASH_segment_start__) <= __FLASH_segment_size__)), error: .vectors is too large to fit in FLASH memory segment)
                0x0000000000000200                __init_load_start__ = ALIGN (__vectors_end__, 0x4)

.init           0x0000000000000200      0x1d0
                0x0000000000000200                __init_start__ = .
 *(.init .init.*)
 .init          0x0000000000000200      0x15c Output/spi_pca10056 Release/Obj/thumb_crt0.o
                0x0000000000000200                _start
                0x00000000000002b4                exit
 .init          0x000000000000035c       0x18 Output/spi_pca10056 Release/Obj/ses_startup_nrf52840.o
                0x000000000000035c                NMI_Handler
                0x000000000000035e                HardFault_Handler
                0x0000000000000360                MemoryManagement_Handler
                0x0000000000000362                BusFault_Handler
                0x0000000000000364                UsageFault_Handler
                0x0000000000000366                SVC_Handler
                0x0000000000000368                DebugMon_Handler
                0x000000000000036a                PendSV_Handler
                0x000000000000036c                SysTick_Handler
                0x000000000000036e                PWM1_IRQHandler
                0x000000000000036e                RTC0_IRQHandler
                0x000000000000036e                POWER_CLOCK_IRQHandler
                0x000000000000036e                RADIO_IRQHandler
                0x000000000000036e                PDM_IRQHandler
                0x000000000000036e                TEMP_IRQHandler
                0x000000000000036e                QDEC_IRQHandler
                0x000000000000036e                TIMER3_IRQHandler
                0x000000000000036e                PWM3_IRQHandler
                0x000000000000036e                FPU_IRQHandler
                0x000000000000036e                USBD_IRQHandler
                0x000000000000036e                QSPI_IRQHandler
                0x000000000000036e                TIMER4_IRQHandler
                0x000000000000036e                CRYPTOCELL_IRQHandler
                0x000000000000036e                SWI2_EGU2_IRQHandler
                0x000000000000036e                SWI4_EGU4_IRQHandler
                0x000000000000036e                TIMER0_IRQHandler
                0x000000000000036e                UARTE1_IRQHandler
                0x000000000000036e                Dummy_Handler
                0x000000000000036e                TIMER1_IRQHandler
                0x000000000000036e                SPIM3_IRQHandler
                0x000000000000036e                PWM2_IRQHandler
                0x000000000000036e                ECB_IRQHandler
                0x000000000000036e                SPIM1_SPIS1_TWIM1_TWIS1_SPI1_TWI1_IRQHandler
                0x000000000000036e                SAADC_IRQHandler
                0x000000000000036e                CCM_AAR_IRQHandler
                0x000000000000036e                WDT_IRQHandler
                0x000000000000036e                SWI0_EGU0_IRQHandler
                0x000000000000036e                SWI5_EGU5_IRQHandler
                0x000000000000036e                RNG_IRQHandler
                0x000000000000036e                RTC2_IRQHandler
                0x000000000000036e                PWM0_IRQHandler
                0x000000000000036e                SWI3_EGU3_IRQHandler
                0x000000000000036e                SWI1_EGU1_IRQHandler
                0x000000000000036e                SPIM2_SPIS2_SPI2_IRQHandler
                0x000000000000036e                NFCT_IRQHandler
                0x000000000000036e                I2S_IRQHandler
                0x000000000000036e                MWU_IRQHandler
                0x000000000000036e                TIMER2_IRQHandler
                0x000000000000036e                COMP_LPCOMP_IRQHandler
                0x0000000000000370                nRFInitialize
 .init          0x0000000000000374       0x5c Output/spi_pca10056 Release/Obj/ses_startup_nrf_common.o
                0x0000000000000374                Reset_Handler
                0x0000000000000378                afterInitialize
                0x000000000000039c                InitializeUserMemorySections
                0x00000000000003d0                __init_end__ = (__init_start__ + SIZEOF (.init))
                0x00000000000001d0                __init_size__ = SIZEOF (.init)
                0x00000000000003d0                __init_load_end__ = __init_end__
                0x0000000000000001                . = ASSERT (((__init_start__ == __init_end__) || ((__init_end__ - __FLASH_segment_start__) <= __FLASH_segment_size__)), error: .init is too large to fit in FLASH memory segment)
                0x00000000000003d0                __init_rodata_load_start__ = ALIGN (__init_end__, 0x4)

.init_rodata    0x00000000000003d0        0x0
                0x00000000000003d0                __init_rodata_start__ = .
 *(.init_rodata .init_rodata.*)
                0x00000000000003d0                __init_rodata_end__ = (__init_rodata_start__ + SIZEOF (.init_rodata))
                0x0000000000000000                __init_rodata_size__ = SIZEOF (.init_rodata)
                0x00000000000003d0                __init_rodata_load_end__ = __init_rodata_end__
                0x0000000000000001                . = ASSERT (((__init_rodata_start__ == __init_rodata_end__) || ((__init_rodata_end__ - __FLASH_segment_start__) <= __FLASH_segment_size__)), error: .init_rodata is too large to fit in FLASH memory segment)
                0x00000000000003d0                __text_load_start__ = ALIGN (__init_rodata_end__, 0x4)

.text           0x00000000000003d0     0x2762
                0x00000000000003d0                __text_start__ = .
 *(.text .text.* .glue_7t .glue_7 .gnu.linkonce.t.* .gcc_except_table .ARM.extab* .gnu.linkonce.armextab.*)
 .glue_7        0x00000000000003d0        0x0 linker stubs
 .glue_7t       0x00000000000003d0        0x0 linker stubs
 .text.nrf_log_backend_serial_put
                0x00000000000003d0       0xc0 Output/spi_pca10056 Release/Obj/nrf_log_backend_serial.o
                0x00000000000003d0                nrf_log_backend_serial_put
 .text.uart_evt_handler
                0x0000000000000490        0xc Output/spi_pca10056 Release/Obj/nrf_log_backend_uart.o
 .text.nrf_log_backend_uart_flush
                0x000000000000049c        0x2 Output/spi_pca10056 Release/Obj/nrf_log_backend_uart.o
 *fill*         0x000000000000049e        0x2 
 .text.uart_init
                0x00000000000004a0       0x4c Output/spi_pca10056 Release/Obj/nrf_log_backend_uart.o
 .text.nrf_log_backend_uart_put
                0x00000000000004ec       0x1c Output/spi_pca10056 Release/Obj/nrf_log_backend_uart.o
 .text.serial_tx
                0x0000000000000508       0x48 Output/spi_pca10056 Release/Obj/nrf_log_backend_uart.o
 .text.nrf_log_backend_uart_panic_set
                0x0000000000000550       0x2c Output/spi_pca10056 Release/Obj/nrf_log_backend_uart.o
 .text.nrf_log_backend_uart_init
                0x000000000000057c        0x6 Output/spi_pca10056 Release/Obj/nrf_log_backend_uart.o
                0x000000000000057c                nrf_log_backend_uart_init
 *fill*         0x0000000000000582        0x2 
 .text.nrf_log_default_backends_init
                0x0000000000000584       0x20 Output/spi_pca10056 Release/Obj/nrf_log_default_backends.o
                0x0000000000000584                nrf_log_default_backends_init
 .text.invalid_packets_omit
                0x00000000000005a4       0x3a Output/spi_pca10056 Release/Obj/nrf_log_frontend.o
 *fill*         0x00000000000005de        0x2 
 .text.buf_prealloc
                0x00000000000005e0      0x130 Output/spi_pca10056 Release/Obj/nrf_log_frontend.o
 .text.nrf_log_init
                0x0000000000000710       0x3c Output/spi_pca10056 Release/Obj/nrf_log_frontend.o
                0x0000000000000710                nrf_log_init
 .text.nrf_log_module_name_get
                0x000000000000074c       0x38 Output/spi_pca10056 Release/Obj/nrf_log_frontend.o
                0x000000000000074c                nrf_log_module_name_get
 .text.nrf_log_color_id_get
                0x0000000000000784       0x2c Output/spi_pca10056 Release/Obj/nrf_log_frontend.o
                0x0000000000000784                nrf_log_color_id_get
 .text.buffer_is_empty
                0x00000000000007b0       0x14 Output/spi_pca10056 Release/Obj/nrf_log_frontend.o
                0x00000000000007b0                buffer_is_empty
 .text.nrf_log_frontend_dequeue
                0x00000000000007c4      0x21c Output/spi_pca10056 Release/Obj/nrf_log_frontend.o
                0x00000000000007c4                nrf_log_frontend_dequeue
 .text.std_n    0x00000000000009e0       0xb0 Output/spi_pca10056 Release/Obj/nrf_log_frontend.o
 .text.nrf_log_frontend_std_0
                0x0000000000000a90        0x8 Output/spi_pca10056 Release/Obj/nrf_log_frontend.o
                0x0000000000000a90                nrf_log_frontend_std_0
 .text.nrf_log_frontend_hexdump
                0x0000000000000a98       0xc0 Output/spi_pca10056 Release/Obj/nrf_log_frontend.o
                0x0000000000000a98                nrf_log_frontend_hexdump
 .text.nrf_log_backend_add
                0x0000000000000b58       0x44 Output/spi_pca10056 Release/Obj/nrf_log_frontend.o
                0x0000000000000b58                nrf_log_backend_add
 .text.nrf_log_panic
                0x0000000000000b9c       0x2c Output/spi_pca10056 Release/Obj/nrf_log_frontend.o
                0x0000000000000b9c                nrf_log_panic
 .text.postfix_process
                0x0000000000000bc8       0x3c Output/spi_pca10056 Release/Obj/nrf_log_str_formatter.o
 .text.prefix_process
                0x0000000000000c04       0x78 Output/spi_pca10056 Release/Obj/nrf_log_str_formatter.o
 .text.nrf_log_std_entry_process
                0x0000000000000c7c       0xc8 Output/spi_pca10056 Release/Obj/nrf_log_str_formatter.o
                0x0000000000000c7c                nrf_log_std_entry_process
 .text.nrf_log_hexdump_entry_process
                0x0000000000000d44       0xb4 Output/spi_pca10056 Release/Obj/nrf_log_str_formatter.o
                0x0000000000000d44                nrf_log_hexdump_entry_process
 .text.bsp_board_led_off
                0x0000000000000df8       0x28 Output/spi_pca10056 Release/Obj/boards.o
                0x0000000000000df8                bsp_board_led_off
 .text.bsp_board_leds_off
                0x0000000000000e20       0x1e Output/spi_pca10056 Release/Obj/boards.o
                0x0000000000000e20                bsp_board_leds_off
 *fill*         0x0000000000000e3e        0x2 
 .text.bsp_board_led_invert
                0x0000000000000e40       0x34 Output/spi_pca10056 Release/Obj/boards.o
                0x0000000000000e40                bsp_board_led_invert
 .text.bsp_board_init
                0x0000000000000e74       0x3e Output/spi_pca10056 Release/Obj/boards.o
                0x0000000000000e74                bsp_board_init
 .text.app_error_handler_bare
                0x0000000000000eb2       0x1a Output/spi_pca10056 Release/Obj/app_error.o
                0x0000000000000eb2                app_error_handler_bare
 .text.app_error_fault_handler
                0x0000000000000ecc       0x70 Output/spi_pca10056 Release/Obj/app_error_weak.o
                0x0000000000000ecc                app_error_fault_handler
 .text.app_util_disable_irq
                0x0000000000000f3c       0x10 Output/spi_pca10056 Release/Obj/app_util_platform.o
                0x0000000000000f3c                app_util_disable_irq
 .text.app_util_enable_irq
                0x0000000000000f4c       0x14 Output/spi_pca10056 Release/Obj/app_util_platform.o
                0x0000000000000f4c                app_util_enable_irq
 .text.app_util_critical_region_enter
                0x0000000000000f60        0x4 Output/spi_pca10056 Release/Obj/app_util_platform.o
                0x0000000000000f60                app_util_critical_region_enter
 .text.app_util_critical_region_exit
                0x0000000000000f64        0x4 Output/spi_pca10056 Release/Obj/app_util_platform.o
                0x0000000000000f64                app_util_critical_region_exit
 .text.RTC1_IRQHandler
                0x0000000000000f68       0x14 Output/spi_pca10056 Release/Obj/drv_rtc.o
                0x0000000000000f68                RTC1_IRQHandler
 .text.nrf_atomic_u32_fetch_store
                0x0000000000000f7c       0x14 Output/spi_pca10056 Release/Obj/nrf_atomic.o
                0x0000000000000f7c                nrf_atomic_u32_fetch_store
 .text.nrf_atomic_u32_or
                0x0000000000000f90       0x16 Output/spi_pca10056 Release/Obj/nrf_atomic.o
                0x0000000000000f90                nrf_atomic_u32_or
 .text.nrf_atomic_u32_fetch_and
                0x0000000000000fa6       0x16 Output/spi_pca10056 Release/Obj/nrf_atomic.o
                0x0000000000000fa6                nrf_atomic_u32_fetch_and
 .text.nrf_atomic_u32_add
                0x0000000000000fbc       0x16 Output/spi_pca10056 Release/Obj/nrf_atomic.o
                0x0000000000000fbc                nrf_atomic_u32_add
 .text.nrf_atomic_u32_sub
                0x0000000000000fd2       0x16 Output/spi_pca10056 Release/Obj/nrf_atomic.o
                0x0000000000000fd2                nrf_atomic_u32_sub
 .text.nrf_atomic_flag_set
                0x0000000000000fe8        0x6 Output/spi_pca10056 Release/Obj/nrf_atomic.o
                0x0000000000000fe8                nrf_atomic_flag_set
 .text.nrf_atomic_flag_clear_fetch
                0x0000000000000fee        0x6 Output/spi_pca10056 Release/Obj/nrf_atomic.o
                0x0000000000000fee                nrf_atomic_flag_clear_fetch
 .text.nrf_balloc_init
                0x0000000000000ff4       0x2e Output/spi_pca10056 Release/Obj/nrf_balloc.o
                0x0000000000000ff4                nrf_balloc_init
 .text.nrf_balloc_alloc
                0x0000000000001022       0x40 Output/spi_pca10056 Release/Obj/nrf_balloc.o
                0x0000000000001022                nrf_balloc_alloc
 .text.nrf_balloc_free
                0x0000000000001062       0x2a Output/spi_pca10056 Release/Obj/nrf_balloc.o
                0x0000000000001062                nrf_balloc_free
 .text.nrf_fprintf_buffer_flush
                0x000000000000108c       0x16 Output/spi_pca10056 Release/Obj/nrf_fprintf.o
                0x000000000000108c                nrf_fprintf_buffer_flush
 .text.nrf_fprintf
                0x00000000000010a2       0x1c Output/spi_pca10056 Release/Obj/nrf_fprintf.o
                0x00000000000010a2                nrf_fprintf
 .text.buffer_add
                0x00000000000010be       0x2e Output/spi_pca10056 Release/Obj/nrf_fprintf_format.o
 .text.unsigned_print
                0x00000000000010ec       0xb0 Output/spi_pca10056 Release/Obj/nrf_fprintf_format.o
 .text.nrf_fprintf_fmt
                0x000000000000119c      0x276 Output/spi_pca10056 Release/Obj/nrf_fprintf_format.o
                0x000000000000119c                nrf_fprintf_fmt
 .text.memobj_op
                0x0000000000001412       0x82 Output/spi_pca10056 Release/Obj/nrf_memobj.o
 .text.nrf_memobj_pool_init
                0x0000000000001494        0x4 Output/spi_pca10056 Release/Obj/nrf_memobj.o
                0x0000000000001494                nrf_memobj_pool_init
 .text.nrf_memobj_free
                0x0000000000001498       0x2c Output/spi_pca10056 Release/Obj/nrf_memobj.o
                0x0000000000001498                nrf_memobj_free
 .text.nrf_memobj_alloc
                0x00000000000014c4       0x5e Output/spi_pca10056 Release/Obj/nrf_memobj.o
                0x00000000000014c4                nrf_memobj_alloc
 .text.nrf_memobj_get
                0x0000000000001522        0x8 Output/spi_pca10056 Release/Obj/nrf_memobj.o
                0x0000000000001522                nrf_memobj_get
 .text.nrf_memobj_put
                0x000000000000152a       0x1e Output/spi_pca10056 Release/Obj/nrf_memobj.o
                0x000000000000152a                nrf_memobj_put
 .text.nrf_memobj_write
                0x0000000000001548       0x14 Output/spi_pca10056 Release/Obj/nrf_memobj.o
                0x0000000000001548                nrf_memobj_write
 .text.nrf_memobj_read
                0x000000000000155c       0x14 Output/spi_pca10056 Release/Obj/nrf_memobj.o
                0x000000000000155c                nrf_memobj_read
 .text.nrf_ringbuf_init
                0x0000000000001570       0x12 Output/spi_pca10056 Release/Obj/nrf_ringbuf.o
                0x0000000000001570                nrf_ringbuf_init
 *fill*         0x0000000000001582        0x2 
 .text.spim_evt_handler
                0x0000000000001584       0x3c Output/spi_pca10056 Release/Obj/nrf_drv_spi.o
 .text.nrf_drv_spi_init
                0x00000000000015c0       0x64 Output/spi_pca10056 Release/Obj/nrf_drv_spi.o
                0x00000000000015c0                nrf_drv_spi_init
 .text.uarte_evt_handler
                0x0000000000001624       0x34 Output/spi_pca10056 Release/Obj/nrf_drv_uart.o
 .text.uart_evt_handler
                0x0000000000001658       0x34 Output/spi_pca10056 Release/Obj/nrf_drv_uart.o
 .text.nrf_drv_uart_init
                0x000000000000168c       0x78 Output/spi_pca10056 Release/Obj/nrf_drv_uart.o
                0x000000000000168c                nrf_drv_uart_init
 .text.nrf_gpiote_event_clear
                0x0000000000001704       0x18 Output/spi_pca10056 Release/Obj/nrfx_gpiote.o
 .text.nrf_gpio_pin_port_decode
                0x000000000000171c       0x18 Output/spi_pca10056 Release/Obj/nrfx_gpiote.o
 .text.nrf_gpio_cfg_sense_set
                0x0000000000001734       0x2e Output/spi_pca10056 Release/Obj/nrfx_gpiote.o
 *fill*         0x0000000000001762        0x2 
 .text.GPIOTE_IRQHandler
                0x0000000000001764      0x1ac Output/spi_pca10056 Release/Obj/nrfx_gpiote.o
                0x0000000000001764                GPIOTE_IRQHandler
 .text.UARTE0_UART0_IRQHandler
                0x0000000000001910        0xc Output/spi_pca10056 Release/Obj/nrfx_prs.o
                0x0000000000001910                UARTE0_UART0_IRQHandler
 .text.nrfx_prs_acquire
                0x000000000000191c       0x38 Output/spi_pca10056 Release/Obj/nrfx_prs.o
                0x000000000000191c                nrfx_prs_acquire
 .text.nrfx_prs_release
                0x0000000000001954       0x18 Output/spi_pca10056 Release/Obj/nrfx_prs.o
                0x0000000000001954                nrfx_prs_release
 .text.nrf_gpio_pin_set
                0x000000000000196c       0x20 Output/spi_pca10056 Release/Obj/nrfx_spim.o
 .text.nrf_gpio_pin_clear
                0x000000000000198c       0x20 Output/spi_pca10056 Release/Obj/nrfx_spim.o
 .text.SPIM0_SPIS0_TWIM0_TWIS0_SPI0_TWI0_IRQHandler
                0x00000000000019ac       0x58 Output/spi_pca10056 Release/Obj/nrfx_spim.o
                0x00000000000019ac                SPIM0_SPIS0_TWIM0_TWIS0_SPI0_TWI0_IRQHandler
 .text.nrfx_spim_init
                0x0000000000001a04      0x1e4 Output/spi_pca10056 Release/Obj/nrfx_spim.o
                0x0000000000001a04                nrfx_spim_init
 .text.nrfx_spim_xfer
                0x0000000000001be8      0x114 Output/spi_pca10056 Release/Obj/nrfx_spim.o
                0x0000000000001be8                nrfx_spim_xfer
 .text.nrf_uart_event_clear
                0x0000000000001cfc       0x10 Output/spi_pca10056 Release/Obj/nrfx_uart.o
 .text.tx_byte  0x0000000000001d0c       0x1e Output/spi_pca10056 Release/Obj/nrfx_uart.o
 .text.rx_byte  0x0000000000001d2a       0x2c Output/spi_pca10056 Release/Obj/nrfx_uart.o
 *fill*         0x0000000000001d56        0x2 
 .text.rx_done_event.constprop.7
                0x0000000000001d58       0x20 Output/spi_pca10056 Release/Obj/nrfx_uart.o
 .text.nrfx_uart_0_irq_handler
                0x0000000000001d78      0x140 Output/spi_pca10056 Release/Obj/nrfx_uart.o
                0x0000000000001d78                nrfx_uart_0_irq_handler
 .text.nrf_gpio_cfg_default
                0x0000000000001eb8       0x20 Output/spi_pca10056 Release/Obj/nrfx_uart.o
 .text.nrfx_uart_init
                0x0000000000001ed8      0x1a8 Output/spi_pca10056 Release/Obj/nrfx_uart.o
                0x0000000000001ed8                nrfx_uart_init
 .text.nrfx_uart_uninit
                0x0000000000002080       0xac Output/spi_pca10056 Release/Obj/nrfx_uart.o
                0x0000000000002080                nrfx_uart_uninit
 .text.nrfx_uart_tx
                0x000000000000212c       0x94 Output/spi_pca10056 Release/Obj/nrfx_uart.o
                0x000000000000212c                nrfx_uart_tx
 .text.nrf_uarte_event_clear
                0x00000000000021c0       0x10 Output/spi_pca10056 Release/Obj/nrfx_uarte.o
 .text.rx_done_event.constprop.6
                0x00000000000021d0       0x20 Output/spi_pca10056 Release/Obj/nrfx_uarte.o
 .text.nrf_gpio_cfg_default
                0x00000000000021f0       0x20 Output/spi_pca10056 Release/Obj/nrfx_uarte.o
 .text.nrfx_uarte_0_irq_handler
                0x0000000000002210      0x120 Output/spi_pca10056 Release/Obj/nrfx_uarte.o
                0x0000000000002210                nrfx_uarte_0_irq_handler
 .text.nrfx_uarte_init
                0x0000000000002330      0x1c4 Output/spi_pca10056 Release/Obj/nrfx_uarte.o
                0x0000000000002330                nrfx_uarte_init
 .text.nrfx_uarte_uninit
                0x00000000000024f4       0xd0 Output/spi_pca10056 Release/Obj/nrfx_uarte.o
                0x00000000000024f4                nrfx_uarte_uninit
 .text.nrfx_uarte_tx
                0x00000000000025c4       0x90 Output/spi_pca10056 Release/Obj/nrfx_uarte.o
                0x00000000000025c4                nrfx_uarte_tx
 .text.spi_event_handler
                0x0000000000002654       0x5c Output/spi_pca10056 Release/Obj/main.o
                0x0000000000002654                spi_event_handler
 .text.startup.main
                0x00000000000026b0       0xd8 Output/spi_pca10056 Release/Obj/main.o
                0x00000000000026b0                main
 .text.errata_98
                0x0000000000002788       0x20 Output/spi_pca10056 Release/Obj/system_nrf52840.o
 .text.SystemInit
                0x00000000000027a8      0x1b8 Output/spi_pca10056 Release/Obj/system_nrf52840.o
                0x00000000000027a8                SystemInit
 .text.libc.__RAL_ascii_isctype
                0x0000000000002960       0x1c C:/Program Files/SEGGER/SEGGER Embedded Studio for ARM 4.22/lib/libc_v7em_fpv4_sp_d16_hard_t_le_eabi.a(libc2.o)
 .text.libc.__RAL_ascii_toupper
                0x000000000000297c        0xc C:/Program Files/SEGGER/SEGGER Embedded Studio for ARM 4.22/lib/libc_v7em_fpv4_sp_d16_hard_t_le_eabi.a(libc2.o)
 .text.libc.__RAL_ascii_tolower
                0x0000000000002988        0xc C:/Program Files/SEGGER/SEGGER Embedded Studio for ARM 4.22/lib/libc_v7em_fpv4_sp_d16_hard_t_le_eabi.a(libc2.o)
 .text.libc.__RAL_ascii_iswctype
                0x0000000000002994       0x1c C:/Program Files/SEGGER/SEGGER Embedded Studio for ARM 4.22/lib/libc_v7em_fpv4_sp_d16_hard_t_le_eabi.a(libc2.o)
 .text.libc.__RAL_ascii_towupper
                0x00000000000029b0        0xc C:/Program Files/SEGGER/SEGGER Embedded Studio for ARM 4.22/lib/libc_v7em_fpv4_sp_d16_hard_t_le_eabi.a(libc2.o)
 .text.libc.__RAL_ascii_towlower
                0x00000000000029bc        0xc C:/Program Files/SEGGER/SEGGER Embedded Studio for ARM 4.22/lib/libc_v7em_fpv4_sp_d16_hard_t_le_eabi.a(libc2.o)
 .text.libc.__RAL_ascii_wctomb
                0x00000000000029c8        0xe C:/Program Files/SEGGER/SEGGER Embedded Studio for ARM 4.22/lib/libc_v7em_fpv4_sp_d16_hard_t_le_eabi.a(libc2.o)
                0x00000000000029c8                __RAL_ascii_wctomb
 .text.libc.__RAL_ascii_mbtowc
                0x00000000000029d6       0x24 C:/Program Files/SEGGER/SEGGER Embedded Studio for ARM 4.22/lib/libc_v7em_fpv4_sp_d16_hard_t_le_eabi.a(libc2.o)
                0x00000000000029d6                __RAL_ascii_mbtowc
 *fill*         0x00000000000029fa        0x2 
 .text.libc.__RAL_isctype
                0x00000000000029fc       0x14 C:/Program Files/SEGGER/SEGGER Embedded Studio for ARM 4.22/lib/libc_v7em_fpv4_sp_d16_hard_t_le_eabi.a(libc2.o)
                0x00000000000029fc                __RAL_isctype
 .text.libc.isprint
                0x0000000000002a10        0xa C:/Program Files/SEGGER/SEGGER Embedded Studio for ARM 4.22/lib/libc_v7em_fpv4_sp_d16_hard_t_le_eabi.a(libc2.o)
                0x0000000000002a10                isprint
 .text.libc.memcpy
                0x0000000000002a1a       0x52 C:/Program Files/SEGGER/SEGGER Embedded Studio for ARM 4.22/lib/libc_v7em_fpv4_sp_d16_hard_t_le_eabi.a(libc2_asm.o)
                0x0000000000002a1a                __aeabi_memcpy
                0x0000000000002a1a                memcpy
                0x0000000000002a26                __aeabi_memcpy8
                0x0000000000002a26                __aeabi_memcpy4
 .text.libc.memset
                0x0000000000002a6c       0x66 C:/Program Files/SEGGER/SEGGER Embedded Studio for ARM 4.22/lib/libc_v7em_fpv4_sp_d16_hard_t_le_eabi.a(libc2_asm.o)
                0x0000000000002a6c                memset
 .text.libc.strlen
                0x0000000000002ad2       0x60 C:/Program Files/SEGGER/SEGGER Embedded Studio for ARM 4.22/lib/libc_v7em_fpv4_sp_d16_hard_t_le_eabi.a(libc2_asm.o)
                0x0000000000002ad2                strlen
                0x0000000000002b32                __text_end__ = (__text_start__ + SIZEOF (.text))
                0x0000000000002762                __text_size__ = SIZEOF (.text)
                0x0000000000002b32                __text_load_end__ = __text_end__

.vfp11_veneer   0x0000000100000000        0x0
 .vfp11_veneer  0x0000000100000000        0x0 linker stubs

.v4_bx          0x0000000100000000        0x0
 .v4_bx         0x0000000100000000        0x0 linker stubs

.iplt           0x0000000100000000        0x0
 .iplt          0x0000000100000000        0x0 Output/spi_pca10056 Release/Obj/thumb_crt0.o
                0x0000000000000001                . = ASSERT (((__text_start__ == __text_end__) || ((__text_end__ - __FLASH_segment_start__) <= __FLASH_segment_size__)), error: .text is too large to fit in FLASH memory segment)
                0x0000000000002b34                __log_const_data_load_start__ = ALIGN (__text_end__, 0x4)

.log_const_data
                0x0000000000002b34       0x48
                0x0000000000002b34                __log_const_data_start__ = .
                0x0000000000002b34                __start_log_const_data = __log_const_data_start__
 *(SORT_BY_NAME(.log_const_data*))
 .log_const_data_GPIOTE
                0x0000000000002b34        0x8 Output/spi_pca10056 Release/Obj/nrfx_gpiote.o
                0x0000000000002b34                m_nrf_log_GPIOTE_logs_data_const
 .log_const_data_PRS
                0x0000000000002b3c        0x8 Output/spi_pca10056 Release/Obj/nrfx_prs.o
                0x0000000000002b3c                m_nrf_log_PRS_logs_data_const
 .log_const_data_SPIM
                0x0000000000002b44        0x8 Output/spi_pca10056 Release/Obj/nrfx_spim.o
                0x0000000000002b44                m_nrf_log_SPIM_logs_data_const
 .log_const_data_UART
                0x0000000000002b4c        0x8 Output/spi_pca10056 Release/Obj/nrfx_uart.o
                0x0000000000002b4c                m_nrf_log_UART_logs_data_const
 .log_const_data_UARTE
                0x0000000000002b54        0x8 Output/spi_pca10056 Release/Obj/nrfx_uarte.o
                0x0000000000002b54                m_nrf_log_UARTE_logs_data_const
 .log_const_data_app
                0x0000000000002b5c        0x8 Output/spi_pca10056 Release/Obj/nrf_log_frontend.o
                0x0000000000002b5c                m_nrf_log_app_logs_data_const
 .log_const_data_app_button
                0x0000000000002b64        0x8 Output/spi_pca10056 Release/Obj/app_button.o
                0x0000000000002b64                m_nrf_log_app_button_logs_data_const
 .log_const_data_app_timer
                0x0000000000002b6c        0x8 Output/spi_pca10056 Release/Obj/app_timer2.o
                0x0000000000002b6c                m_nrf_log_app_timer_logs_data_const
 .log_const_data_sortlist
                0x0000000000002b74        0x8 Output/spi_pca10056 Release/Obj/nrf_sortlist.o
                0x0000000000002b74                m_nrf_log_sortlist_logs_data_const
                0x0000000000002b7c                __log_const_data_end__ = (__log_const_data_start__ + SIZEOF (.log_const_data))
                0x0000000000000048                __log_const_data_size__ = SIZEOF (.log_const_data)
                0x0000000000002b7c                __stop_log_const_data = __log_const_data_end__
                0x0000000000002b7c                __log_const_data_load_end__ = __log_const_data_end__
                0x0000000000000001                . = ASSERT (((__log_const_data_start__ == __log_const_data_end__) || ((__log_const_data_end__ - __FLASH_segment_start__) <= __FLASH_segment_size__)), error: .log_const_data is too large to fit in FLASH memory segment)
                0x0000000000002b7c                __log_backends_load_start__ = ALIGN (__log_const_data_end__, 0x4)

.log_backends   0x0000000000002b7c       0x10
                0x0000000000002b7c                __log_backends_start__ = .
                0x0000000000002b7c                __start_log_backends = __log_backends_start__
 *(SORT_BY_NAME(.log_backends*))
 .log_backends  0x0000000000002b7c       0x10 Output/spi_pca10056 Release/Obj/nrf_log_default_backends.o
                0x0000000000002b8c                __log_backends_end__ = (__log_backends_start__ + SIZEOF (.log_backends))
                0x0000000000000010                __log_backends_size__ = SIZEOF (.log_backends)
                0x0000000000002b8c                __stop_log_backends = __log_backends_end__
                0x0000000000002b8c                __log_backends_load_end__ = __log_backends_end__
                0x0000000000000001                . = ASSERT (((__log_backends_start__ == __log_backends_end__) || ((__log_backends_end__ - __FLASH_segment_start__) <= __FLASH_segment_size__)), error: .log_backends is too large to fit in FLASH memory segment)
                0x0000000000002b8c                __nrf_balloc_load_start__ = ALIGN (__log_backends_end__, 0x4)

.nrf_balloc     0x0000000000002b8c       0x14
                0x0000000000002b8c                __nrf_balloc_start__ = .
                0x0000000000002b8c                __start_nrf_balloc = __nrf_balloc_start__
 *(.nrf_balloc*)
 .nrf_balloc    0x0000000000002b8c       0x14 Output/spi_pca10056 Release/Obj/nrf_log_frontend.o
                0x0000000000002b8c                log_mempool
                0x0000000000002ba0                __nrf_balloc_end__ = (__nrf_balloc_start__ + SIZEOF (.nrf_balloc))
                0x0000000000000014                __nrf_balloc_size__ = SIZEOF (.nrf_balloc)
                0x0000000000002ba0                __stop_nrf_balloc = __nrf_balloc_end__
                0x0000000000002ba0                __nrf_balloc_load_end__ = __nrf_balloc_end__
                0x0000000000000001                . = ASSERT (((__nrf_balloc_start__ == __nrf_balloc_end__) || ((__nrf_balloc_end__ - __FLASH_segment_start__) <= __FLASH_segment_size__)), error: .nrf_balloc is too large to fit in FLASH memory segment)
                0x0000000000002ba0                __nrf_sections_load_start__ = ALIGN (__nrf_balloc_end__, 0x4)

.nrf_sections   0x0000000000002ba0        0x0
                0x0000000000002ba0                __nrf_sections_start__ = .
                0x0000000000002ba0                __start_nrf_sections = __nrf_sections_start__
 *(.nrf_sections .nrf_sections.*)
                0x0000000000002ba0                __nrf_sections_end__ = (__nrf_sections_start__ + SIZEOF (.nrf_sections))
                0x0000000000000000                __nrf_sections_size__ = SIZEOF (.nrf_sections)
                0x0000000000002ba0                __nrf_sections_load_end__ = __nrf_sections_end__
                0x0000000000000001                . = ASSERT (((__nrf_sections_start__ == __nrf_sections_end__) || ((__nrf_sections_end__ - __FLASH_segment_start__) <= __FLASH_segment_size__)), error: .nrf_sections is too large to fit in FLASH memory segment)
                0x0000000000002ba0                __log_dynamic_data_load_start__ = ALIGN (__nrf_sections_end__, 0x4)

.log_dynamic_data
                0x0000000020000000        0x0 load address 0x0000000000002ba0
                0x0000000020000000                __log_dynamic_data_start__ = .
 *(SORT_BY_NAME(.log_dynamic_data*))
                0x0000000020000000                __log_dynamic_data_end__ = (__log_dynamic_data_start__ + SIZEOF (.log_dynamic_data))
                0x0000000000000000                __log_dynamic_data_size__ = SIZEOF (.log_dynamic_data)
                0x0000000000002ba0                __log_dynamic_data_load_end__ = (__log_dynamic_data_load_start__ + SIZEOF (.log_dynamic_data))
                0x0000000000000001                . = ASSERT (((__log_dynamic_data_load_start__ == __log_dynamic_data_load_end__) || ((__log_dynamic_data_load_end__ - __FLASH_segment_start__) <= __FLASH_segment_size__)), error: .log_dynamic_data is too large to fit in FLASH memory segment)

.log_dynamic_data_run
                0x0000000020000000        0x0
                0x0000000020000000                __log_dynamic_data_run_start__ = .
                0x0000000020000000                __start_log_dynamic_data = __log_dynamic_data_run_start__
                0x0000000020000000                . = MAX ((__log_dynamic_data_run_start__ + SIZEOF (.log_dynamic_data)), .)
                0x0000000020000000                __log_dynamic_data_run_end__ = (__log_dynamic_data_run_start__ + SIZEOF (.log_dynamic_data_run))
                0x0000000000000000                __log_dynamic_data_run_size__ = SIZEOF (.log_dynamic_data_run)
                0x0000000020000000                __stop_log_dynamic_data = __log_dynamic_data_run_end__
                0x0000000020000000                __log_dynamic_data_run_load_end__ = __log_dynamic_data_run_end__
                0x0000000000000001                . = ASSERT (((__log_dynamic_data_run_start__ == __log_dynamic_data_run_end__) || ((__log_dynamic_data_run_end__ - __RAM_segment_start__) <= __RAM_segment_size__)), error: .log_dynamic_data_run is too large to fit in RAM memory segment)
                0x0000000000002ba0                __log_filter_data_load_start__ = ALIGN ((__log_dynamic_data_load_start__ + SIZEOF (.log_dynamic_data)), 0x4)

.log_filter_data
                0x0000000020000000        0x0 load address 0x0000000000002ba0
                0x0000000020000000                __log_filter_data_start__ = .
 *(SORT_BY_NAME(.log_filter_data*))
                0x0000000020000000                __log_filter_data_end__ = (__log_filter_data_start__ + SIZEOF (.log_filter_data))
                0x0000000000000000                __log_filter_data_size__ = SIZEOF (.log_filter_data)
                0x0000000000002ba0                __log_filter_data_load_end__ = (__log_filter_data_load_start__ + SIZEOF (.log_filter_data))
                0x0000000000000001                . = ASSERT (((__log_filter_data_load_start__ == __log_filter_data_load_end__) || ((__log_filter_data_load_end__ - __FLASH_segment_start__) <= __FLASH_segment_size__)), error: .log_filter_data is too large to fit in FLASH memory segment)

.log_filter_data_run
                0x0000000020000000        0x0
                0x0000000020000000                __log_filter_data_run_start__ = .
                0x0000000020000000                __start_log_filter_data = __log_filter_data_run_start__
                0x0000000020000000                . = MAX ((__log_filter_data_run_start__ + SIZEOF (.log_filter_data)), .)
                0x0000000020000000                __log_filter_data_run_end__ = (__log_filter_data_run_start__ + SIZEOF (.log_filter_data_run))
                0x0000000000000000                __log_filter_data_run_size__ = SIZEOF (.log_filter_data_run)
                0x0000000020000000                __stop_log_filter_data = __log_filter_data_run_end__
                0x0000000020000000                __log_filter_data_run_load_end__ = __log_filter_data_run_end__
                0x0000000000000001                . = ASSERT (((__log_filter_data_run_start__ == __log_filter_data_run_end__) || ((__log_filter_data_run_end__ - __RAM_segment_start__) <= __RAM_segment_size__)), error: .log_filter_data_run is too large to fit in RAM memory segment)
                0x0000000020000000                __nrf_sections_run_end_load_start__ = ALIGN (__log_filter_data_run_end__, 0x4)

.nrf_sections_run_end
                0x0000000020000000        0x0
                0x0000000020000000                __nrf_sections_run_end_start__ = .
                0x0000000020000000                __end_nrf_sections_run = __nrf_sections_run_end_start__
 *(.nrf_sections_run_end .nrf_sections_run_end.*)
                0x0000000020000000                __nrf_sections_run_end_end__ = (__nrf_sections_run_end_start__ + SIZEOF (.nrf_sections_run_end))
                0x0000000000000000                __nrf_sections_run_end_size__ = SIZEOF (.nrf_sections_run_end)
                0x0000000020000000                __nrf_sections_run_end_load_end__ = __nrf_sections_run_end_end__
                0x0000000000000001                . = ASSERT (((__nrf_sections_run_end_start__ == __nrf_sections_run_end_end__) || ((__nrf_sections_run_end_end__ - __RAM_segment_start__) <= __RAM_segment_size__)), error: .nrf_sections_run_end is too large to fit in RAM memory segment)
                0x0000000000002ba0                __dtors_load_start__ = ALIGN ((__log_filter_data_load_start__ + SIZEOF (.log_filter_data)), 0x4)

.dtors          0x0000000000002ba0        0x0
                0x0000000000002ba0                __dtors_start__ = .
 *(SORT_BY_NAME(.dtors.*))
 *(.dtors)
 *(.fini_array)
 *(SORT_BY_NAME(.fini_array.*))
                0x0000000000002ba0                __dtors_end__ = (__dtors_start__ + SIZEOF (.dtors))
                0x0000000000000000                __dtors_size__ = SIZEOF (.dtors)
                0x0000000000002ba0                __dtors_load_end__ = __dtors_end__
                0x0000000000000001                . = ASSERT (((__dtors_start__ == __dtors_end__) || ((__dtors_end__ - __FLASH_segment_start__) <= __FLASH_segment_size__)), error: .dtors is too large to fit in FLASH memory segment)
                0x0000000000002ba0                __ctors_load_start__ = ALIGN (__dtors_end__, 0x4)

.ctors          0x0000000000002ba0        0x0
                0x0000000000002ba0                __ctors_start__ = .
 *(SORT_BY_NAME(.ctors.*))
 *(.ctors)
 *(.init_array)
 *(SORT_BY_NAME(.init_array.*))
                0x0000000000002ba0                __ctors_end__ = (__ctors_start__ + SIZEOF (.ctors))
                0x0000000000000000                __ctors_size__ = SIZEOF (.ctors)
                0x0000000000002ba0                __ctors_load_end__ = __ctors_end__
                0x0000000000000001                . = ASSERT (((__ctors_start__ == __ctors_end__) || ((__ctors_end__ - __FLASH_segment_start__) <= __FLASH_segment_size__)), error: .ctors is too large to fit in FLASH memory segment)
                0x0000000000002ba0                __rodata_load_start__ = ALIGN (__ctors_end__, 0x4)

.rodata         0x0000000000002ba0      0x44c
                0x0000000000002ba0                __rodata_start__ = .
 *(.rodata .rodata.* .gnu.linkonce.r.*)
 .rodata        0x0000000000002ba0       0x20 Output/spi_pca10056 Release/Obj/nrf_log_backend_uart.o
 .rodata.nrf_log_backend_uart_api
                0x0000000000002bc0        0xc Output/spi_pca10056 Release/Obj/nrf_log_backend_uart.o
                0x0000000000002bc0                nrf_log_backend_uart_api
 .rodata.str1.1
                0x0000000000002bcc       0x11 Output/spi_pca10056 Release/Obj/nrf_log_default_backends.o
 *fill*         0x0000000000002bdd        0x3 
 .rodata.m_log_push_ringbuf
                0x0000000000002be0        0xc Output/spi_pca10056 Release/Obj/nrf_log_frontend.o
 .rodata.nrf_log_frontend_dequeue.str1.1
                0x0000000000002bec       0x11 Output/spi_pca10056 Release/Obj/nrf_log_frontend.o
 .rodata.str1.1
                0x0000000000002bfd        0x4 Output/spi_pca10056 Release/Obj/nrf_log_frontend.o
 *fill*         0x0000000000002c01        0x3 
 .rodata.m_colors
                0x0000000000002c04       0x24 Output/spi_pca10056 Release/Obj/nrf_log_str_formatter.o
 .rodata.nrf_log_hexdump_entry_process.str1.1
                0x0000000000002c28        0xf Output/spi_pca10056 Release/Obj/nrf_log_str_formatter.o
                                         0x11 (size before relaxing)
 .rodata.postfix_process.str1.1
                0x0000000000002c37        0x8 Output/spi_pca10056 Release/Obj/nrf_log_str_formatter.o
                                          0xb (size before relaxing)
 .rodata.prefix_process.str1.1
                0x0000000000002c3f       0x2a Output/spi_pca10056 Release/Obj/nrf_log_str_formatter.o
 *fill*         0x0000000000002c69        0x3 
 .rodata.severity_names
                0x0000000000002c6c       0x14 Output/spi_pca10056 Release/Obj/nrf_log_str_formatter.o
 .rodata.str1.1
                0x0000000000002c80       0x4b Output/spi_pca10056 Release/Obj/nrf_log_str_formatter.o
                                         0x51 (size before relaxing)
 .rodata.m_board_led_list
                0x0000000000002ccb        0x4 Output/spi_pca10056 Release/Obj/boards.o
 .rodata.str1.1
                0x0000000000002ccf        0xb Output/spi_pca10056 Release/Obj/app_button.o
 .rodata.app_error_fault_handler.str1.1
                0x0000000000002cda       0x19 Output/spi_pca10056 Release/Obj/app_error_weak.o
 .rodata.str1.1
                0x0000000000002cf3        0xa Output/spi_pca10056 Release/Obj/app_timer2.o
 .rodata._aV2C.7754
                0x0000000000002cfd       0x10 Output/spi_pca10056 Release/Obj/nrf_fprintf_format.o
 .rodata.str1.1
                0x0000000000002d0d        0x9 Output/spi_pca10056 Release/Obj/nrf_sortlist.o
 *fill*         0x0000000000002d16        0x2 
 .rodata        0x0000000000002d18       0x10 Output/spi_pca10056 Release/Obj/nrf_drv_spi.o
 .rodata.str1.1
                0x0000000000002d28        0x7 Output/spi_pca10056 Release/Obj/nrfx_gpiote.o
 .rodata.str1.1
                0x0000000000002d2f        0x4 Output/spi_pca10056 Release/Obj/nrfx_prs.o
 .rodata.str1.1
                0x0000000000002d33        0x5 Output/spi_pca10056 Release/Obj/nrfx_spim.o
 .rodata.str1.1
                0x0000000000002d38        0x5 Output/spi_pca10056 Release/Obj/nrfx_uart.o
 .rodata.str1.1
                0x0000000000002d3d        0x6 Output/spi_pca10056 Release/Obj/nrfx_uarte.o
 *fill*         0x0000000000002d43        0x1 
 .rodata        0x0000000000002d44       0x10 Output/spi_pca10056 Release/Obj/main.o
 *fill*         0x0000000000002d54        0xc 
 .rodata.delay_machine_code.7826
                0x0000000000002d60        0x6 Output/spi_pca10056 Release/Obj/main.o
 .rodata.main.str1.1
                0x0000000000002d66       0x15 Output/spi_pca10056 Release/Obj/main.o
 *fill*         0x0000000000002d7b        0x1 
 .rodata.spi    0x0000000000002d7c       0x10 Output/spi_pca10056 Release/Obj/main.o
 .rodata.spi_event_handler.str1.1
                0x0000000000002d8c       0x1f Output/spi_pca10056 Release/Obj/main.o
 *fill*         0x0000000000002dab        0x1 
 .rodata.libc.__RAL_ascii_ctype_map
                0x0000000000002dac       0x80 C:/Program Files/SEGGER/SEGGER Embedded Studio for ARM 4.22/lib/libc_v7em_fpv4_sp_d16_hard_t_le_eabi.a(libc2.o)
                0x0000000000002dac                __RAL_ascii_ctype_map
 .rodata.libc.__RAL_ascii_ctype_mask
                0x0000000000002e2c        0xd C:/Program Files/SEGGER/SEGGER Embedded Studio for ARM 4.22/lib/libc_v7em_fpv4_sp_d16_hard_t_le_eabi.a(libc2.o)
 *fill*         0x0000000000002e39        0x3 
 .rodata.libc.__RAL_c_locale
                0x0000000000002e3c        0xc C:/Program Files/SEGGER/SEGGER Embedded Studio for ARM 4.22/lib/libc_v7em_fpv4_sp_d16_hard_t_le_eabi.a(libc2.o)
                0x0000000000002e3c                __RAL_c_locale
 .rodata.libc.__RAL_c_locale_abbrev_day_names
                0x0000000000002e48       0x1d C:/Program Files/SEGGER/SEGGER Embedded Studio for ARM 4.22/lib/libc_v7em_fpv4_sp_d16_hard_t_le_eabi.a(libc2.o)
                0x0000000000002e48                __RAL_c_locale_abbrev_day_names
 *fill*         0x0000000000002e65        0x3 
 .rodata.libc.__RAL_c_locale_abbrev_month_names
                0x0000000000002e68       0x31 C:/Program Files/SEGGER/SEGGER Embedded Studio for ARM 4.22/lib/libc_v7em_fpv4_sp_d16_hard_t_le_eabi.a(libc2.o)
                0x0000000000002e68                __RAL_c_locale_abbrev_month_names
 *fill*         0x0000000000002e99        0x3 
 .rodata.libc.__RAL_c_locale_am_pm_indicator
                0x0000000000002e9c        0x7 C:/Program Files/SEGGER/SEGGER Embedded Studio for ARM 4.22/lib/libc_v7em_fpv4_sp_d16_hard_t_le_eabi.a(libc2.o)
                0x0000000000002e9c                __RAL_c_locale_am_pm_indicator
 *fill*         0x0000000000002ea3        0x1 
 .rodata.libc.__RAL_c_locale_data
                0x0000000000002ea4       0x58 C:/Program Files/SEGGER/SEGGER Embedded Studio for ARM 4.22/lib/libc_v7em_fpv4_sp_d16_hard_t_le_eabi.a(libc2.o)
                0x0000000000002ea4                __RAL_c_locale_data
 .rodata.libc.__RAL_c_locale_date_format
                0x0000000000002efc        0x9 C:/Program Files/SEGGER/SEGGER Embedded Studio for ARM 4.22/lib/libc_v7em_fpv4_sp_d16_hard_t_le_eabi.a(libc2.o)
                0x0000000000002efc                __RAL_c_locale_date_format
 *fill*         0x0000000000002f05        0x3 
 .rodata.libc.__RAL_c_locale_date_time_format
                0x0000000000002f08        0xf C:/Program Files/SEGGER/SEGGER Embedded Studio for ARM 4.22/lib/libc_v7em_fpv4_sp_d16_hard_t_le_eabi.a(libc2.o)
                0x0000000000002f08                __RAL_c_locale_date_time_format
 *fill*         0x0000000000002f17        0x1 
 .rodata.libc.__RAL_c_locale_day_names
                0x0000000000002f18       0x3a C:/Program Files/SEGGER/SEGGER Embedded Studio for ARM 4.22/lib/libc_v7em_fpv4_sp_d16_hard_t_le_eabi.a(libc2.o)
                0x0000000000002f18                __RAL_c_locale_day_names
 *fill*         0x0000000000002f52        0x2 
 .rodata.libc.__RAL_c_locale_month_names
                0x0000000000002f54       0x57 C:/Program Files/SEGGER/SEGGER Embedded Studio for ARM 4.22/lib/libc_v7em_fpv4_sp_d16_hard_t_le_eabi.a(libc2.o)
                0x0000000000002f54                __RAL_c_locale_month_names
 *fill*         0x0000000000002fab        0x1 
 .rodata.libc.__RAL_c_locale_time_format
                0x0000000000002fac        0x9 C:/Program Files/SEGGER/SEGGER Embedded Studio for ARM 4.22/lib/libc_v7em_fpv4_sp_d16_hard_t_le_eabi.a(libc2.o)
                0x0000000000002fac                __RAL_c_locale_time_format
 *fill*         0x0000000000002fb5        0x3 
 .rodata.libc.__RAL_codeset_ascii
                0x0000000000002fb8       0x20 C:/Program Files/SEGGER/SEGGER Embedded Studio for ARM 4.22/lib/libc_v7em_fpv4_sp_d16_hard_t_le_eabi.a(libc2.o)
                0x0000000000002fb8                __RAL_codeset_ascii
 .rodata.libc.__RAL_data_empty_string
                0x0000000000002fd8        0x1 C:/Program Files/SEGGER/SEGGER Embedded Studio for ARM 4.22/lib/libc_v7em_fpv4_sp_d16_hard_t_le_eabi.a(libc2.o)
                0x0000000000002fd8                __RAL_data_empty_string
 *fill*         0x0000000000002fd9        0x3 
 .rodata.libc.__RAL_data_utf8_period
                0x0000000000002fdc        0x2 C:/Program Files/SEGGER/SEGGER Embedded Studio for ARM 4.22/lib/libc_v7em_fpv4_sp_d16_hard_t_le_eabi.a(libc2.o)
                0x0000000000002fdc                __RAL_data_utf8_period
 *fill*         0x0000000000002fde        0x2 
 .rodata.libc.__RAL_find_locale.str1.4
                0x0000000000002fe0        0xc C:/Program Files/SEGGER/SEGGER Embedded Studio for ARM 4.22/lib/libc_v7em_fpv4_sp_d16_hard_t_le_eabi.a(libc2.o)
                                          0xa (size before relaxing)
                0x0000000000002fec                __rodata_end__ = (__rodata_start__ + SIZEOF (.rodata))
                0x000000000000044c                __rodata_size__ = SIZEOF (.rodata)
                0x0000000000002fec                __rodata_load_end__ = __rodata_end__

.rel.dyn        0x0000000000002fec        0x0
 .rel.iplt      0x0000000000002fec        0x0 Output/spi_pca10056 Release/Obj/thumb_crt0.o
                0x0000000000000001                . = ASSERT (((__rodata_start__ == __rodata_end__) || ((__rodata_end__ - __FLASH_segment_start__) <= __FLASH_segment_size__)), error: .rodata is too large to fit in FLASH memory segment)
                0x0000000000002fec                __ARM.exidx_load_start__ = ALIGN (__rodata_end__, 0x4)

.ARM.exidx      0x0000000000002fec        0x0
                0x0000000000002fec                __ARM.exidx_start__ = .
                0x0000000000002fec                __exidx_start = __ARM.exidx_start__
 *(.ARM.exidx .ARM.exidx.*)
                0x0000000000002fec                __ARM.exidx_end__ = (__ARM.exidx_start__ + SIZEOF (.ARM.exidx))
                0x0000000000000000                __ARM.exidx_size__ = SIZEOF (.ARM.exidx)
                0x0000000000002fec                __exidx_end = __ARM.exidx_end__
                0x0000000000002fec                __ARM.exidx_load_end__ = __ARM.exidx_end__
                0x0000000000000001                . = ASSERT (((__ARM.exidx_start__ == __ARM.exidx_end__) || ((__ARM.exidx_end__ - __FLASH_segment_start__) <= __FLASH_segment_size__)), error: .ARM.exidx is too large to fit in FLASH memory segment)
                0x0000000000002fec                __fast_load_start__ = ALIGN (__ARM.exidx_end__, 0x4)

.fast           0x0000000020000000        0x0 load address 0x0000000000002fec
                0x0000000020000000                __fast_start__ = .
 *(.fast .fast.*)
                0x0000000020000000                __fast_end__ = (__fast_start__ + SIZEOF (.fast))
                0x0000000000000000                __fast_size__ = SIZEOF (.fast)
                0x0000000000002fec                __fast_load_end__ = (__fast_load_start__ + SIZEOF (.fast))
                0x0000000000000001                . = ASSERT (((__fast_load_start__ == __fast_load_end__) || ((__fast_load_end__ - __FLASH_segment_start__) <= __FLASH_segment_size__)), error: .fast is too large to fit in FLASH memory segment)

.fast_run       0x0000000020000000        0x0
                0x0000000020000000                __fast_run_start__ = .
                0x0000000020000000                . = MAX ((__fast_run_start__ + SIZEOF (.fast)), .)
                0x0000000020000000                __fast_run_end__ = (__fast_run_start__ + SIZEOF (.fast_run))
                0x0000000000000000                __fast_run_size__ = SIZEOF (.fast_run)
                0x0000000020000000                __fast_run_load_end__ = __fast_run_end__
                0x0000000000000001                . = ASSERT (((__fast_run_start__ == __fast_run_end__) || ((__fast_run_end__ - __RAM_segment_start__) <= __RAM_segment_size__)), error: .fast_run is too large to fit in RAM memory segment)
                0x0000000000002fec                __data_load_start__ = ALIGN ((__fast_load_start__ + SIZEOF (.fast)), 0x4)

.data           0x0000000020000000       0x3c load address 0x0000000000002fec
                0x0000000020000000                __data_start__ = .
 *(.data .data.* .gnu.linkonce.d.*)
 .data.m_uart   0x0000000020000000       0x14 Output/spi_pca10056 Release/Obj/nrf_log_backend_uart.o
                0x0000000020000000                m_uart
 .data.log_backend_cb_uart_log_backend
                0x0000000020000014        0x8 Output/spi_pca10056 Release/Obj/nrf_log_default_backends.o
 .data.m_tx_buf
                0x000000002000001c        0x7 Output/spi_pca10056 Release/Obj/main.o
 *fill*         0x0000000020000023        0x1 
 .data.SystemCoreClock
                0x0000000020000024        0x4 Output/spi_pca10056 Release/Obj/system_nrf52840.o
                0x0000000020000024                SystemCoreClock
 .data.libc.__RAL_global_locale
                0x0000000020000028       0x14 C:/Program Files/SEGGER/SEGGER Embedded Studio for ARM 4.22/lib/libc_v7em_fpv4_sp_d16_hard_t_le_eabi.a(libc2.o)
                0x0000000020000028                __RAL_global_locale
                0x000000002000003c                __data_end__ = (__data_start__ + SIZEOF (.data))
                0x000000000000003c                __data_size__ = SIZEOF (.data)
                0x0000000000003028                __data_load_end__ = (__data_load_start__ + SIZEOF (.data))

.igot.plt       0x0000000100000000        0x0
 .igot.plt      0x0000000100000000        0x0 Output/spi_pca10056 Release/Obj/thumb_crt0.o
                0x0000000000000001                . = ASSERT (((__data_load_start__ == __data_load_end__) || ((__data_load_end__ - __FLASH_segment_start__) <= __FLASH_segment_size__)), error: .data is too large to fit in FLASH memory segment)

.data_run       0x0000000020000000       0x3c load address 0x0000000000002fec
                0x0000000020000000                __data_run_start__ = .
                0x000000002000003c                . = MAX ((__data_run_start__ + SIZEOF (.data)), .)
 *fill*         0x0000000020000000       0x3c 
                0x000000002000003c                __data_run_end__ = (__data_run_start__ + SIZEOF (.data_run))
                0x000000000000003c                __data_run_size__ = SIZEOF (.data_run)
                0x000000002000003c                __data_run_load_end__ = __data_run_end__
                0x0000000000000001                . = ASSERT (((__data_run_start__ == __data_run_end__) || ((__data_run_end__ - __RAM_segment_start__) <= __RAM_segment_size__)), error: .data_run is too large to fit in RAM memory segment)
                0x0000000000003028                __tdata_load_start__ = ALIGN ((__data_load_start__ + SIZEOF (.data)), 0x4)

.tdata          0x000000002000003c        0x0 load address 0x0000000000003028
                0x000000002000003c                __tdata_start__ = .
 *(.tdata .tdata.*)
                0x000000002000003c                __tdata_end__ = (__tdata_start__ + SIZEOF (.tdata))
                0x0000000000000000                __tdata_size__ = SIZEOF (.tdata)
                0x0000000000003028                __tdata_load_end__ = (__tdata_load_start__ + SIZEOF (.tdata))
                0x0000000000003028                __FLASH_segment_used_end__ = (ALIGN ((__data_load_start__ + SIZEOF (.data)), 0x4) + SIZEOF (.tdata))
                0x0000000000003028                __FLASH_segment_used_size__ = (__FLASH_segment_used_end__ - __FLASH_segment_start__)
                0x0000000000000001                . = ASSERT (((__tdata_load_start__ == __tdata_load_end__) || ((__tdata_load_end__ - __FLASH_segment_start__) <= __FLASH_segment_size__)), error: .tdata is too large to fit in FLASH memory segment)

.tdata_run      0x000000002000003c        0x0
                0x000000002000003c                __tdata_run_start__ = .
                0x000000002000003c                . = MAX ((__tdata_run_start__ + SIZEOF (.tdata)), .)
                0x000000002000003c                __tdata_run_end__ = (__tdata_run_start__ + SIZEOF (.tdata_run))
                0x0000000000000000                __tdata_run_size__ = SIZEOF (.tdata_run)
                0x000000002000003c                __tdata_run_load_end__ = __tdata_run_end__
                0x0000000000000001                . = ASSERT (((__tdata_run_start__ == __tdata_run_end__) || ((__tdata_run_end__ - __RAM_segment_start__) <= __RAM_segment_size__)), error: .tdata_run is too large to fit in RAM memory segment)
                0x000000002000003c                __bss_load_start__ = ALIGN (__tdata_run_end__, 0x4)

.bss            0x000000002000003c      0x705
                0x000000002000003c                __bss_start__ = .
 *(.bss .bss.* .gnu.linkonce.b.*)
 .bss.m_async_mode
                0x000000002000003c        0x1 Output/spi_pca10056 Release/Obj/nrf_log_backend_uart.o
 .bss.m_string_buff
                0x000000002000003d       0x40 Output/spi_pca10056 Release/Obj/nrf_log_backend_uart.o
 .bss.m_xfer_done
                0x000000002000007d        0x1 Output/spi_pca10056 Release/Obj/nrf_log_backend_uart.o
 *fill*         0x000000002000007e        0x2 
 .bss.log_mempool_nrf_balloc_cb
                0x0000000020000080        0x8 Output/spi_pca10056 Release/Obj/nrf_log_frontend.o
 .bss.log_mempool_nrf_balloc_pool_mem
                0x0000000020000088       0xc0 Output/spi_pca10056 Release/Obj/nrf_log_frontend.o
 .bss.log_mempool_nrf_balloc_pool_stack
                0x0000000020000148        0x8 Output/spi_pca10056 Release/Obj/nrf_log_frontend.o
 .bss.m_log_data
                0x0000000020000150      0x424 Output/spi_pca10056 Release/Obj/nrf_log_frontend.o
 .bss.m_log_push_ringbuf_buf
                0x0000000020000574       0x80 Output/spi_pca10056 Release/Obj/nrf_log_frontend.o
 .bss.m_log_push_ringbuf_cb
                0x00000000200005f4       0x18 Output/spi_pca10056 Release/Obj/nrf_log_frontend.o
 .bss.m_in_critical_region
                0x000000002000060c        0x4 Output/spi_pca10056 Release/Obj/app_util_platform.o
 .bss.m_cb      0x0000000020000610        0x8 Output/spi_pca10056 Release/Obj/drv_rtc.o
 .bss.m_handlers
                0x0000000020000618        0x4 Output/spi_pca10056 Release/Obj/drv_rtc.o
 .bss.m_contexts
                0x000000002000061c       0x10 Output/spi_pca10056 Release/Obj/nrf_drv_spi.o
 .bss.m_handlers
                0x000000002000062c       0x10 Output/spi_pca10056 Release/Obj/nrf_drv_spi.o
 .bss.m_contexts
                0x000000002000063c        0x8 Output/spi_pca10056 Release/Obj/nrf_drv_uart.o
 .bss.m_handlers
                0x0000000020000644        0x8 Output/spi_pca10056 Release/Obj/nrf_drv_uart.o
 .bss.nrf_drv_uart_use_easy_dma
                0x000000002000064c        0x2 Output/spi_pca10056 Release/Obj/nrf_drv_uart.o
                0x000000002000064c                nrf_drv_uart_use_easy_dma
 *fill*         0x000000002000064e        0x2 
 .bss.m_cb      0x0000000020000650       0x6c Output/spi_pca10056 Release/Obj/nrfx_gpiote.o
 .bss.m_prs_box_4
                0x00000000200006bc        0x8 Output/spi_pca10056 Release/Obj/nrfx_prs.o
 .bss.m_cb      0x00000000200006c4       0x24 Output/spi_pca10056 Release/Obj/nrfx_spim.o
 .bss.m_cb      0x00000000200006e8       0x2c Output/spi_pca10056 Release/Obj/nrfx_uart.o
 .bss.m_cb      0x0000000020000714       0x24 Output/spi_pca10056 Release/Obj/nrfx_uarte.o
 .bss.m_rx_buf  0x0000000020000738        0x8 Output/spi_pca10056 Release/Obj/main.o
 .bss.spi_xfer_done
                0x0000000020000740        0x1 Output/spi_pca10056 Release/Obj/main.o
 *(COMMON)
                0x0000000020000741                __bss_end__ = (__bss_start__ + SIZEOF (.bss))
                0x0000000000000705                __bss_size__ = SIZEOF (.bss)
                0x0000000020000741                __bss_load_end__ = __bss_end__
                0x0000000000000001                . = ASSERT (((__bss_start__ == __bss_end__) || ((__bss_end__ - __RAM_segment_start__) <= __RAM_segment_size__)), error: .bss is too large to fit in RAM memory segment)
                0x0000000020000744                __tbss_load_start__ = ALIGN (__bss_end__, 0x4)

.tbss           0x0000000020000744        0x0
                0x0000000020000744                __tbss_start__ = .
 *(.tbss .tbss.*)
                0x0000000020000744                __tbss_end__ = (__tbss_start__ + SIZEOF (.tbss))
                0x0000000000000000                __tbss_size__ = SIZEOF (.tbss)
                0x0000000020000744                __tbss_load_end__ = __tbss_end__
                0x0000000000000001                . = ASSERT (((__tbss_start__ == __tbss_end__) || ((__tbss_end__ - __RAM_segment_start__) <= __RAM_segment_size__)), error: .tbss is too large to fit in RAM memory segment)
                0x0000000020000744                __non_init_load_start__ = ALIGN (__tbss_end__, 0x4)

.non_init       0x0000000020000744        0x0
                0x0000000020000744                __non_init_start__ = .
 *(.non_init .non_init.*)
                0x0000000020000744                __non_init_end__ = (__non_init_start__ + SIZEOF (.non_init))
                0x0000000000000000                __non_init_size__ = SIZEOF (.non_init)
                0x0000000020000744                __non_init_load_end__ = __non_init_end__
                0x0000000000000001                . = ASSERT (((__non_init_start__ == __non_init_end__) || ((__non_init_end__ - __RAM_segment_start__) <= __RAM_segment_size__)), error: .non_init is too large to fit in RAM memory segment)
                0x0000000020000744                __heap_load_start__ = ALIGN (__non_init_end__, 0x4)

.heap           0x0000000020000744     0x2000
                0x0000000020000744                __heap_start__ = .
 *(.heap .heap.*)
                0x0000000020002744                . = ALIGN (MAX ((__heap_start__ + __HEAPSIZE__), .), 0x4)
 *fill*         0x0000000020000744     0x2000 
                0x0000000020002744                __heap_end__ = (__heap_start__ + SIZEOF (.heap))
                0x0000000000002000                __heap_size__ = SIZEOF (.heap)
                0x0000000020002744                __heap_load_end__ = __heap_end__
                0x0000000000000001                . = ASSERT (((__heap_start__ == __heap_end__) || ((__heap_end__ - __RAM_segment_start__) <= __RAM_segment_size__)), error: .heap is too large to fit in RAM memory segment)
                0x000000002003e000                __stack_load_start__ = (__RAM_segment_start__ + (__RAM_segment_size__ - 0x2000))

.stack          0x000000002003e000     0x2000
                0x000000002003e000                __stack_start__ = .
                0x000000002003e000                __StackLimit = __stack_start__
 *(.stack .stack.*)
                0x0000000020040000                . = ALIGN (MAX ((__stack_start__ + __STACKSIZE__), .), 0x8)
 *fill*         0x000000002003e000     0x2000 
                0x0000000020040000                __stack_end__ = (__stack_start__ + SIZEOF (.stack))
                0x0000000000002000                __stack_size__ = SIZEOF (.stack)
                0x0000000020040000                __StackTop = __stack_end__
                0x0000000020040000                __stack_load_end__ = __stack_end__
                0x0000000000000001                . = ASSERT (((__stack_start__ == __stack_end__) || ((__stack_end__ - __RAM_segment_start__) <= __RAM_segment_size__)), error: .stack is too large to fit in RAM memory segment)
                0x0000000000000001                . = ASSERT ((__heap_end__ <= __stack_start__), error: section .heap overlaps absolute placed section .stack)
                0x0000000020040000                __stack_process_load_start__ = ALIGN (__stack_end__, 0x8)

.stack_process  0x0000000020040000        0x0
                0x0000000020040000                __stack_process_start__ = .
 *(.stack_process .stack_process.*)
                0x0000000020040000                . = ALIGN (MAX ((__stack_process_start__ + __STACKSIZE_PROCESS__), .), 0x8)
                0x0000000020040000                __stack_process_end__ = (__stack_process_start__ + SIZEOF (.stack_process))
                0x0000000000000000                __stack_process_size__ = SIZEOF (.stack_process)
                0x0000000020040000                __stack_process_load_end__ = __stack_process_end__
                0x0000000020040000                __RAM_segment_used_end__ = (ALIGN (__stack_end__, 0x8) + SIZEOF (.stack_process))
                0x0000000000040000                __RAM_segment_used_size__ = (__RAM_segment_used_end__ - __RAM_segment_start__)
                0x0000000000000001                . = ASSERT (((__stack_process_start__ == __stack_process_end__) || ((__stack_process_end__ - __RAM_segment_start__) <= __RAM_segment_size__)), error: .stack_process is too large to fit in RAM memory segment)
START GROUP
LOAD Output/spi_pca10056 Release/Obj/thumb_crt0.o
LOAD Output/spi_pca10056 Release/Obj/nrf_log_backend_rtt.o
LOAD Output/spi_pca10056 Release/Obj/nrf_log_backend_serial.o
LOAD Output/spi_pca10056 Release/Obj/nrf_log_backend_uart.o
LOAD Output/spi_pca10056 Release/Obj/nrf_log_default_backends.o
LOAD Output/spi_pca10056 Release/Obj/nrf_log_frontend.o
LOAD Output/spi_pca10056 Release/Obj/nrf_log_str_formatter.o
LOAD Output/spi_pca10056 Release/Obj/boards.o
LOAD Output/spi_pca10056 Release/Obj/app_button.o
LOAD Output/spi_pca10056 Release/Obj/app_error.o
LOAD Output/spi_pca10056 Release/Obj/app_error_handler_gcc.o
LOAD Output/spi_pca10056 Release/Obj/app_error_weak.o
LOAD Output/spi_pca10056 Release/Obj/app_scheduler.o
LOAD Output/spi_pca10056 Release/Obj/app_timer2.o
LOAD Output/spi_pca10056 Release/Obj/app_util_platform.o
LOAD Output/spi_pca10056 Release/Obj/drv_rtc.o
LOAD Output/spi_pca10056 Release/Obj/nrf_assert.o
LOAD Output/spi_pca10056 Release/Obj/nrf_atfifo.o
LOAD Output/spi_pca10056 Release/Obj/nrf_atomic.o
LOAD Output/spi_pca10056 Release/Obj/nrf_balloc.o
LOAD Output/spi_pca10056 Release/Obj/nrf_fprintf.o
LOAD Output/spi_pca10056 Release/Obj/nrf_fprintf_format.o
LOAD Output/spi_pca10056 Release/Obj/nrf_memobj.o
LOAD Output/spi_pca10056 Release/Obj/nrf_ringbuf.o
LOAD Output/spi_pca10056 Release/Obj/nrf_sortlist.o
LOAD Output/spi_pca10056 Release/Obj/nrf_strerror.o
LOAD Output/spi_pca10056 Release/Obj/nrf_drv_spi.o
LOAD Output/spi_pca10056 Release/Obj/nrf_drv_uart.o
LOAD Output/spi_pca10056 Release/Obj/nrfx_atomic.o
LOAD Output/spi_pca10056 Release/Obj/nrfx_gpiote.o
LOAD Output/spi_pca10056 Release/Obj/nrfx_prs.o
LOAD Output/spi_pca10056 Release/Obj/nrfx_spi.o
LOAD Output/spi_pca10056 Release/Obj/nrfx_spim.o
LOAD Output/spi_pca10056 Release/Obj/nrfx_uart.o
LOAD Output/spi_pca10056 Release/Obj/nrfx_uarte.o
LOAD Output/spi_pca10056 Release/Obj/bsp.o
LOAD Output/spi_pca10056 Release/Obj/main.o
LOAD Output/spi_pca10056 Release/Obj/SEGGER_RTT.o
LOAD Output/spi_pca10056 Release/Obj/SEGGER_RTT_Syscalls_SES.o
LOAD Output/spi_pca10056 Release/Obj/SEGGER_RTT_printf.o
LOAD Output/spi_pca10056 Release/Obj/ses_startup_nrf52840.o
LOAD Output/spi_pca10056 Release/Obj/ses_startup_nrf_common.o
LOAD Output/spi_pca10056 Release/Obj/system_nrf52840.o
LOAD C:/Program Files/SEGGER/SEGGER Embedded Studio for ARM 4.22/lib/libdebugio_mempoll_v7em_fpv4_sp_d16_hard_t_le_eabi.a
LOAD C:/Program Files/SEGGER/SEGGER Embedded Studio for ARM 4.22/lib/libm_v7em_fpv4_sp_d16_hard_t_le_eabi.a
LOAD C:/Program Files/SEGGER/SEGGER Embedded Studio for ARM 4.22/lib/libc_v7em_fpv4_sp_d16_hard_t_le_eabi.a
LOAD C:/Program Files/SEGGER/SEGGER Embedded Studio for ARM 4.22/lib/libcpp_v7em_fpv4_sp_d16_hard_t_le_eabi.a
LOAD C:/Program Files/SEGGER/SEGGER Embedded Studio for ARM 4.22/lib/libdebugio_v7em_fpv4_sp_d16_hard_t_le_eabi.a
LOAD C:/Program Files/SEGGER/SEGGER Embedded Studio for ARM 4.22/lib/libvfprintf_v7em_fpv4_sp_d16_hard_t_le_eabi.o
LOAD C:/Program Files/SEGGER/SEGGER Embedded Studio for ARM 4.22/lib/libvfscanf_v7em_fpv4_sp_d16_hard_t_le_eabi.o
END GROUP
OUTPUT(Output/Release/Exe/spi_pca10056.elf elf32-littlearm)

.ARM.attributes
                0x0000000000000000       0x35
 .ARM.attributes
                0x0000000000000000       0x25 Output/spi_pca10056 Release/Obj/thumb_crt0.o
 .ARM.attributes
                0x0000000000000025       0x39 Output/spi_pca10056 Release/Obj/nrf_log_backend_serial.o
 .ARM.attributes
                0x000000000000005e       0x39 Output/spi_pca10056 Release/Obj/nrf_log_backend_uart.o
 .ARM.attributes
                0x0000000000000097       0x39 Output/spi_pca10056 Release/Obj/nrf_log_default_backends.o
 .ARM.attributes
                0x00000000000000d0       0x39 Output/spi_pca10056 Release/Obj/nrf_log_frontend.o
 .ARM.attributes
                0x0000000000000109       0x39 Output/spi_pca10056 Release/Obj/nrf_log_str_formatter.o
 .ARM.attributes
                0x0000000000000142       0x39 Output/spi_pca10056 Release/Obj/boards.o
 .ARM.attributes
                0x000000000000017b       0x39 Output/spi_pca10056 Release/Obj/app_button.o
 .ARM.attributes
                0x00000000000001b4       0x39 Output/spi_pca10056 Release/Obj/app_error.o
 .ARM.attributes
                0x00000000000001ed       0x39 Output/spi_pca10056 Release/Obj/app_error_weak.o
 .ARM.attributes
                0x0000000000000226       0x39 Output/spi_pca10056 Release/Obj/app_timer2.o
 .ARM.attributes
                0x000000000000025f       0x39 Output/spi_pca10056 Release/Obj/app_util_platform.o
 .ARM.attributes
                0x0000000000000298       0x39 Output/spi_pca10056 Release/Obj/drv_rtc.o
 .ARM.attributes
                0x00000000000002d1       0x39 Output/spi_pca10056 Release/Obj/nrf_atomic.o
 .ARM.attributes
                0x000000000000030a       0x39 Output/spi_pca10056 Release/Obj/nrf_balloc.o
 .ARM.attributes
                0x0000000000000343       0x39 Output/spi_pca10056 Release/Obj/nrf_fprintf.o
 .ARM.attributes
                0x000000000000037c       0x39 Output/spi_pca10056 Release/Obj/nrf_fprintf_format.o
 .ARM.attributes
                0x00000000000003b5       0x39 Output/spi_pca10056 Release/Obj/nrf_memobj.o
 .ARM.attributes
                0x00000000000003ee       0x39 Output/spi_pca10056 Release/Obj/nrf_ringbuf.o
 .ARM.attributes
                0x0000000000000427       0x39 Output/spi_pca10056 Release/Obj/nrf_sortlist.o
 .ARM.attributes
                0x0000000000000460       0x39 Output/spi_pca10056 Release/Obj/nrf_drv_spi.o
 .ARM.attributes
                0x0000000000000499       0x39 Output/spi_pca10056 Release/Obj/nrf_drv_uart.o
 .ARM.attributes
                0x00000000000004d2       0x39 Output/spi_pca10056 Release/Obj/nrfx_gpiote.o
 .ARM.attributes
                0x000000000000050b       0x39 Output/spi_pca10056 Release/Obj/nrfx_prs.o
 .ARM.attributes
                0x0000000000000544       0x39 Output/spi_pca10056 Release/Obj/nrfx_spim.o
 .ARM.attributes
                0x000000000000057d       0x39 Output/spi_pca10056 Release/Obj/nrfx_uart.o
 .ARM.attributes
                0x00000000000005b6       0x39 Output/spi_pca10056 Release/Obj/nrfx_uarte.o
 .ARM.attributes
                0x00000000000005ef       0x39 Output/spi_pca10056 Release/Obj/main.o
 .ARM.attributes
                0x0000000000000628       0x25 Output/spi_pca10056 Release/Obj/ses_startup_nrf52840.o
 .ARM.attributes
                0x000000000000064d       0x25 Output/spi_pca10056 Release/Obj/ses_startup_nrf_common.o
 .ARM.attributes
                0x0000000000000672       0x39 Output/spi_pca10056 Release/Obj/system_nrf52840.o
 .ARM.attributes
                0x00000000000006ab       0x34 C:/Program Files/SEGGER/SEGGER Embedded Studio for ARM 4.22/lib/libc_v7em_fpv4_sp_d16_hard_t_le_eabi.a(libc2.o)
 .ARM.attributes
                0x00000000000006df       0x20 C:/Program Files/SEGGER/SEGGER Embedded Studio for ARM 4.22/lib/libc_v7em_fpv4_sp_d16_hard_t_le_eabi.a(libc2_asm.o)

.comment        0x0000000000000000       0x43
 .comment       0x0000000000000000       0x43 Output/spi_pca10056 Release/Obj/nrf_log_backend_serial.o
                                         0x44 (size before relaxing)
 .comment       0x0000000000000043       0x44 Output/spi_pca10056 Release/Obj/nrf_log_backend_uart.o
 .comment       0x0000000000000043       0x44 Output/spi_pca10056 Release/Obj/nrf_log_default_backends.o
 .comment       0x0000000000000043       0x44 Output/spi_pca10056 Release/Obj/nrf_log_frontend.o
 .comment       0x0000000000000043       0x44 Output/spi_pca10056 Release/Obj/nrf_log_str_formatter.o
 .comment       0x0000000000000043       0x44 Output/spi_pca10056 Release/Obj/boards.o
 .comment       0x0000000000000043       0x44 Output/spi_pca10056 Release/Obj/app_button.o
 .comment       0x0000000000000043       0x44 Output/spi_pca10056 Release/Obj/app_error.o
 .comment       0x0000000000000043       0x44 Output/spi_pca10056 Release/Obj/app_error_weak.o
 .comment       0x0000000000000043       0x44 Output/spi_pca10056 Release/Obj/app_timer2.o
 .comment       0x0000000000000043       0x44 Output/spi_pca10056 Release/Obj/app_util_platform.o
 .comment       0x0000000000000043       0x44 Output/spi_pca10056 Release/Obj/drv_rtc.o
 .comment       0x0000000000000043       0x44 Output/spi_pca10056 Release/Obj/nrf_atomic.o
 .comment       0x0000000000000043       0x44 Output/spi_pca10056 Release/Obj/nrf_balloc.o
 .comment       0x0000000000000043       0x44 Output/spi_pca10056 Release/Obj/nrf_fprintf.o
 .comment       0x0000000000000043       0x44 Output/spi_pca10056 Release/Obj/nrf_fprintf_format.o
 .comment       0x0000000000000043       0x44 Output/spi_pca10056 Release/Obj/nrf_memobj.o
 .comment       0x0000000000000043       0x44 Output/spi_pca10056 Release/Obj/nrf_ringbuf.o
 .comment       0x0000000000000043       0x44 Output/spi_pca10056 Release/Obj/nrf_sortlist.o
 .comment       0x0000000000000043       0x44 Output/spi_pca10056 Release/Obj/nrf_drv_spi.o
 .comment       0x0000000000000043       0x44 Output/spi_pca10056 Release/Obj/nrf_drv_uart.o
 .comment       0x0000000000000043       0x44 Output/spi_pca10056 Release/Obj/nrfx_gpiote.o
 .comment       0x0000000000000043       0x44 Output/spi_pca10056 Release/Obj/nrfx_prs.o
 .comment       0x0000000000000043       0x44 Output/spi_pca10056 Release/Obj/nrfx_spim.o
 .comment       0x0000000000000043       0x44 Output/spi_pca10056 Release/Obj/nrfx_uart.o
 .comment       0x0000000000000043       0x44 Output/spi_pca10056 Release/Obj/nrfx_uarte.o
 .comment       0x0000000000000043       0x44 Output/spi_pca10056 Release/Obj/main.o
 .comment       0x0000000000000043       0x44 Output/spi_pca10056 Release/Obj/system_nrf52840.o
 .comment       0x0000000000000043       0x44 C:/Program Files/SEGGER/SEGGER Embedded Studio for ARM 4.22/lib/libc_v7em_fpv4_sp_d16_hard_t_le_eabi.a(libc2.o)

.debug_line     0x0000000000000000    0x12725
 .debug_line    0x0000000000000000      0x1ed Output/spi_pca10056 Release/Obj/thumb_crt0.o
 .debug_line    0x00000000000001ed      0x6e1 Output/spi_pca10056 Release/Obj/nrf_log_backend_serial.o
 .debug_line    0x00000000000008ce      0x976 Output/spi_pca10056 Release/Obj/nrf_log_backend_uart.o
 .debug_line    0x0000000000001244      0x5df Output/spi_pca10056 Release/Obj/nrf_log_default_backends.o
 .debug_line    0x0000000000001823     0x129c Output/spi_pca10056 Release/Obj/nrf_log_frontend.o
 .debug_line    0x0000000000002abf      0x7c8 Output/spi_pca10056 Release/Obj/nrf_log_str_formatter.o
 .debug_line    0x0000000000003287      0xa9f Output/spi_pca10056 Release/Obj/boards.o
 .debug_line    0x0000000000003d26      0xcd7 Output/spi_pca10056 Release/Obj/app_button.o
 .debug_line    0x00000000000049fd      0x3d3 Output/spi_pca10056 Release/Obj/app_error.o
 .debug_line    0x0000000000004dd0      0x6f9 Output/spi_pca10056 Release/Obj/app_error_weak.o
 .debug_line    0x00000000000054c9      0xd4e Output/spi_pca10056 Release/Obj/app_timer2.o
 .debug_line    0x0000000000006217      0x458 Output/spi_pca10056 Release/Obj/app_util_platform.o
 .debug_line    0x000000000000666f     0x10e4 Output/spi_pca10056 Release/Obj/drv_rtc.o
 .debug_line    0x0000000000007753      0x62a Output/spi_pca10056 Release/Obj/nrf_atomic.o
 .debug_line    0x0000000000007d7d      0x6c3 Output/spi_pca10056 Release/Obj/nrf_balloc.o
 .debug_line    0x0000000000008440      0x3fe Output/spi_pca10056 Release/Obj/nrf_fprintf.o
 .debug_line    0x000000000000883e      0x843 Output/spi_pca10056 Release/Obj/nrf_fprintf_format.o
 .debug_line    0x0000000000009081      0x7eb Output/spi_pca10056 Release/Obj/nrf_memobj.o
 .debug_line    0x000000000000986c      0x789 Output/spi_pca10056 Release/Obj/nrf_ringbuf.o
 .debug_line    0x0000000000009ff5      0x5f3 Output/spi_pca10056 Release/Obj/nrf_sortlist.o
 .debug_line    0x000000000000a5e8      0x655 Output/spi_pca10056 Release/Obj/nrf_drv_spi.o
 .debug_line    0x000000000000ac3d      0x693 Output/spi_pca10056 Release/Obj/nrf_drv_uart.o
 .debug_line    0x000000000000b2d0     0x1b99 Output/spi_pca10056 Release/Obj/nrfx_gpiote.o
 .debug_line    0x000000000000ce69      0x756 Output/spi_pca10056 Release/Obj/nrfx_prs.o
 .debug_line    0x000000000000d5bf     0x11d8 Output/spi_pca10056 Release/Obj/nrfx_spim.o
 .debug_line    0x000000000000e797     0x178f Output/spi_pca10056 Release/Obj/nrfx_uart.o
 .debug_line    0x000000000000ff26     0x16dc Output/spi_pca10056 Release/Obj/nrfx_uarte.o
 .debug_line    0x0000000000011602      0xab1 Output/spi_pca10056 Release/Obj/main.o
 .debug_line    0x00000000000120b3       0xa2 Output/spi_pca10056 Release/Obj/ses_startup_nrf52840.o
 .debug_line    0x0000000000012155       0xc1 Output/spi_pca10056 Release/Obj/ses_startup_nrf_common.o
 .debug_line    0x0000000000012216      0x50f Output/spi_pca10056 Release/Obj/system_nrf52840.o

.debug_info     0x0000000000000000    0x28f26
 .debug_info    0x0000000000000000       0x22 Output/spi_pca10056 Release/Obj/thumb_crt0.o
 .debug_info    0x0000000000000022      0xea0 Output/spi_pca10056 Release/Obj/nrf_log_backend_serial.o
 .debug_info    0x0000000000000ec2     0x18d1 Output/spi_pca10056 Release/Obj/nrf_log_backend_uart.o
 .debug_info    0x0000000000002793      0xa1a Output/spi_pca10056 Release/Obj/nrf_log_default_backends.o
 .debug_info    0x00000000000031ad     0x29d0 Output/spi_pca10056 Release/Obj/nrf_log_frontend.o
 .debug_info    0x0000000000005b7d     0x103d Output/spi_pca10056 Release/Obj/nrf_log_str_formatter.o
 .debug_info    0x0000000000006bba     0x1305 Output/spi_pca10056 Release/Obj/boards.o
 .debug_info    0x0000000000007ebf     0x1276 Output/spi_pca10056 Release/Obj/app_button.o
 .debug_info    0x0000000000009135      0x876 Output/spi_pca10056 Release/Obj/app_error.o
 .debug_info    0x00000000000099ab      0xca7 Output/spi_pca10056 Release/Obj/app_error_weak.o
 .debug_info    0x000000000000a652     0x1bc4 Output/spi_pca10056 Release/Obj/app_timer2.o
 .debug_info    0x000000000000c216      0xd7f Output/spi_pca10056 Release/Obj/app_util_platform.o
 .debug_info    0x000000000000cf95     0x26ad Output/spi_pca10056 Release/Obj/drv_rtc.o
 .debug_info    0x000000000000f642      0xf1b Output/spi_pca10056 Release/Obj/nrf_atomic.o
 .debug_info    0x000000000001055d      0xae8 Output/spi_pca10056 Release/Obj/nrf_balloc.o
 .debug_info    0x0000000000011045      0x7e4 Output/spi_pca10056 Release/Obj/nrf_fprintf.o
 .debug_info    0x0000000000011829      0xcc6 Output/spi_pca10056 Release/Obj/nrf_fprintf_format.o
 .debug_info    0x00000000000124ef      0xffc Output/spi_pca10056 Release/Obj/nrf_memobj.o
 .debug_info    0x00000000000134eb      0xc18 Output/spi_pca10056 Release/Obj/nrf_ringbuf.o
 .debug_info    0x0000000000014103      0xa00 Output/spi_pca10056 Release/Obj/nrf_sortlist.o
 .debug_info    0x0000000000014b03     0x1507 Output/spi_pca10056 Release/Obj/nrf_drv_spi.o
 .debug_info    0x000000000001600a     0x17ae Output/spi_pca10056 Release/Obj/nrf_drv_uart.o
 .debug_info    0x00000000000177b8     0x3bbc Output/spi_pca10056 Release/Obj/nrfx_gpiote.o
 .debug_info    0x000000000001b374      0xe6d Output/spi_pca10056 Release/Obj/nrfx_prs.o
 .debug_info    0x000000000001c1e1     0x2e62 Output/spi_pca10056 Release/Obj/nrfx_spim.o
 .debug_info    0x000000000001f043     0x37a9 Output/spi_pca10056 Release/Obj/nrfx_uart.o
 .debug_info    0x00000000000227ec     0x38f6 Output/spi_pca10056 Release/Obj/nrfx_uarte.o
 .debug_info    0x00000000000260e2     0x194b Output/spi_pca10056 Release/Obj/main.o
 .debug_info    0x0000000000027a2d       0x26 Output/spi_pca10056 Release/Obj/ses_startup_nrf52840.o
 .debug_info    0x0000000000027a53       0x26 Output/spi_pca10056 Release/Obj/ses_startup_nrf_common.o
 .debug_info    0x0000000000027a79     0x14ad Output/spi_pca10056 Release/Obj/system_nrf52840.o

.debug_abbrev   0x0000000000000000     0x5e3f
 .debug_abbrev  0x0000000000000000       0x12 Output/spi_pca10056 Release/Obj/thumb_crt0.o
 .debug_abbrev  0x0000000000000012      0x26b Output/spi_pca10056 Release/Obj/nrf_log_backend_serial.o
 .debug_abbrev  0x000000000000027d      0x38e Output/spi_pca10056 Release/Obj/nrf_log_backend_uart.o
 .debug_abbrev  0x000000000000060b      0x206 Output/spi_pca10056 Release/Obj/nrf_log_default_backends.o
 .debug_abbrev  0x0000000000000811      0x609 Output/spi_pca10056 Release/Obj/nrf_log_frontend.o
 .debug_abbrev  0x0000000000000e1a      0x2a7 Output/spi_pca10056 Release/Obj/nrf_log_str_formatter.o
 .debug_abbrev  0x00000000000010c1      0x3a4 Output/spi_pca10056 Release/Obj/boards.o
 .debug_abbrev  0x0000000000001465      0x3e0 Output/spi_pca10056 Release/Obj/app_button.o
 .debug_abbrev  0x0000000000001845      0x1d8 Output/spi_pca10056 Release/Obj/app_error.o
 .debug_abbrev  0x0000000000001a1d      0x26a Output/spi_pca10056 Release/Obj/app_error_weak.o
 .debug_abbrev  0x0000000000001c87      0x4fa Output/spi_pca10056 Release/Obj/app_timer2.o
 .debug_abbrev  0x0000000000002181      0x2be Output/spi_pca10056 Release/Obj/app_util_platform.o
 .debug_abbrev  0x000000000000243f      0x542 Output/spi_pca10056 Release/Obj/drv_rtc.o
 .debug_abbrev  0x0000000000002981      0x263 Output/spi_pca10056 Release/Obj/nrf_atomic.o
 .debug_abbrev  0x0000000000002be4      0x29d Output/spi_pca10056 Release/Obj/nrf_balloc.o
 .debug_abbrev  0x0000000000002e81      0x1de Output/spi_pca10056 Release/Obj/nrf_fprintf.o
 .debug_abbrev  0x000000000000305f      0x368 Output/spi_pca10056 Release/Obj/nrf_fprintf_format.o
 .debug_abbrev  0x00000000000033c7      0x281 Output/spi_pca10056 Release/Obj/nrf_memobj.o
 .debug_abbrev  0x0000000000003648      0x1e7 Output/spi_pca10056 Release/Obj/nrf_ringbuf.o
 .debug_abbrev  0x000000000000382f      0x1dc Output/spi_pca10056 Release/Obj/nrf_sortlist.o
 .debug_abbrev  0x0000000000003a0b      0x2b9 Output/spi_pca10056 Release/Obj/nrf_drv_spi.o
 .debug_abbrev  0x0000000000003cc4      0x274 Output/spi_pca10056 Release/Obj/nrf_drv_uart.o
 .debug_abbrev  0x0000000000003f38      0x5d8 Output/spi_pca10056 Release/Obj/nrfx_gpiote.o
 .debug_abbrev  0x0000000000004510      0x2f0 Output/spi_pca10056 Release/Obj/nrfx_prs.o
 .debug_abbrev  0x0000000000004800      0x4a4 Output/spi_pca10056 Release/Obj/nrfx_spim.o
 .debug_abbrev  0x0000000000004ca4      0x5b9 Output/spi_pca10056 Release/Obj/nrfx_uart.o
 .debug_abbrev  0x000000000000525d      0x52a Output/spi_pca10056 Release/Obj/nrfx_uarte.o
 .debug_abbrev  0x0000000000005787      0x429 Output/spi_pca10056 Release/Obj/main.o
 .debug_abbrev  0x0000000000005bb0       0x14 Output/spi_pca10056 Release/Obj/ses_startup_nrf52840.o
 .debug_abbrev  0x0000000000005bc4       0x14 Output/spi_pca10056 Release/Obj/ses_startup_nrf_common.o
 .debug_abbrev  0x0000000000005bd8      0x267 Output/spi_pca10056 Release/Obj/system_nrf52840.o

.debug_aranges  0x0000000000000000      0xa90
 .debug_aranges
                0x0000000000000000       0x80 Output/spi_pca10056 Release/Obj/thumb_crt0.o
 .debug_aranges
                0x0000000000000080       0x20 Output/spi_pca10056 Release/Obj/nrf_log_backend_serial.o
 .debug_aranges
                0x00000000000000a0       0x50 Output/spi_pca10056 Release/Obj/nrf_log_backend_uart.o
 .debug_aranges
                0x00000000000000f0       0x20 Output/spi_pca10056 Release/Obj/nrf_log_default_backends.o
 .debug_aranges
                0x0000000000000110       0xd0 Output/spi_pca10056 Release/Obj/nrf_log_frontend.o
 .debug_aranges
                0x00000000000001e0       0x40 Output/spi_pca10056 Release/Obj/nrf_log_str_formatter.o
 .debug_aranges
                0x0000000000000220       0x78 Output/spi_pca10056 Release/Obj/boards.o
 .debug_aranges
                0x0000000000000298       0x70 Output/spi_pca10056 Release/Obj/app_button.o
 .debug_aranges
                0x0000000000000308       0x28 Output/spi_pca10056 Release/Obj/app_error.o
 .debug_aranges
                0x0000000000000330       0x20 Output/spi_pca10056 Release/Obj/app_error_weak.o
 .debug_aranges
                0x0000000000000350       0x88 Output/spi_pca10056 Release/Obj/app_timer2.o
 .debug_aranges
                0x00000000000003d8       0x48 Output/spi_pca10056 Release/Obj/app_util_platform.o
 .debug_aranges
                0x0000000000000420       0xb0 Output/spi_pca10056 Release/Obj/drv_rtc.o
 .debug_aranges
                0x00000000000004d0       0xb0 Output/spi_pca10056 Release/Obj/nrf_atomic.o
 .debug_aranges
                0x0000000000000580       0x30 Output/spi_pca10056 Release/Obj/nrf_balloc.o
 .debug_aranges
                0x00000000000005b0       0x28 Output/spi_pca10056 Release/Obj/nrf_fprintf.o
 .debug_aranges
                0x00000000000005d8       0x30 Output/spi_pca10056 Release/Obj/nrf_fprintf_format.o
 .debug_aranges
                0x0000000000000608       0x58 Output/spi_pca10056 Release/Obj/nrf_memobj.o
 .debug_aranges
                0x0000000000000660       0x50 Output/spi_pca10056 Release/Obj/nrf_ringbuf.o
 .debug_aranges
                0x00000000000006b0       0x40 Output/spi_pca10056 Release/Obj/nrf_sortlist.o
 .debug_aranges
                0x00000000000006f0       0x28 Output/spi_pca10056 Release/Obj/nrf_drv_spi.o
 .debug_aranges
                0x0000000000000718       0x30 Output/spi_pca10056 Release/Obj/nrf_drv_uart.o
 .debug_aranges
                0x0000000000000748       0xf8 Output/spi_pca10056 Release/Obj/nrfx_gpiote.o
 .debug_aranges
                0x0000000000000840       0x30 Output/spi_pca10056 Release/Obj/nrfx_prs.o
 .debug_aranges
                0x0000000000000870       0x60 Output/spi_pca10056 Release/Obj/nrfx_spim.o
 .debug_aranges
                0x00000000000008d0       0xa8 Output/spi_pca10056 Release/Obj/nrfx_uart.o
 .debug_aranges
                0x0000000000000978       0x80 Output/spi_pca10056 Release/Obj/nrfx_uarte.o
 .debug_aranges
                0x00000000000009f8       0x28 Output/spi_pca10056 Release/Obj/main.o
 .debug_aranges
                0x0000000000000a20       0x20 Output/spi_pca10056 Release/Obj/ses_startup_nrf52840.o
 .debug_aranges
                0x0000000000000a40       0x20 Output/spi_pca10056 Release/Obj/ses_startup_nrf_common.o
 .debug_aranges
                0x0000000000000a60       0x30 Output/spi_pca10056 Release/Obj/system_nrf52840.o

.debug_str      0x0000000000000000    0x929b8
 .debug_str     0x0000000000000000       0xc6 Output/spi_pca10056 Release/Obj/thumb_crt0.o
 .debug_str     0x00000000000000c6    0x81a23 Output/spi_pca10056 Release/Obj/nrf_log_backend_serial.o
                                      0x82dfb (size before relaxing)
 .debug_str     0x0000000000081ae9     0x4785 Output/spi_pca10056 Release/Obj/nrf_log_backend_uart.o
                                      0x87032 (size before relaxing)
 .debug_str     0x000000000008626e      0x147 Output/spi_pca10056 Release/Obj/nrf_log_default_backends.o
                                      0x82bb7 (size before relaxing)
 .debug_str     0x00000000000863b5     0x138a Output/spi_pca10056 Release/Obj/nrf_log_frontend.o
                                      0x8405d (size before relaxing)
 .debug_str     0x000000000008773f      0x304 Output/spi_pca10056 Release/Obj/nrf_log_str_formatter.o
                                      0x82f4d (size before relaxing)
 .debug_str     0x0000000000087a43     0x17e5 Output/spi_pca10056 Release/Obj/boards.o
                                      0x83bce (size before relaxing)
 .debug_str     0x0000000000089228     0x19ed Output/spi_pca10056 Release/Obj/app_button.o
                                      0x86dd6 (size before relaxing)
 .debug_str     0x000000000008ac15      0x11f Output/spi_pca10056 Release/Obj/app_error.o
                                      0x74843 (size before relaxing)
 .debug_str     0x000000000008ad34      0x104 Output/spi_pca10056 Release/Obj/app_error_weak.o
                                      0x83280 (size before relaxing)
 .debug_str     0x000000000008ae38     0x115c Output/spi_pca10056 Release/Obj/app_timer2.o
                                      0x86ac9 (size before relaxing)
 .debug_str     0x000000000008bf94      0x228 Output/spi_pca10056 Release/Obj/app_util_platform.o
                                      0x75095 (size before relaxing)
 .debug_str     0x000000000008c1bc      0x7eb Output/spi_pca10056 Release/Obj/drv_rtc.o
                                      0x8643d (size before relaxing)
 .debug_str     0x000000000008c9a7      0x6e4 Output/spi_pca10056 Release/Obj/nrf_atomic.o
                                      0x7f297 (size before relaxing)
 .debug_str     0x000000000008d08b      0x17f Output/spi_pca10056 Release/Obj/nrf_balloc.o
                                      0x82bd4 (size before relaxing)
 .debug_str     0x000000000008d20a      0x12d Output/spi_pca10056 Release/Obj/nrf_fprintf.o
                                      0x7ee31 (size before relaxing)
 .debug_str     0x000000000008d337      0x53c Output/spi_pca10056 Release/Obj/nrf_fprintf_format.o
                                      0x7f31a (size before relaxing)
 .debug_str     0x000000000008d873      0x1d0 Output/spi_pca10056 Release/Obj/nrf_memobj.o
                                      0x80f64 (size before relaxing)
 .debug_str     0x000000000008da43      0x107 Output/spi_pca10056 Release/Obj/nrf_ringbuf.o
                                      0x7f68a (size before relaxing)
 .debug_str     0x000000000008db4a       0xf7 Output/spi_pca10056 Release/Obj/nrf_sortlist.o
                                      0x817b0 (size before relaxing)
 .debug_str     0x000000000008dc41     0x1613 Output/spi_pca10056 Release/Obj/nrf_drv_spi.o
                                      0x83b6a (size before relaxing)
 .debug_str     0x000000000008f254      0x47c Output/spi_pca10056 Release/Obj/nrf_drv_uart.o
                                      0x8383e (size before relaxing)
 .debug_str     0x000000000008f6d0     0x1007 Output/spi_pca10056 Release/Obj/nrfx_gpiote.o
                                      0x87615 (size before relaxing)